This is pdfTeX, Version 3.141592653-2.6-1.40.22 (TeX Live 2022/dev/Debian) (preloaded format=pdflatex)
 restricted \write18 enabled.
entering extended mode
(./kbound.tex
LaTeX2e <2021-11-15> patch level 1
L3 programming layer <2022-01-21>
(/usr/share/texlive/texmf-dist/tex/latex/base/article.cls
Document Class: article 2021/10/04 v1.4n Standard LaTeX document class
(/usr/share/texlive/texmf-dist/tex/latex/base/size11.clo))
(/usr/share/texlive/texmf-dist/tex/latex/base/fontenc.sty)
(/usr/share/texmf/tex/latex/lm/lmodern.sty)
(/usr/share/texlive/texmf-dist/tex/latex/microtype/microtype.sty
(/usr/share/texlive/texmf-dist/tex/latex/graphics/keyval.sty)
(/usr/share/texlive/texmf-dist/tex/latex/etoolbox/etoolbox.sty)
(/usr/share/texlive/texmf-dist/tex/latex/microtype/microtype-pdftex.def)
(/usr/share/texlive/texmf-dist/tex/latex/microtype/microtype.cfg))
(/usr/share/texlive/texmf-dist/tex/latex/geometry/geometry.sty
(/usr/share/texlive/texmf-dist/tex/generic/iftex/ifvtex.sty
(/usr/share/texlive/texmf-dist/tex/generic/iftex/iftex.sty)))
(/usr/share/texlive/texmf-dist/tex/latex/amsmath/amsmath.sty
For additional information on amsmath, use the `?' option.
(/usr/share/texlive/texmf-dist/tex/latex/amsmath/amstext.sty
(/usr/share/texlive/texmf-dist/tex/latex/amsmath/amsgen.sty))
(/usr/share/texlive/texmf-dist/tex/latex/amsmath/amsbsy.sty)
(/usr/share/texlive/texmf-dist/tex/latex/amsmath/amsopn.sty))
(/usr/share/texlive/texmf-dist/tex/latex/amsfonts/amssymb.sty
(/usr/share/texlive/texmf-dist/tex/latex/amsfonts/amsfonts.sty))
(/usr/share/texlive/texmf-dist/tex/latex/amscls/amsthm.sty)
(/usr/share/texlive/texmf-dist/tex/latex/graphics/graphicx.sty
(/usr/share/texlive/texmf-dist/tex/latex/graphics/graphics.sty
(/usr/share/texlive/texmf-dist/tex/latex/graphics/trig.sty)
(/usr/share/texlive/texmf-dist/tex/latex/graphics-cfg/graphics.cfg)
(/usr/share/texlive/texmf-dist/tex/latex/graphics-def/pdftex.def)))
(/usr/share/texlive/texmf-dist/tex/latex/booktabs/booktabs.sty)
(/usr/share/texlive/texmf-dist/tex/latex/tools/longtable.sty)
(/usr/share/texlive/texmf-dist/tex/latex/xcolor/xcolor.sty
(/usr/share/texlive/texmf-dist/tex/latex/graphics-cfg/color.cfg))
(/usr/share/texlive/texmf-dist/tex/latex/hyperref/hyperref.sty
(/usr/share/texlive/texmf-dist/tex/generic/ltxcmds/ltxcmds.sty)
(/usr/share/texlive/texmf-dist/tex/generic/pdftexcmds/pdftexcmds.sty
(/usr/share/texlive/texmf-dist/tex/generic/infwarerr/infwarerr.sty))
(/usr/share/texlive/texmf-dist/tex/generic/kvsetkeys/kvsetkeys.sty)
(/usr/share/texlive/texmf-dist/tex/generic/kvdefinekeys/kvdefinekeys.sty)
(/usr/share/texlive/texmf-dist/tex/generic/pdfescape/pdfescape.sty)
(/usr/share/texlive/texmf-dist/tex/latex/hycolor/hycolor.sty)
(/usr/share/texlive/texmf-dist/tex/latex/letltxmacro/letltxmacro.sty)
(/usr/share/texlive/texmf-dist/tex/latex/auxhook/auxhook.sty)
(/usr/share/texlive/texmf-dist/tex/latex/kvoptions/kvoptions.sty)
(/usr/share/texlive/texmf-dist/tex/latex/hyperref/pd1enc.def)
(/usr/share/texlive/texmf-dist/tex/latex/hyperref/hyperref-langpatches.def)
(/usr/share/texlive/texmf-dist/tex/generic/intcalc/intcalc.sty)
(/usr/share/texlive/texmf-dist/tex/generic/etexcmds/etexcmds.sty)
(/usr/share/texlive/texmf-dist/tex/latex/hyperref/puenc.def)
(/usr/share/texlive/texmf-dist/tex/latex/url/url.sty)
(/usr/share/texlive/texmf-dist/tex/generic/bitset/bitset.sty
(/usr/share/texlive/texmf-dist/tex/generic/bigintcalc/bigintcalc.sty))
(/usr/share/texlive/texmf-dist/tex/latex/base/atbegshi-ltx.sty))
(/usr/share/texlive/texmf-dist/tex/latex/hyperref/hpdftex.def
(/usr/share/texlive/texmf-dist/tex/latex/base/atveryend-ltx.sty)
(/usr/share/texlive/texmf-dist/tex/latex/rerunfilecheck/rerunfilecheck.sty
(/usr/share/texlive/texmf-dist/tex/generic/uniquecounter/uniquecounter.sty)))
(/usr/share/texmf/tex/latex/lm/t1lmr.fd)
(/usr/share/texlive/texmf-dist/tex/latex/l3backend/l3backend-pdftex.def)
No file kbound.aux.
(/usr/share/texlive/texmf-dist/tex/latex/microtype/mt-cmr.cfg)
*geometry* driver: auto-detecting
*geometry* detected driver: pdftex
(/usr/share/texlive/texmf-dist/tex/context/base/mkii/supp-pdf.mkii
[Loading MPS to PDF converter (version 2006.09.02).]
) (/usr/share/texlive/texmf-dist/tex/latex/epstopdf-pkg/epstopdf-base.sty
(/usr/share/texlive/texmf-dist/tex/latex/latexconfig/epstopdf-sys.cfg))
(/usr/share/texlive/texmf-dist/tex/latex/hyperref/nameref.sty
(/usr/share/texlive/texmf-dist/tex/latex/refcount/refcount.sty)
(/usr/share/texlive/texmf-dist/tex/generic/gettitlestring/gettitlestring.sty))
(/usr/share/texmf/tex/latex/lm/ot1lmr.fd)
(/usr/share/texmf/tex/latex/lm/omllmm.fd)
(/usr/share/texmf/tex/latex/lm/omslmsy.fd)
(/usr/share/texmf/tex/latex/lm/omxlmex.fd)
(/usr/share/texlive/texmf-dist/tex/latex/amsfonts/umsa.fd)
(/usr/share/texlive/texmf-dist/tex/latex/microtype/mt-msa.cfg)
(/usr/share/texlive/texmf-dist/tex/latex/amsfonts/umsb.fd)
(/usr/share/texlive/texmf-dist/tex/latex/microtype/mt-msb.cfg)

LaTeX Warning: Reference `thm:imp' on page 1 undefined on input line 44.


LaTeX Warning: Reference `thm:cert' on page 1 undefined on input line 48.


LaTeX Warning: Reference `thm:pos' on page 1 undefined on input line 50.

(/usr/share/texmf/tex/latex/lm/t1lmtt.fd)

LaTeX Warning: Reference `sec:intro' on page 1 undefined on input line 70.

[1{/var/lib/texmf/fonts/map/pdftex/updmap/pdftex.map}]

LaTeX Warning: Reference `sec:setup' on page 2 undefined on input line 86.


LaTeX Warning: Reference `sec:def' on page 2 undefined on input line 86.


LaTeX Warning: Reference `sec:imp' on page 2 undefined on input line 88.


LaTeX Warning: Reference `sec:cert' on page 2 undefined on input line 89.


LaTeX Warning: Reference `sec:pos' on page 2 undefined on input line 90.


LaTeX Warning: Reference `sec:exp' on page 2 undefined on input line 91.


LaTeX Warning: Reference `sec:limits' on page 2 undefined on input line 92.


LaTeX Warning: Reference `thm:imp' on page 2 undefined on input line 94.


LaTeX Warning: Reference `thm:imp-quant' on page 2 undefined on input line 96.


LaTeX Warning: Reference `thm:gate' on page 2 undefined on input line 96.


LaTeX Warning: Reference `thm:cert' on page 2 undefined on input line 97.


LaTeX Warning: Reference `thm:anytime' on page 2 undefined on input line 99.


LaTeX Warning: Reference `thm:pos' on page 2 undefined on input line 99.


LaTeX Warning: Reference `thm:disagree' on page 2 undefined on input line 100.


LaTeX Warning: Reference `thm:disagree-reg' on page 2 undefined on input line 1
00.


LaTeX Warning: Reference `conj:gen' on page 2 undefined on input line 102.


LaTeX Warning: Reference `sec:exp' on page 2 undefined on input line 110.


LaTeX Warning: Reference `tab:rel' on page 2 undefined on input line 128.


LaTeX Warning: `h' float specifier changed to `ht'.

[2]

LaTeX Warning: Reference `sec:exp' on page 3 undefined on input line 183.


LaTeX Font Warning: Font shape `T1/lmr/m/scit' undefined
(Font)              using `T1/lmr/m/scsl' instead on input line 188.


LaTeX Font Warning: Font shape `T1/lmr/m/scit' undefined
(Font)              using `T1/lmr/m/scsl' instead on input line 188.


LaTeX Font Warning: Font shape `T1/lmr/m/scit' undefined
(Font)              using `T1/lmr/m/scsl' instead on input line 188.


LaTeX Font Warning: Font shape `T1/lmr/m/scit' undefined
(Font)              using `T1/lmr/m/scsl' instead on input line 195.

[3]

LaTeX Warning: Reference `thm:imp' on page 4 undefined on input line 217.


LaTeX Font Warning: Font shape `T1/lmr/m/scit' undefined
(Font)              using `T1/lmr/m/scsl' instead on input line 227.


LaTeX Font Warning: Font shape `T1/lmr/m/scit' undefined
(Font)              using `T1/lmr/m/scsl' instead on input line 227.


LaTeX Font Warning: Font shape `T1/lmr/m/scit' undefined
(Font)              using `T1/lmr/m/scsl' instead on input line 228.


LaTeX Font Warning: Font shape `T1/lmr/m/scit' undefined
(Font)              using `T1/lmr/m/scsl' instead on input line 228.


LaTeX Font Warning: Font shape `T1/lmr/m/scit' undefined
(Font)              using `T1/lmr/m/scsl' instead on input line 234.


LaTeX Warning: Reference `thm:imp-quant' on page 4 undefined on input line 258.



LaTeX Warning: Reference `thm:imp-quant' on page 4 undefined on input line 258.


[4]

LaTeX Font Warning: Font shape `T1/lmr/m/scit' undefined
(Font)              using `T1/lmr/m/scsl' instead on input line 275.


LaTeX Warning: Reference `thm:imp' on page 5 undefined on input line 285.


LaTeX Warning: Reference `thm:gate' on page 5 undefined on input line 294.


LaTeX Warning: Reference `thm:gate' on page 5 undefined on input line 302.


LaTeX Warning: Reference `prop:gate-minimax' on page 5 undefined on input line 
302.


LaTeX Warning: Reference `thm:gate' on page 5 undefined on input line 302.


LaTeX Warning: Reference `prop:gate-minimax' on page 5 undefined on input line 
302.


LaTeX Font Warning: Font shape `T1/lmr/m/scit' undefined
(Font)              using `T1/lmr/m/scsl' instead on input line 311.


LaTeX Font Warning: Font shape `T1/lmr/m/scit' undefined
(Font)              using `T1/lmr/m/scsl' instead on input line 312.


LaTeX Font Warning: Font shape `T1/lmr/m/scit' undefined
(Font)              using `T1/lmr/m/scsl' instead on input line 313.


LaTeX Font Warning: Font shape `T1/lmr/m/scit' undefined
(Font)              using `T1/lmr/m/scsl' instead on input line 315.


LaTeX Font Warning: Font shape `T1/lmr/m/scit' undefined
(Font)              using `T1/lmr/m/scsl' instead on input line 316.

[5 <./figures/fig_lecam_bound.png>]

LaTeX Warning: Reference `thm:imp' on page 6 undefined on input line 333.


LaTeX Warning: Reference `thm:cert' on page 6 undefined on input line 336.


LaTeX Font Warning: Font shape `T1/lmr/m/scit' undefined
(Font)              using `T1/lmr/m/scsl' instead on input line 337.


LaTeX Warning: Reference `thm:cert' on page 6 undefined on input line 351.


LaTeX Font Warning: Font shape `T1/lmr/m/scit' undefined
(Font)              using `T1/lmr/m/scsl' instead on input line 352.


LaTeX Font Warning: Font shape `T1/lmr/m/scit' undefined
(Font)              using `T1/lmr/m/scsl' instead on input line 352.

[6 <./figures/fig_regret_decomposition.png>]

LaTeX Warning: Reference `thm:pos' on page 7 undefined on input line 366.


LaTeX Warning: Reference `app:stack' on page 7 undefined on input line 367.


LaTeX Warning: Reference `thm:cert' on page 7 undefined on input line 371.


LaTeX Font Warning: Font shape `T1/lmr/m/scit' undefined
(Font)              using `T1/lmr/m/scsl' instead on input line 379.


LaTeX Font Warning: Font shape `T1/lmr/m/scit' undefined
(Font)              using `T1/lmr/m/scsl' instead on input line 379.


LaTeX Font Warning: Font shape `T1/lmr/m/scit' undefined
(Font)              using `T1/lmr/m/scsl' instead on input line 380.


LaTeX Warning: Reference `thm:imp' on page 7 undefined on input line 415.


LaTeX Warning: Reference `thm:pos' on page 7 undefined on input line 424.


LaTeX Warning: Reference `thm:disagree' on page 7 undefined on input line 426.


LaTeX Warning: Reference `thm:disagree-reg' on page 7 undefined on input line 4
26.


LaTeX Warning: Reference `thm:imp' on page 7 undefined on input line 427.


Overfull \hbox (30.29033pt too wide) in paragraph at lines 420--433
 [][] 

LaTeX Warning: `h' float specifier changed to `ht'.

[7]

LaTeX Warning: Reference `thm:imp' on page 8 undefined on input line 457.


LaTeX Warning: Reference `thm:imp' on page 8 undefined on input line 463.


LaTeX Warning: Reference `sec:exp' on page 8 undefined on input line 464.


LaTeX Warning: Reference `thm:disagree' on page 8 undefined on input line 475.


LaTeX Warning: Reference `thm:imp' on page 8 undefined on input line 483.


LaTeX Warning: Reference `thm:disagree-mc' on page 8 undefined on input line 49
5.


LaTeX Warning: Reference `thm:disagree-reg' on page 8 undefined on input line 4
95.

[8]

LaTeX Font Warning: Font shape `T1/lmr/bx/sc' undefined
(Font)              using `T1/lmr/bx/n' instead on input line 503.


LaTeX Warning: Reference `fig:harm' on page 9 undefined on input line 530.


LaTeX Warning: Reference `tab:mixed' on page 9 undefined on input line 536.


LaTeX Warning: Reference `fig:mix' on page 9 undefined on input line 538.


LaTeX Warning: Reference `thm:imp' on page 9 undefined on input line 560.

[9]

LaTeX Warning: Reference `thm:imp' on page 10 undefined on input line 564.


LaTeX Warning: Reference `fig:witness' on page 10 undefined on input line 571.


LaTeX Warning: Reference `thm:imp' on page 10 undefined on input line 577.


LaTeX Warning: Reference `thm:imp' on page 10 undefined on input line 577.


LaTeX Warning: Reference `tab:abl' on page 10 undefined on input line 591.


LaTeX Warning: Reference `thm:disagree' on page 10 undefined on input line 593.



LaTeX Warning: Reference `fig:extra' on page 10 undefined on input line 596.


LaTeX Warning: `h' float specifier changed to `ht'.


LaTeX Warning: Reference `thm:pos' on page 10 undefined on input line 617.


LaTeX Warning: Reference `fig:extra' on page 10 undefined on input line 622.

[10 <./figures/fig_witness_clean.png>]

LaTeX Warning: `h' float specifier changed to `ht'.


LaTeX Warning: `h' float specifier changed to `ht'.


LaTeX Warning: `h' float specifier changed to `ht'.


LaTeX Warning: Reference `tab:online' on page 11 undefined on input line 677.


LaTeX Warning: Reference `fig:online' on page 11 undefined on input line 677.

[11 <./figures/fig_mixed_policies.png> <./figures/fig_mixed_decisions.png>]

LaTeX Warning: `h' float specifier changed to `ht'.


LaTeX Warning: `h' float specifier changed to `ht'.


LaTeX Warning: Reference `tab:c10c' on page 12 undefined on input line 721.


LaTeX Warning: Reference `fig:c10c' on page 12 undefined on input line 721.


LaTeX Warning: Reference `tab:c10c' on page 12 undefined on input line 732.


LaTeX Warning: Reference `app:c10c' on page 12 undefined on input line 734.

[12 <./figures/fig_kbound_harmful.png> <./figures/fig_certificate.png> <./figur
es/fig_ablation_evidence.png> <./figures/fig_alpha_coverage.png> <./figures/fig
_regression.png>]

LaTeX Warning: `h' float specifier changed to `ht'.


LaTeX Warning: Reference `tab:decisive' on page 13 undefined on input line 778.



LaTeX Warning: Reference `fig:decisive' on page 13 undefined on input line 787.


[13 <./figures/fig_decision_flow.png> <./figures/fig_regret_summary.png>]

LaTeX Warning: `h' float specifier changed to `ht'.


LaTeX Warning: Reference `tab:decisive' on page 14 undefined on input line 829.



LaTeX Warning: Reference `thm:disagree' on page 14 undefined on input line 840.



LaTeX Warning: Reference `thm:disagree-reg' on page 14 undefined on input line 
840.


LaTeX Warning: Reference `conj:gen' on page 14 undefined on input line 841.


LaTeX Warning: Reference `thm:imp-quant' on page 14 undefined on input line 843
.

[14 <./figures/fig_cifar_tent_online.png>]
Underfull \hbox (badness 10000) in paragraph at lines 854--854
[]\T1/lmr/m/n/10 (+20) TTA is re-framed as a label-free

LaTeX Warning: Reference `thm:imp-quant' on page 15 undefined on input line 855
.


LaTeX Warning: Reference `cor:forced-abstain' on page 15 undefined on input lin
e 856.


LaTeX Warning: Reference `thm:disagree' on page 15 undefined on input line 869.



LaTeX Warning: Reference `thm:disagree-reg' on page 15 undefined on input line 
869.

[15 <./figures/fig_cifar10c_collapse.png> <./figures/fig_cifar10c_crossover.png
>] [16 <./figures/fig_decisive_pareto_cifar10c.png>]

LaTeX Warning: Reference `thm:imp' on page 17 undefined on input line 896.


LaTeX Warning: Reference `thm:disagree' on page 17 undefined on input line 896.



LaTeX Warning: Reference `thm:cert' on page 17 undefined on input line 904.


LaTeX Warning: Reference `thm:imp' on page 17 undefined on input line 906.


Overfull \hbox (65.81628pt too wide) in paragraph at lines 896--907
\T1/lmr/m/n/10 (-20) ten re-sults, each with code and a val-ida-tor in the repo
s-i-tory (ven-dored un-der \T1/lmtt/m/n/10 kbound_paper/vendored_from_elara/the
ory/\T1/lmr/m/n/10 (-20) ).

LaTeX Warning: Reference `thm:cert' on page 17 undefined on input line 917.


LaTeX Warning: Reference `thm:cert' on page 17 undefined on input line 919.


Underfull \hbox (badness 3364) in paragraph at lines 920--920
[]\T1/lmr/m/n/10 (+20) Validation-only cer-ti-fied se-lec-tion among

LaTeX Warning: Reference `thm:imp' on page 17 undefined on input line 922.

[17]

Package hyperref Warning: Token not allowed in a PDF string (Unicode):
(hyperref)                removing `math shift' on input line 933.


Package hyperref Warning: Token not allowed in a PDF string (Unicode):
(hyperref)                removing `\times' on input line 933.


Package hyperref Warning: Token not allowed in a PDF string (Unicode):
(hyperref)                removing `math shift' on input line 933.


LaTeX Warning: Reference `tab:c10c-full' on page 18 undefined on input line 934
.


LaTeX Warning: Reference `tab:c10c' on page 18 undefined on input line 934.


LaTeX Warning: Reference `tab:c10c' on page 18 undefined on input line 936.

(./paper/appendix_cifar10c_cells.tex
Overfull \hbox (84.63911pt too wide) in paragraph at lines 934--2
\T1/lmr/m/n/10 (-20) di-dates). The per-method means re-pro-duce Ta-ble [] ex-a
ctly. Raw CSV: \T1/lmtt/m/n/10 experiments/kbound/results/cifar10c_65cells.csv\
T1/lmr/m/n/10 (-20) . 

LaTeX Warning: Reference `tab:c10c' on page 18 undefined on input line 3.


LaTeX Warning: Reference `tab:c10c' on page 18 undefined on input line 3.


Package longtable Warning: Column widths have changed
(longtable)                in table 8 on input line 80.

[18])

Package longtable Warning: Table widths have changed. Rerun LaTeX.

[19] (./kbound.aux)

LaTeX Font Warning: Some font shapes were not available, defaults substituted.


LaTeX Warning: There were undefined references.


LaTeX Warning: Label(s) may have changed. Rerun to get cross-references right.


Package rerunfilecheck Warning: File `kbound.out' has changed.
(rerunfilecheck)                Rerun to get outlines right
(rerunfilecheck)                or use package `bookmark'.

 )
(see the transcript file for additional information){/usr/share/texmf/fonts/enc
/dvips/lm/lm-ec.enc}{/usr/share/texmf/fonts/enc/dvips/lm/lm-rm.enc}{/usr/share/
texmf/fonts/enc/dvips/lm/lm-mathit.enc}{/usr/share/texmf/fonts/enc/dvips/lm/lm-
mathsy.enc}{/usr/share/texmf/fonts/enc/dvips/lm/lm-mathex.enc}</usr/share/texmf
/fonts/type1/public/lm/lmbx10.pfb></usr/share/texmf/fonts/type1/public/lm/lmbx1
2.pfb></usr/share/texmf/fonts/type1/public/lm/lmbx9.pfb></usr/share/texmf/fonts
/type1/public/lm/lmcsc10.pfb></usr/share/texmf/fonts/type1/public/lm/lmcsco10.p
fb></usr/share/texmf/fonts/type1/public/lm/lmex10.pfb></usr/share/texmf/fonts/t
ype1/public/lm/lmmi10.pfb></usr/share/texmf/fonts/type1/public/lm/lmmi6.pfb></u
sr/share/texmf/fonts/type1/public/lm/lmmi8.pfb></usr/share/texmf/fonts/type1/pu
blic/lm/lmmi9.pfb></usr/share/texmf/fonts/type1/public/lm/lmr10.pfb></usr/share
/texmf/fonts/type1/public/lm/lmr12.pfb></usr/share/texmf/fonts/type1/public/lm/
lmr6.pfb></usr/share/texmf/fonts/type1/public/lm/lmr8.pfb></usr/share/texmf/fon
ts/type1/public/lm/lmr9.pfb></usr/share/texmf/fonts/type1/public/lm/lmri10.pfb>
</usr/share/texmf/fonts/type1/public/lm/lmsy10.pfb></usr/share/texmf/fonts/type
1/public/lm/lmsy7.pfb></usr/share/texmf/fonts/type1/public/lm/lmsy8.pfb></usr/s
hare/texmf/fonts/type1/public/lm/lmsy9.pfb></usr/share/texmf/fonts/type1/public
/lm/lmtt10.pfb></usr/share/texlive/texmf-dist/fonts/type1/public/amsfonts/symbo
ls/msam10.pfb></usr/share/texlive/texmf-dist/fonts/type1/public/amsfonts/symbol
s/msbm10.pfb>
Output written on kbound.pdf (19 pages, 1107508 bytes).
Transcript written on kbound.log.
