\BOOKMARK [1][-]{section.1}{\376\377\000I\000n\000t\000r\000o\000d\000u\000c\000t\000i\000o\000n}{}% 1
\BOOKMARK [1][-]{section.2}{\376\377\000R\000e\000l\000a\000t\000e\000d\000\040\000w\000o\000r\000k}{}% 2
\BOOKMARK [1][-]{section.3}{\376\377\000P\000r\000o\000b\000l\000e\000m\000\040\000s\000e\000t\000u\000p\000\040\000a\000n\000d\000\040\000t\000h\000e\000o\000r\000y}{}% 3
\BOOKMARK [1][-]{section.4}{\376\377\000M\000e\000t\000h\000o\000d\000:\000\040\000K\000G\000A}{}% 4
\BOOKMARK [1][-]{section.5}{\376\377\000E\000x\000p\000e\000r\000i\000m\000e\000n\000t\000s}{}% 5
\BOOKMARK [2][-]{subsection.5.1}{\376\377\000C\000I\000F\000A\000R\000-\0001\0000\000-\000C\000\040\000s\000t\000r\000e\000s\000s\000\040\000g\000r\000i\000d\000\040\000\050\0005\000\040\000s\000e\000e\000d\000s\000\051}{section.5}% 6
\BOOKMARK [2][-]{subsection.5.2}{\376\377\000I\000m\000a\000g\000e\000N\000e\000t\000-\000C\000\040\000S\000A\000R\000\040\000\050\000m\000e\000c\000h\000a\000n\000i\000s\000m\000-\000f\000a\000i\000t\000h\000f\000u\000l\000\051}{section.5}% 7
\BOOKMARK [2][-]{subsection.5.3}{\376\377\000N\000a\000t\000u\000r\000a\000l\000-\000s\000h\000i\000f\000t\000\040\000h\000e\000a\000d\000l\000i\000n\000e\000\040\000r\000e\000s\000u\000l\000t\000s\000\040\000\050\000P\000r\000o\000t\000o\000c\000o\000l\000s\000\040\000G\000,\000\040\000H\000\040\000v\0002\000,\000\040\000M\000\040\000v\0002\000\051}{section.5}% 8
\BOOKMARK [2][-]{subsection.5.4}{\376\377\000C\000a\000m\000e\000l\000y\000o\000n\0001\0007\000\040\000P\000r\000o\000t\000o\000c\000o\000l\000\040\000G}{section.5}% 9
\BOOKMARK [2][-]{subsection.5.5}{\376\377\000i\000W\000i\000l\000d\000C\000a\000m\000\040\000P\000r\000o\000t\000o\000c\000o\000l\000\040\000H\000\040\000v\0002}{section.5}% 10
\BOOKMARK [2][-]{subsection.5.6}{\376\377\000O\000f\000f\000i\000c\000e\000-\000H\000o\000m\000e\000\040\000P\000r\000o\000t\000o\000c\000o\000l\000\040\000M\000\040\000v\0002}{section.5}% 11
\BOOKMARK [1][-]{section.6}{\376\377\000L\000i\000m\000i\000t\000a\000t\000i\000o\000n\000s\000\040\000a\000n\000d\000\040\000h\000o\000n\000e\000s\000t\000\040\000s\000c\000o\000p\000e}{}% 12
\BOOKMARK [1][-]{section.7}{\376\377\000R\000e\000p\000r\000o\000d\000u\000c\000i\000b\000i\000l\000i\000t\000y}{}% 13
\BOOKMARK [1][-]{section.8}{\376\377\000C\000o\000n\000c\000l\000u\000s\000i\000o\000n}{}% 14
\BOOKMARK [1][-]{section*.1}{\376\377\000A\000p\000p\000e\000n\000d\000i\000x}{}% 15
\BOOKMARK [2][-]{subsection.Appendix.A.1}{\376\377\000V\000a\000l\000i\000d\000a\000t\000i\000o\000n\000\040\000f\000i\000g\000u\000r\000e\000s}{section*.1}% 16
\BOOKMARK [2][-]{subsection.Appendix.A.2}{\376\377\000A\000n\000o\000m\000a\000l\000y\000\040\000r\000o\000u\000t\000i\000n\000g\000\040\000\050\0006\0002\000\040\000t\000a\000s\000k\000s\000\051}{section*.1}% 17
\BOOKMARK [2][-]{subsection.Appendix.A.3}{\376\377\000O\000n\000l\000i\000n\000e\000\040\000n\000o\000n\000-\000s\000t\000a\000t\000i\000o\000n\000a\000r\000y\000\040\000C\000I\000F\000A\000R\000-\0001\0000}{section*.1}% 18
\BOOKMARK [2][-]{subsection.Appendix.A.4}{\376\377\000C\000I\000F\000A\000R\000-\0001\0000\000-\000C\000\040\000p\000e\000r\000-\000c\000o\000r\000r\000u\000p\000t\000i\000o\000n\000\040\000\050\000h\000e\000l\000p\000f\000u\000l\000-\000d\000o\000m\000i\000n\000a\000t\000e\000d\000\040\000c\000o\000n\000t\000r\000o\000l\000\051}{section*.1}% 19
\BOOKMARK [2][-]{subsection.Appendix.A.5}{\376\377\000E\000x\000c\000l\000u\000d\000e\000d\000\040\000w\000i\000n\000s\000\040\000a\000n\000d\000\040\000r\000e\000g\000i\000m\000e\000\040\000b\000o\000u\000n\000d\000a\000r\000i\000e\000s}{section*.1}% 20
\BOOKMARK [2][-]{subsection.Appendix.A.6}{\376\377\000C\000a\000m\000e\000l\000y\000o\000n\0001\0007\000\040\000d\000i\000a\000g\000n\000o\000s\000t\000i\000c\000\040\000l\000a\000d\000d\000e\000r}{section*.1}% 21
\BOOKMARK [2][-]{subsection.Appendix.A.7}{\376\377\000R\000x\000R\000x\0001\000\040\000\050\000h\000a\000r\000m\000f\000u\000l\000,\000\040\000f\000r\000e\000e\000z\000e\000-\000o\000r\000a\000c\000l\000e\000\051}{section*.1}% 22
\BOOKMARK [2][-]{subsection.Appendix.A.8}{\376\377\000I\000m\000a\000g\000e\000N\000e\000t\000-\000R\000\040\000\050\000u\000n\000k\000n\000o\000w\000a\000b\000l\000e\000\040\000r\000e\000g\000i\000m\000e\000\051}{section*.1}% 23
\BOOKMARK [2][-]{subsection.Appendix.A.9}{\376\377\000O\000f\000f\000i\000c\000e\000-\000H\000o\000m\000e\000\040\000a\000n\000d\000\040\000i\000W\000i\000l\000d\000C\000a\000m}{section*.1}% 24
\BOOKMARK [2][-]{subsection.Appendix.A.10}{\376\377\000C\000I\000F\000A\000R\000-\0001\0000\000.\0001\000\040\000\050\000l\000o\000w\000-\000m\000a\000r\000g\000i\000n\000\040\000n\000a\000t\000u\000r\000a\000l\000\040\000s\000h\000i\000f\000t\000,\000\040\000P\000r\000o\000t\000o\000c\000o\000l\000\040\000K\000\040\000a\000u\000d\000i\000t\000\051}{section*.1}% 25
\BOOKMARK [2][-]{subsection.Appendix.A.11}{\376\377\000I\000m\000a\000g\000e\000N\000e\000t\000-\000C\000\040\000d\000i\000a\000g\000n\000o\000s\000t\000i\000c\000s}{section*.1}% 26
\BOOKMARK [2][-]{subsection.Appendix.A.12}{\376\377\000C\000I\000F\000A\000R\000-\0001\0000\000-\000C\000:\000\040\000K\000-\000B\000o\000u\000n\000d\000\040\000b\000e\000a\000t\000s\000\040\000b\000o\000t\000h\000\040\000t\000r\000i\000v\000i\000a\000l\000\040\000p\000o\000l\000i\000c\000i\000e\000s\000\040\000a\000t\000\040\000z\000e\000r\000o\000\040\000f\000a\000l\000s\000e\000-\000a\000d\000a\000p\000t}{section*.1}% 27
\BOOKMARK [2][-]{subsection.Appendix.A.13}{\376\377\000I\000m\000a\000g\000e\000N\000e\000t\000-\000C\000/\000S\000A\000R\000:\000\040\000t\000h\000e\000\040\000f\000r\000o\000n\000t\000i\000e\000r\000\040\000o\000n\000\040\000r\000e\000a\000l\000\040\000c\000o\000r\000r\000u\000p\000t\000i\000o\000n\000s\040\024\000c\000o\000m\000m\000i\000t\000t\000a\000l\000\040\000r\000u\000l\000e\000s\000\040\000f\000a\000i\000l\000,\000\040\000K\000-\000B\000o\000u\000n\000d\000\040\000d\000o\000e\000s\000\040\000n\000o\000t}{section*.1}% 28
\BOOKMARK [2][-]{subsection.Appendix.A.14}{\376\377\000H\000i\000s\000t\000o\000r\000i\000c\000a\000l\000\040\000n\000o\000t\000e\000\040\000\050\000C\000a\000m\000e\000l\000y\000o\000n\0001\0007\000,\000\040\000f\000r\000o\000z\000e\000n\000\040\000s\000y\000n\000t\000h\000e\000t\000i\000c\000\040\000t\000h\000r\000e\000s\000h\000o\000l\000d\000\051}{section*.1}% 29
\BOOKMARK [1][-]{section*.2}{\376\377\000R\000e\000f\000e\000r\000e\000n\000c\000e\000s}{}% 30
