This is pdfTeX, Version 3.141592653-2.6-1.40.27 (TeX Live 2025/Homebrew) (preloaded format=pdflatex 2026.1.29)  15 JUN 2026 16:19
entering extended mode
 restricted \write18 enabled.
 %&-line parsing enabled.
**kbound_submission.tex
(./kbound_submission.tex
LaTeX2e <2024-11-01> patch level 2
L3 programming layer <2025-01-18>

(/opt/homebrew/Cellar/texlive/20250308_2/share/texmf-dist/tex/latex/base/articl
e.cls
Document Class: article 2024/06/29 v1.4n Standard LaTeX document class

(/opt/homebrew/Cellar/texlive/20250308_2/share/texmf-dist/tex/latex/base/size11
.clo
File: size11.clo 2024/06/29 v1.4n Standard LaTeX file (size option)
)
\c@part=\count196
\c@section=\count197
\c@subsection=\count198
\c@subsubsection=\count199
\c@paragraph=\count266
\c@subparagraph=\count267
\c@figure=\count268
\c@table=\count269
\abovecaptionskip=\skip49
\belowcaptionskip=\skip50
\bibindent=\dimen141
)
(/opt/homebrew/Cellar/texlive/20250308_2/share/texmf-dist/tex/latex/base/fonten
c.sty
Package: fontenc 2021/04/29 v2.0v Standard LaTeX package
)
(/opt/homebrew/Cellar/texlive/20250308_2/share/texmf-dist/tex/latex/lm/lmodern.
sty
Package: lmodern 2015/05/01 v1.6.1 Latin Modern Fonts
LaTeX Font Info:    Overwriting symbol font `operators' in version `normal'
(Font)                  OT1/cmr/m/n --> OT1/lmr/m/n on input line 22.
LaTeX Font Info:    Overwriting symbol font `letters' in version `normal'
(Font)                  OML/cmm/m/it --> OML/lmm/m/it on input line 23.
LaTeX Font Info:    Overwriting symbol font `symbols' in version `normal'
(Font)                  OMS/cmsy/m/n --> OMS/lmsy/m/n on input line 24.
LaTeX Font Info:    Overwriting symbol font `largesymbols' in version `normal'
(Font)                  OMX/cmex/m/n --> OMX/lmex/m/n on input line 25.
LaTeX Font Info:    Overwriting symbol font `operators' in version `bold'
(Font)                  OT1/cmr/bx/n --> OT1/lmr/bx/n on input line 26.
LaTeX Font Info:    Overwriting symbol font `letters' in version `bold'
(Font)                  OML/cmm/b/it --> OML/lmm/b/it on input line 27.
LaTeX Font Info:    Overwriting symbol font `symbols' in version `bold'
(Font)                  OMS/cmsy/b/n --> OMS/lmsy/b/n on input line 28.
LaTeX Font Info:    Overwriting symbol font `largesymbols' in version `bold'
(Font)                  OMX/cmex/m/n --> OMX/lmex/m/n on input line 29.
LaTeX Font Info:    Overwriting math alphabet `\mathbf' in version `normal'
(Font)                  OT1/cmr/bx/n --> OT1/lmr/bx/n on input line 31.
LaTeX Font Info:    Overwriting math alphabet `\mathsf' in version `normal'
(Font)                  OT1/cmss/m/n --> OT1/lmss/m/n on input line 32.
LaTeX Font Info:    Overwriting math alphabet `\mathit' in version `normal'
(Font)                  OT1/cmr/m/it --> OT1/lmr/m/it on input line 33.
LaTeX Font Info:    Overwriting math alphabet `\mathtt' in version `normal'
(Font)                  OT1/cmtt/m/n --> OT1/lmtt/m/n on input line 34.
LaTeX Font Info:    Overwriting math alphabet `\mathbf' in version `bold'
(Font)                  OT1/cmr/bx/n --> OT1/lmr/bx/n on input line 35.
LaTeX Font Info:    Overwriting math alphabet `\mathsf' in version `bold'
(Font)                  OT1/cmss/bx/n --> OT1/lmss/bx/n on input line 36.
LaTeX Font Info:    Overwriting math alphabet `\mathit' in version `bold'
(Font)                  OT1/cmr/bx/it --> OT1/lmr/bx/it on input line 37.
LaTeX Font Info:    Overwriting math alphabet `\mathtt' in version `bold'
(Font)                  OT1/cmtt/m/n --> OT1/lmtt/m/n on input line 38.
)
(/opt/homebrew/Cellar/texlive/20250308_2/share/texmf-dist/tex/latex/microtype/m
icrotype.sty
Package: microtype 2025/02/11 v3.2a Micro-typographical refinements (RS)

(/opt/homebrew/Cellar/texlive/20250308_2/share/texmf-dist/tex/latex/graphics/ke
yval.sty
Package: keyval 2022/05/29 v1.15 key=value parser (DPC)
\KV@toks@=\toks17
)
(/opt/homebrew/Cellar/texlive/20250308_2/share/texmf-dist/tex/latex/etoolbox/et
oolbox.sty
Package: etoolbox 2025/02/11 v2.5l e-TeX tools for LaTeX (JAW)
\etb@tempcnta=\count270
)
\MT@toks=\toks18
\MT@tempbox=\box52
\MT@count=\count271
LaTeX Info: Redefining \noprotrusionifhmode on input line 1087.
LaTeX Info: Redefining \leftprotrusion on input line 1088.
\MT@prot@toks=\toks19
LaTeX Info: Redefining \rightprotrusion on input line 1107.
LaTeX Info: Redefining \textls on input line 1449.
\MT@outer@kern=\dimen142
LaTeX Info: Redefining \microtypecontext on input line 2053.
LaTeX Info: Redefining \textmicrotypecontext on input line 2070.
\MT@listname@count=\count272

(/opt/homebrew/Cellar/texlive/20250308_2/share/texmf-dist/tex/latex/microtype/m
icrotype-pdftex.def
File: microtype-pdftex.def 2025/02/11 v3.2a Definitions specific to pdftex (RS)

LaTeX Info: Redefining \lsstyle on input line 944.
LaTeX Info: Redefining \lslig on input line 944.
\MT@outer@space=\skip51
)
Package microtype Info: Loading configuration file microtype.cfg.

(/opt/homebrew/Cellar/texlive/20250308_2/share/texmf-dist/tex/latex/microtype/m
icrotype.cfg
File: microtype.cfg 2025/02/11 v3.2a microtype main configuration file (RS)
)
LaTeX Info: Redefining \microtypesetup on input line 3065.
)
(/opt/homebrew/Cellar/texlive/20250308_2/share/texmf-dist/tex/latex/geometry/ge
ometry.sty
Package: geometry 2020/01/02 v5.9 Page Geometry

(/opt/homebrew/Cellar/texlive/20250308_2/share/texmf-dist/tex/generic/iftex/ifv
tex.sty
Package: ifvtex 2019/10/25 v1.7 ifvtex legacy package. Use iftex instead.

(/opt/homebrew/Cellar/texlive/20250308_2/share/texmf-dist/tex/generic/iftex/ift
ex.sty
Package: iftex 2024/12/12 v1.0g TeX engine tests
))
\Gm@cnth=\count273
\Gm@cntv=\count274
\c@Gm@tempcnt=\count275
\Gm@bindingoffset=\dimen143
\Gm@wd@mp=\dimen144
\Gm@odd@mp=\dimen145
\Gm@even@mp=\dimen146
\Gm@layoutwidth=\dimen147
\Gm@layoutheight=\dimen148
\Gm@layouthoffset=\dimen149
\Gm@layoutvoffset=\dimen150
\Gm@dimlist=\toks20
)
(/opt/homebrew/Cellar/texlive/20250308_2/share/texmf-dist/tex/latex/amsmath/ams
math.sty
Package: amsmath 2024/11/05 v2.17t AMS math features
\@mathmargin=\skip52

For additional information on amsmath, use the `?' option.

(/opt/homebrew/Cellar/texlive/20250308_2/share/texmf-dist/tex/latex/amsmath/ams
text.sty
Package: amstext 2021/08/26 v2.01 AMS text

(/opt/homebrew/Cellar/texlive/20250308_2/share/texmf-dist/tex/latex/amsmath/ams
gen.sty
File: amsgen.sty 1999/11/30 v2.0 generic functions
\@emptytoks=\toks21
\ex@=\dimen151
))
(/opt/homebrew/Cellar/texlive/20250308_2/share/texmf-dist/tex/latex/amsmath/ams
bsy.sty
Package: amsbsy 1999/11/29 v1.2d Bold Symbols
\pmbraise@=\dimen152
)
(/opt/homebrew/Cellar/texlive/20250308_2/share/texmf-dist/tex/latex/amsmath/ams
opn.sty
Package: amsopn 2022/04/08 v2.04 operator names
)
\inf@bad=\count276
LaTeX Info: Redefining \frac on input line 233.
\uproot@=\count277
\leftroot@=\count278
LaTeX Info: Redefining \overline on input line 398.
LaTeX Info: Redefining \colon on input line 409.
\classnum@=\count279
\DOTSCASE@=\count280
LaTeX Info: Redefining \ldots on input line 495.
LaTeX Info: Redefining \dots on input line 498.
LaTeX Info: Redefining \cdots on input line 619.
\Mathstrutbox@=\box53
\strutbox@=\box54
LaTeX Info: Redefining \big on input line 721.
LaTeX Info: Redefining \Big on input line 722.
LaTeX Info: Redefining \bigg on input line 723.
LaTeX Info: Redefining \Bigg on input line 724.
\big@size=\dimen153
LaTeX Font Info:    Redeclaring font encoding OML on input line 742.
LaTeX Font Info:    Redeclaring font encoding OMS on input line 743.
\macc@depth=\count281
LaTeX Info: Redefining \bmod on input line 904.
LaTeX Info: Redefining \pmod on input line 909.
LaTeX Info: Redefining \smash on input line 939.
LaTeX Info: Redefining \relbar on input line 969.
LaTeX Info: Redefining \Relbar on input line 970.
\c@MaxMatrixCols=\count282
\dotsspace@=\muskip17
\c@parentequation=\count283
\dspbrk@lvl=\count284
\tag@help=\toks22
\row@=\count285
\column@=\count286
\maxfields@=\count287
\andhelp@=\toks23
\eqnshift@=\dimen154
\alignsep@=\dimen155
\tagshift@=\dimen156
\tagwidth@=\dimen157
\totwidth@=\dimen158
\lineht@=\dimen159
\@envbody=\toks24
\multlinegap=\skip53
\multlinetaggap=\skip54
\mathdisplay@stack=\toks25
LaTeX Info: Redefining \[ on input line 2953.
LaTeX Info: Redefining \] on input line 2954.
)
(/opt/homebrew/Cellar/texlive/20250308_2/share/texmf-dist/tex/latex/amsfonts/am
ssymb.sty
Package: amssymb 2013/01/14 v3.01 AMS font symbols

(/opt/homebrew/Cellar/texlive/20250308_2/share/texmf-dist/tex/latex/amsfonts/am
sfonts.sty
Package: amsfonts 2013/01/14 v3.01 Basic AMSFonts support
\symAMSa=\mathgroup4
\symAMSb=\mathgroup5
LaTeX Font Info:    Redeclaring math symbol \hbar on input line 98.
LaTeX Font Info:    Overwriting math alphabet `\mathfrak' in version `bold'
(Font)                  U/euf/m/n --> U/euf/b/n on input line 106.
))
(/opt/homebrew/Cellar/texlive/20250308_2/share/texmf-dist/tex/latex/amscls/amst
hm.sty
Package: amsthm 2020/05/29 v2.20.6
\thm@style=\toks26
\thm@bodyfont=\toks27
\thm@headfont=\toks28
\thm@notefont=\toks29
\thm@headpunct=\toks30
\thm@preskip=\skip55
\thm@postskip=\skip56
\thm@headsep=\skip57
\dth@everypar=\toks31
)
(/opt/homebrew/Cellar/texlive/20250308_2/share/texmf-dist/tex/latex/graphics/gr
aphicx.sty
Package: graphicx 2021/09/16 v1.2d Enhanced LaTeX Graphics (DPC,SPQR)

(/opt/homebrew/Cellar/texlive/20250308_2/share/texmf-dist/tex/latex/graphics/gr
aphics.sty
Package: graphics 2024/08/06 v1.4g Standard LaTeX Graphics (DPC,SPQR)

(/opt/homebrew/Cellar/texlive/20250308_2/share/texmf-dist/tex/latex/graphics/tr
ig.sty
Package: trig 2023/12/02 v1.11 sin cos tan (DPC)
)
(/opt/homebrew/Cellar/texlive/20250308_2/share/texmf-dist/tex/latex/graphics-cf
g/graphics.cfg
File: graphics.cfg 2016/06/04 v1.11 sample graphics configuration
)
Package graphics Info: Driver file: pdftex.def on input line 106.

(/opt/homebrew/Cellar/texlive/20250308_2/share/texmf-dist/tex/latex/graphics-de
f/pdftex.def
File: pdftex.def 2024/04/13 v1.2c Graphics/color driver for pdftex
))
\Gin@req@height=\dimen160
\Gin@req@width=\dimen161
)
(/opt/homebrew/Cellar/texlive/20250308_2/share/texmf-dist/tex/latex/booktabs/bo
oktabs.sty
Package: booktabs 2020/01/12 v1.61803398 Publication quality tables
\heavyrulewidth=\dimen162
\lightrulewidth=\dimen163
\cmidrulewidth=\dimen164
\belowrulesep=\dimen165
\belowbottomsep=\dimen166
\aboverulesep=\dimen167
\abovetopsep=\dimen168
\cmidrulesep=\dimen169
\cmidrulekern=\dimen170
\defaultaddspace=\dimen171
\@cmidla=\count288
\@cmidlb=\count289
\@aboverulesep=\dimen172
\@belowrulesep=\dimen173
\@thisruleclass=\count290
\@lastruleclass=\count291
\@thisrulewidth=\dimen174
)
(/opt/homebrew/Cellar/texlive/20250308_2/share/texmf-dist/tex/latex/tools/longt
able.sty
Package: longtable 2024-10-27 v4.22 Multi-page Table package (DPC)
\LTleft=\skip58
\LTright=\skip59
\LTpre=\skip60
\LTpost=\skip61
\LTchunksize=\count292
\LTcapwidth=\dimen175
\LT@head=\box55
\LT@firsthead=\box56
\LT@foot=\box57
\LT@lastfoot=\box58
\LT@gbox=\box59
\LT@cols=\count293
\LT@rows=\count294
\c@LT@tables=\count295
\c@LT@chunks=\count296
\LT@p@ftn=\toks32
)
(/opt/homebrew/Cellar/texlive/20250308_2/share/texmf-dist/tex/latex/xcolor/xcol
or.sty
Package: xcolor 2024/09/29 v3.02 LaTeX color extensions (UK)

(/opt/homebrew/Cellar/texlive/20250308_2/share/texmf-dist/tex/latex/graphics-cf
g/color.cfg
File: color.cfg 2016/01/02 v1.6 sample color configuration
)
Package xcolor Info: Driver file: pdftex.def on input line 274.

(/opt/homebrew/Cellar/texlive/20250308_2/share/texmf-dist/tex/latex/graphics/ma
thcolor.ltx)
Package xcolor Info: Model `cmy' substituted by `cmy0' on input line 1349.
Package xcolor Info: Model `hsb' substituted by `rgb' on input line 1353.
Package xcolor Info: Model `RGB' extended on input line 1365.
Package xcolor Info: Model `HTML' substituted by `rgb' on input line 1367.
Package xcolor Info: Model `Hsb' substituted by `hsb' on input line 1368.
Package xcolor Info: Model `tHsb' substituted by `hsb' on input line 1369.
Package xcolor Info: Model `HSB' substituted by `hsb' on input line 1370.
Package xcolor Info: Model `Gray' substituted by `gray' on input line 1371.
Package xcolor Info: Model `wave' substituted by `hsb' on input line 1372.
)
(/opt/homebrew/Cellar/texlive/20250308_2/share/texmf-dist/tex/latex/hyperref/hy
perref.sty
Package: hyperref 2024-11-05 v7.01l Hypertext links for LaTeX

(/opt/homebrew/Cellar/texlive/20250308_2/share/texmf-dist/tex/latex/kvsetkeys/k
vsetkeys.sty
Package: kvsetkeys 2022-10-05 v1.19 Key value parser (HO)
)
(/opt/homebrew/Cellar/texlive/20250308_2/share/texmf-dist/tex/generic/kvdefinek
eys/kvdefinekeys.sty
Package: kvdefinekeys 2019-12-19 v1.6 Define keys (HO)
)
(/opt/homebrew/Cellar/texlive/20250308_2/share/texmf-dist/tex/generic/pdfescape
/pdfescape.sty
Package: pdfescape 2019/12/09 v1.15 Implements pdfTeX's escape features (HO)

(/opt/homebrew/Cellar/texlive/20250308_2/share/texmf-dist/tex/generic/ltxcmds/l
txcmds.sty
Package: ltxcmds 2023-12-04 v1.26 LaTeX kernel commands for general use (HO)
)
(/opt/homebrew/Cellar/texlive/20250308_2/share/texmf-dist/tex/generic/pdftexcmd
s/pdftexcmds.sty
Package: pdftexcmds 2020-06-27 v0.33 Utility functions of pdfTeX for LuaTeX (HO
)

(/opt/homebrew/Cellar/texlive/20250308_2/share/texmf-dist/tex/generic/infwarerr
/infwarerr.sty
Package: infwarerr 2019/12/03 v1.5 Providing info/warning/error messages (HO)
)
Package pdftexcmds Info: \pdf@primitive is available.
Package pdftexcmds Info: \pdf@ifprimitive is available.
Package pdftexcmds Info: \pdfdraftmode found.
))
(/opt/homebrew/Cellar/texlive/20250308_2/share/texmf-dist/tex/latex/hycolor/hyc
olor.sty
Package: hycolor 2020-01-27 v1.10 Color options for hyperref/bookmark (HO)
)
(/opt/homebrew/Cellar/texlive/20250308_2/share/texmf-dist/tex/latex/hyperref/na
meref.sty
Package: nameref 2023-11-26 v2.56 Cross-referencing by name of section

(/opt/homebrew/Cellar/texlive/20250308_2/share/texmf-dist/tex/latex/refcount/re
fcount.sty
Package: refcount 2019/12/15 v3.6 Data extraction from label references (HO)
)
(/opt/homebrew/Cellar/texlive/20250308_2/share/texmf-dist/tex/generic/gettitles
tring/gettitlestring.sty
Package: gettitlestring 2019/12/15 v1.6 Cleanup title references (HO)

(/opt/homebrew/Cellar/texlive/20250308_2/share/texmf-dist/tex/latex/kvoptions/k
voptions.sty
Package: kvoptions 2022-06-15 v3.15 Key value format for package options (HO)
))
\c@section@level=\count297
)
(/opt/homebrew/Cellar/texlive/20250308_2/share/texmf-dist/tex/generic/stringenc
/stringenc.sty
Package: stringenc 2019/11/29 v1.12 Convert strings between diff. encodings (HO
)
)
\@linkdim=\dimen176
\Hy@linkcounter=\count298
\Hy@pagecounter=\count299

(/opt/homebrew/Cellar/texlive/20250308_2/share/texmf-dist/tex/latex/hyperref/pd
1enc.def
File: pd1enc.def 2024-11-05 v7.01l Hyperref: PDFDocEncoding definition (HO)
Now handling font encoding PD1 ...
... no UTF-8 mapping file for font encoding PD1
)
(/opt/homebrew/Cellar/texlive/20250308_2/share/texmf-dist/tex/generic/intcalc/i
ntcalc.sty
Package: intcalc 2019/12/15 v1.3 Expandable calculations with integers (HO)
)
\Hy@SavedSpaceFactor=\count300

(/opt/homebrew/Cellar/texlive/20250308_2/share/texmf-dist/tex/latex/hyperref/pu
enc.def
File: puenc.def 2024-11-05 v7.01l Hyperref: PDF Unicode definition (HO)
Now handling font encoding PU ...
... no UTF-8 mapping file for font encoding PU
)
Package hyperref Info: Option `colorlinks' set `true' on input line 4040.
Package hyperref Info: Hyper figures OFF on input line 4157.
Package hyperref Info: Link nesting OFF on input line 4162.
Package hyperref Info: Hyper index ON on input line 4165.
Package hyperref Info: Plain pages OFF on input line 4172.
Package hyperref Info: Backreferencing OFF on input line 4177.
Package hyperref Info: Implicit mode ON; LaTeX internals redefined.
Package hyperref Info: Bookmarks ON on input line 4424.
\c@Hy@tempcnt=\count301

(/opt/homebrew/Cellar/texlive/20250308_2/share/texmf-dist/tex/latex/url/url.sty
\Urlmuskip=\muskip18
Package: url 2013/09/16  ver 3.4  Verb mode for urls, etc.
)
LaTeX Info: Redefining \url on input line 4763.
\XeTeXLinkMargin=\dimen177

(/opt/homebrew/Cellar/texlive/20250308_2/share/texmf-dist/tex/generic/bitset/bi
tset.sty
Package: bitset 2019/12/09 v1.3 Handle bit-vector datatype (HO)

(/opt/homebrew/Cellar/texlive/20250308_2/share/texmf-dist/tex/generic/bigintcal
c/bigintcalc.sty
Package: bigintcalc 2019/12/15 v1.5 Expandable calculations on big integers (HO
)
))
\Fld@menulength=\count302
\Field@Width=\dimen178
\Fld@charsize=\dimen179
Package hyperref Info: Hyper figures OFF on input line 6042.
Package hyperref Info: Link nesting OFF on input line 6047.
Package hyperref Info: Hyper index ON on input line 6050.
Package hyperref Info: backreferencing OFF on input line 6057.
Package hyperref Info: Link coloring ON on input line 6060.
Package hyperref Info: Link coloring with OCG OFF on input line 6067.
Package hyperref Info: PDF/A mode OFF on input line 6072.

(/opt/homebrew/Cellar/texlive/20250308_2/share/texmf-dist/tex/latex/base/atbegs
hi-ltx.sty
Package: atbegshi-ltx 2021/01/10 v1.0c Emulation of the original atbegshi
package with kernel methods
)
\Hy@abspage=\count303
\c@Item=\count304
\c@Hfootnote=\count305
)
Package hyperref Info: Driver (autodetected): hpdftex.

(/opt/homebrew/Cellar/texlive/20250308_2/share/texmf-dist/tex/latex/hyperref/hp
dftex.def
File: hpdftex.def 2024-11-05 v7.01l Hyperref driver for pdfTeX

(/opt/homebrew/Cellar/texlive/20250308_2/share/texmf-dist/tex/latex/base/atvery
end-ltx.sty
Package: atveryend-ltx 2020/08/19 v1.0a Emulation of the original atveryend pac
kage
with kernel methods
)
\Fld@listcount=\count306
\c@bookmark@seq@number=\count307

(/opt/homebrew/Cellar/texlive/20250308_2/share/texmf-dist/tex/latex/rerunfilech
eck/rerunfilecheck.sty
Package: rerunfilecheck 2022-07-10 v1.10 Rerun checks for auxiliary files (HO)

(/opt/homebrew/Cellar/texlive/20250308_2/share/texmf-dist/tex/generic/uniquecou
nter/uniquecounter.sty
Package: uniquecounter 2019/12/15 v1.4 Provide unlimited unique counter (HO)
)
Package uniquecounter Info: New unique counter `rerunfilecheck' on input line 2
85.
)
\Hy@SectionHShift=\skip62
)
\c@theorem=\count308
\c@lemma=\count309
\c@proposition=\count310
\c@corollary=\count311
\c@conjecture=\count312
\c@definition=\count313
LaTeX Font Info:    Trying to load font information for T1+lmr on input line 33
.

(/opt/homebrew/Cellar/texlive/20250308_2/share/texmf-dist/tex/latex/lm/t1lmr.fd
File: t1lmr.fd 2015/05/01 v1.6.1 Font defs for Latin Modern
)
(/opt/homebrew/Cellar/texlive/20250308_2/share/texmf-dist/tex/latex/l3backend/l
3backend-pdftex.def
File: l3backend-pdftex.def 2024-05-08 L3 backend support: PDF output (pdfTeX)
\l__color_backend_stack_int=\count314
\l__pdf_internal_box=\box60
) (./kbound_submission.aux

LaTeX Warning: Label `thm:frontier' multiply defined.

)
\openout1 = `kbound_submission.aux'.

LaTeX Font Info:    Checking defaults for OML/cmm/m/it on input line 33.
LaTeX Font Info:    ... okay on input line 33.
LaTeX Font Info:    Checking defaults for OMS/cmsy/m/n on input line 33.
LaTeX Font Info:    ... okay on input line 33.
LaTeX Font Info:    Checking defaults for OT1/cmr/m/n on input line 33.
LaTeX Font Info:    ... okay on input line 33.
LaTeX Font Info:    Checking defaults for T1/cmr/m/n on input line 33.
LaTeX Font Info:    ... okay on input line 33.
LaTeX Font Info:    Checking defaults for TS1/cmr/m/n on input line 33.
LaTeX Font Info:    ... okay on input line 33.
LaTeX Font Info:    Checking defaults for OMX/cmex/m/n on input line 33.
LaTeX Font Info:    ... okay on input line 33.
LaTeX Font Info:    Checking defaults for U/cmr/m/n on input line 33.
LaTeX Font Info:    ... okay on input line 33.
LaTeX Font Info:    Checking defaults for PD1/pdf/m/n on input line 33.
LaTeX Font Info:    ... okay on input line 33.
LaTeX Font Info:    Checking defaults for PU/pdf/m/n on input line 33.
LaTeX Font Info:    ... okay on input line 33.
LaTeX Info: Redefining \microtypecontext on input line 33.
Package microtype Info: Applying patch `item' on input line 33.
Package microtype Info: Applying patch `toc' on input line 33.
Package microtype Info: Applying patch `eqnum' on input line 33.
Package microtype Info: Applying patch `footnote' on input line 33.
Package microtype Info: Applying patch `verbatim' on input line 33.
LaTeX Info: Redefining \microtypesetup on input line 33.
Package microtype Info: Generating PDF output.
Package microtype Info: Character protrusion enabled (level 2).
Package microtype Info: Using default protrusion set `alltext'.
Package microtype Info: Automatic font expansion enabled (level 2),
(microtype)             stretch: 20, shrink: 20, step: 1, non-selected.
Package microtype Info: Using default expansion set `alltext-nott'.
LaTeX Info: Redefining \showhyphens on input line 33.
Package microtype Info: No adjustment of tracking.
Package microtype Info: No adjustment of interword spacing.
Package microtype Info: No adjustment of character kerning.

(/opt/homebrew/Cellar/texlive/20250308_2/share/texmf-dist/tex/latex/microtype/m
t-cmr.cfg
File: mt-cmr.cfg 2013/05/19 v2.2 microtype config. file: Computer Modern Roman 
(RS)
)
*geometry* driver: auto-detecting
*geometry* detected driver: pdftex
*geometry* verbose mode - [ preamble ] result:
* driver: pdftex
* paper: <default>
* layout: <same size as paper>
* layoutoffset:(h,v)=(0.0pt,0.0pt)
* modes: 
* h-part:(L,W,R)=(72.26999pt, 469.75502pt, 72.26999pt)
* v-part:(T,H,B)=(72.26999pt, 650.43001pt, 72.26999pt)
* \paperwidth=614.295pt
* \paperheight=794.96999pt
* \textwidth=469.75502pt
* \textheight=650.43001pt
* \oddsidemargin=0.0pt
* \evensidemargin=0.0pt
* \topmargin=-37.0pt
* \headheight=12.0pt
* \headsep=25.0pt
* \topskip=11.0pt
* \footskip=30.0pt
* \marginparwidth=59.0pt
* \marginparsep=10.0pt
* \columnsep=10.0pt
* \skip\footins=10.0pt plus 4.0pt minus 2.0pt
* \hoffset=0.0pt
* \voffset=0.0pt
* \mag=1000
* \@twocolumnfalse
* \@twosidefalse
* \@mparswitchfalse
* \@reversemarginfalse
* (1in=72.27pt=25.4mm, 1cm=28.453pt)


(/opt/homebrew/Cellar/texlive/20250308_2/share/texmf-dist/tex/context/base/mkii
/supp-pdf.mkii
[Loading MPS to PDF converter (version 2006.09.02).]
\scratchcounter=\count315
\scratchdimen=\dimen180
\scratchbox=\box61
\nofMPsegments=\count316
\nofMParguments=\count317
\everyMPshowfont=\toks33
\MPscratchCnt=\count318
\MPscratchDim=\dimen181
\MPnumerator=\count319
\makeMPintoPDFobject=\count320
\everyMPtoPDFconversion=\toks34
)
(/opt/homebrew/Cellar/texlive/20250308_2/share/texmf-dist/tex/latex/epstopdf-pk
g/epstopdf-base.sty
Package: epstopdf-base 2020-01-24 v2.11 Base part for package epstopdf
Package epstopdf-base Info: Redefining graphics rule for `.eps' on input line 4
85.

(/opt/homebrew/Cellar/texlive/20250308_2/share/texmf-dist/tex/latex/latexconfig
/epstopdf-sys.cfg
File: epstopdf-sys.cfg 2010/07/13 v1.3 Configuration of (r)epstopdf for TeX Liv
e
))
Package hyperref Info: Link coloring ON on input line 33.
 (./kbound_submission.out) (./kbound_submission.out)
\@outlinefile=\write3
\openout3 = `kbound_submission.out'.

LaTeX Font Info:    Trying to load font information for OT1+lmr on input line 3
5.

(/opt/homebrew/Cellar/texlive/20250308_2/share/texmf-dist/tex/latex/lm/ot1lmr.f
d
File: ot1lmr.fd 2015/05/01 v1.6.1 Font defs for Latin Modern
)
LaTeX Font Info:    Trying to load font information for OML+lmm on input line 3
5.

(/opt/homebrew/Cellar/texlive/20250308_2/share/texmf-dist/tex/latex/lm/omllmm.f
d
File: omllmm.fd 2015/05/01 v1.6.1 Font defs for Latin Modern
)
LaTeX Font Info:    Trying to load font information for OMS+lmsy on input line 
35.

(/opt/homebrew/Cellar/texlive/20250308_2/share/texmf-dist/tex/latex/lm/omslmsy.
fd
File: omslmsy.fd 2015/05/01 v1.6.1 Font defs for Latin Modern
)
LaTeX Font Info:    Trying to load font information for OMX+lmex on input line 
35.

(/opt/homebrew/Cellar/texlive/20250308_2/share/texmf-dist/tex/latex/lm/omxlmex.
fd
File: omxlmex.fd 2015/05/01 v1.6.1 Font defs for Latin Modern
)
LaTeX Font Info:    External font `lmex10' loaded for size
(Font)              <12> on input line 35.
LaTeX Font Info:    External font `lmex10' loaded for size
(Font)              <8> on input line 35.
LaTeX Font Info:    External font `lmex10' loaded for size
(Font)              <6> on input line 35.
LaTeX Font Info:    Trying to load font information for U+msa on input line 35.


(/opt/homebrew/Cellar/texlive/20250308_2/share/texmf-dist/tex/latex/amsfonts/um
sa.fd
File: umsa.fd 2013/01/14 v3.01 AMS symbols A
)
(/opt/homebrew/Cellar/texlive/20250308_2/share/texmf-dist/tex/latex/microtype/m
t-msa.cfg
File: mt-msa.cfg 2006/02/04 v1.1 microtype config. file: AMS symbols (a) (RS)
)
LaTeX Font Info:    Trying to load font information for U+msb on input line 35.


(/opt/homebrew/Cellar/texlive/20250308_2/share/texmf-dist/tex/latex/amsfonts/um
sb.fd
File: umsb.fd 2013/01/14 v3.01 AMS symbols B
)
(/opt/homebrew/Cellar/texlive/20250308_2/share/texmf-dist/tex/latex/microtype/m
t-msb.cfg
File: mt-msb.cfg 2005/06/01 v1.0 microtype config. file: AMS symbols (b) (RS)
)
Package microtype Info: Character `029' is missing
(microtype)             in font `T1/lmr/m/sc/10'.
(microtype)             Ignoring protrusion settings for this character.
LaTeX Font Info:    External font `lmex10' loaded for size
(Font)              <10.95> on input line 67.


[1

{/opt/homebrew/Cellar/texlive/20250308_2/share/texmf-dist/fonts/map/pdftex/updm
ap/pdftex.map}{/opt/homebrew/Cellar/texlive/20250308_2/share/texmf-dist/fonts/e
nc/dvips/lm/lm-ec.enc}]
Package microtype Info: Character `029' is missing
(microtype)             in font `T1/lmr/m/sc/10.95'.
(microtype)             Ignoring protrusion settings for this character.
LaTeX Font Info:    Trying to load font information for TS1+lmr on input line 1
27.

(/opt/homebrew/Cellar/texlive/20250308_2/share/texmf-dist/tex/latex/lm/ts1lmr.f
d
File: ts1lmr.fd 2015/05/01 v1.6.1 Font defs for Latin Modern
)

[2{/opt/homebrew/Cellar/texlive/20250308_2/share/texmf-dist/fonts/enc/dvips/lm/
lm-ts1.enc}]

[3{/opt/homebrew/Cellar/texlive/20250308_2/share/texmf-dist/fonts/enc/dvips/lm/
lm-mathit.enc}{/opt/homebrew/Cellar/texlive/20250308_2/share/texmf-dist/fonts/e
nc/dvips/lm/lm-rm.enc}{/opt/homebrew/Cellar/texlive/20250308_2/share/texmf-dist
/fonts/enc/dvips/lm/lm-mathex.enc}{/opt/homebrew/Cellar/texlive/20250308_2/shar
e/texmf-dist/fonts/enc/dvips/lm/lm-mathsy.enc}]
LaTeX Font Info:    External font `lmex10' loaded for size
(Font)              <10> on input line 200.
LaTeX Font Info:    External font `lmex10' loaded for size
(Font)              <7> on input line 200.
LaTeX Font Info:    External font `lmex10' loaded for size
(Font)              <5> on input line 200.


[4]
<figures/fig_phase_diagram.png, id=231, 713.867pt x 536.8055pt>
File: figures/fig_phase_diagram.png Graphic file (type png)
<use figures/fig_phase_diagram.png>
Package pdftex.def Info: figures/fig_phase_diagram.png  used on input line 289.

(pdftex.def)             Requested size: 385.20255pt x 289.66588pt.


LaTeX Warning: `h' float specifier changed to `ht'.


LaTeX Font Warning: Font shape `T1/lmr/m/scit' undefined
(Font)              using `T1/lmr/m/scsl' instead on input line 306.


LaTeX Font Warning: Font shape `T1/lmr/m/scit' undefined
(Font)              using `T1/lmr/m/scsl' instead on input line 306.


LaTeX Font Warning: Font shape `T1/lmr/m/scit' undefined
(Font)              using `T1/lmr/m/scsl' instead on input line 306.


LaTeX Font Warning: Font shape `T1/lmr/m/scit' undefined
(Font)              using `T1/lmr/m/scsl' instead on input line 313.



[5]

LaTeX Font Warning: Font shape `T1/lmr/m/scit' undefined
(Font)              using `T1/lmr/m/scsl' instead on input line 329.


LaTeX Font Warning: Font shape `T1/lmr/m/scit' undefined
(Font)              using `T1/lmr/m/scsl' instead on input line 329.


LaTeX Font Warning: Font shape `T1/lmr/m/scit' undefined
(Font)              using `T1/lmr/m/scsl' instead on input line 330.


LaTeX Font Warning: Font shape `T1/lmr/m/scit' undefined
(Font)              using `T1/lmr/m/scsl' instead on input line 330.


LaTeX Font Warning: Font shape `T1/lmr/m/scit' undefined
(Font)              using `T1/lmr/m/scsl' instead on input line 336.

LaTeX Font Info:    Trying to load font information for T1+lmtt on input line 3
42.

(/opt/homebrew/Cellar/texlive/20250308_2/share/texmf-dist/tex/latex/lm/t1lmtt.f
d
File: t1lmtt.fd 2015/05/01 v1.6.1 Font defs for Latin Modern
)
Package microtype Info: Loading generic protrusion settings for font family
(microtype)             `lmtt' (encoding: T1).
(microtype)             For optimal results, create family-specific settings.
(microtype)             See the microtype manual for details.

Overfull \hbox (124.15169pt too wide) in paragraph at lines 341--346
[]\T1/lmr/m/it/10.95 (-20) (Proof de-ferred to Ap-pendix [][]A[][].) Nu-mer-i-c
al san-ity check \T1/lmr/m/n/10.95 (-20) (\T1/lmtt/m/n/10.95 experiments/kbound
/theory_validation/val_thm1_lecam.py\T1/lmr/m/n/10.95 (-20) ):
 []

<figures/fig_lecam_bound.png, id=255, 433.62pt x 289.08pt>
File: figures/fig_lecam_bound.png Graphic file (type png)
<use figures/fig_lecam_bound.png>
Package pdftex.def Info: figures/fig_lecam_bound.png  used on input line 348.
(pdftex.def)             Requested size: 281.85587pt x 187.913pt.


[6 <./figures/fig_phase_diagram.png>]

LaTeX Font Warning: Font shape `T1/lmr/m/scit' undefined
(Font)              using `T1/lmr/m/scsl' instead on input line 369.

<figures/fig_regret_decomposition.png, id=269, 404.712pt x 289.08pt>
File: figures/fig_regret_decomposition.png Graphic file (type png)
<use figures/fig_regret_decomposition.png>
Package pdftex.def Info: figures/fig_regret_decomposition.png  used on input li
ne 383.
(pdftex.def)             Requested size: 258.36668pt x 184.55623pt.

LaTeX Font Warning: Font shape `T1/lmr/m/scit' undefined
(Font)              using `T1/lmr/m/scsl' instead on input line 397.


LaTeX Font Warning: Font shape `T1/lmr/m/scit' undefined
(Font)              using `T1/lmr/m/scsl' instead on input line 398.


LaTeX Font Warning: Font shape `T1/lmr/m/scit' undefined
(Font)              using `T1/lmr/m/scsl' instead on input line 399.



[7 <./figures/fig_lecam_bound.png>]

LaTeX Font Warning: Font shape `T1/lmr/m/scit' undefined
(Font)              using `T1/lmr/m/scsl' instead on input line 401.


LaTeX Font Warning: Font shape `T1/lmr/m/scit' undefined
(Font)              using `T1/lmr/m/scsl' instead on input line 402.


LaTeX Font Warning: Font shape `T1/lmr/m/scit' undefined
(Font)              using `T1/lmr/m/scsl' instead on input line 418.


LaTeX Font Warning: Font shape `T1/lmr/m/scit' undefined
(Font)              using `T1/lmr/m/scsl' instead on input line 428.


LaTeX Font Warning: Font shape `T1/lmr/m/scit' undefined
(Font)              using `T1/lmr/m/scsl' instead on input line 428.



[8 <./figures/fig_regret_decomposition.png>]
Overfull \hbox (30.29033pt too wide) in paragraph at lines 464--477
 [][] 
 []



[9]

LaTeX Font Warning: Font shape `T1/lmr/bx/sc' undefined
(Font)              using `T1/lmr/bx/n' instead on input line 539.



[10]

LaTeX Warning: `h' float specifier changed to `ht'.



[11]
<figures/fig_witness_clean.png, id=365, 433.62pt x 289.08pt>
File: figures/fig_witness_clean.png Graphic file (type png)
<use figures/fig_witness_clean.png>
Package pdftex.def Info: figures/fig_witness_clean.png  used on input line 639.

(pdftex.def)             Requested size: 281.85587pt x 187.913pt.


[12 <./figures/fig_witness_clean.png>]
<figures/fig_mixed_policies.png, id=382, 404.712pt x 289.08pt>
File: figures/fig_mixed_policies.png Graphic file (type png)
<use figures/fig_mixed_policies.png>
Package pdftex.def Info: figures/fig_mixed_policies.png  used on input line 698
.
(pdftex.def)             Requested size: 230.18253pt x 164.4156pt.
<figures/fig_mixed_decisions.png, id=383, 433.62pt x 289.08pt>
File: figures/fig_mixed_decisions.png Graphic file (type png)
<use figures/fig_mixed_decisions.png>
Package pdftex.def Info: figures/fig_mixed_decisions.png  used on input line 69
9.
(pdftex.def)             Requested size: 230.18253pt x 153.45427pt.
<figures/fig_kbound_harmful.png, id=384, 397.485pt x 289.08pt>
File: figures/fig_kbound_harmful.png Graphic file (type png)
<use figures/fig_kbound_harmful.png>
Package pdftex.def Info: figures/fig_kbound_harmful.png  used on input line 705
.
(pdftex.def)             Requested size: 230.18253pt x 167.41068pt.
<figures/fig_certificate.png, id=385, 505.89pt x 303.534pt>
File: figures/fig_certificate.png Graphic file (type png)
<use figures/fig_certificate.png>
Package pdftex.def Info: figures/fig_certificate.png  used on input line 706.
(pdftex.def)             Requested size: 230.18253pt x 138.11281pt.


LaTeX Warning: `h' float specifier changed to `ht'.

<figures/fig_ablation_evidence.png, id=386, 469.755pt x 260.172pt>
File: figures/fig_ablation_evidence.png Graphic file (type png)
<use figures/fig_ablation_evidence.png>
Package pdftex.def Info: figures/fig_ablation_evidence.png  used on input line 
713.
(pdftex.def)             Requested size: 150.32504pt x 83.25673pt.
<figures/fig_alpha_coverage.png, id=387, 361.35pt x 274.626pt>
File: figures/fig_alpha_coverage.png Graphic file (type png)
<use figures/fig_alpha_coverage.png>
Package pdftex.def Info: figures/fig_alpha_coverage.png  used on input line 714
.
(pdftex.def)             Requested size: 150.32504pt x 114.24841pt.
<figures/fig_regression.png, id=388, 404.712pt x 274.626pt>
File: figures/fig_regression.png Graphic file (type png)
<use figures/fig_regression.png>
Package pdftex.def Info: figures/fig_regression.png  used on input line 715.
(pdftex.def)             Requested size: 150.32504pt x 102.00812pt.

LaTeX Warning: `h' float specifier changed to `ht'.

<figures/fig_decision_flow.png, id=389, 505.89pt x 187.902pt>
File: figures/fig_decision_flow.png Graphic file (type png)
<use figures/fig_decision_flow.png>
Package pdftex.def Info: figures/fig_decision_flow.png  used on input line 723.

(pdftex.def)             Requested size: 291.2458pt x 108.17755pt.
<figures/fig_regret_summary.png, id=390, 469.755pt x 274.626pt>
File: figures/fig_regret_summary.png Graphic file (type png)
<use figures/fig_regret_summary.png>
Package pdftex.def Info: figures/fig_regret_summary.png  used on input line 724
.
(pdftex.def)             Requested size: 169.11209pt x 98.86528pt.

LaTeX Warning: `h' float specifier changed to `ht'.



[13 <./figures/fig_mixed_policies.png> <./figures/fig_mixed_decisions.png>]

LaTeX Warning: `h' float specifier changed to `ht'.

<figures/fig_cifar_tent_online.png, id=405, 578.16pt x 289.08pt>
File: figures/fig_cifar_tent_online.png Graphic file (type png)
<use figures/fig_cifar_tent_online.png>
Package pdftex.def Info: figures/fig_cifar_tent_online.png  used on input line 
774.
(pdftex.def)             Requested size: 338.22418pt x 169.1089pt.

LaTeX Warning: `h' float specifier changed to `ht'.



[14 <./figures/fig_kbound_harmful.png> <./figures/fig_certificate.png> <./figur
es/fig_ablation_evidence.png> <./figures/fig_alpha_coverage.png> <./figures/fig
_regression.png>]
<figures/fig_cifar10c_collapse.png, id=422, 794.97pt x 289.08pt>
File: figures/fig_cifar10c_collapse.png Graphic file (type png)
<use figures/fig_cifar10c_collapse.png>
Package pdftex.def Info: figures/fig_cifar10c_collapse.png  used on input line 
821.
(pdftex.def)             Requested size: 258.36668pt x 93.95428pt.
<figures/fig_cifar10c_crossover.png, id=423, 505.89pt x 361.35pt>
File: figures/fig_cifar10c_crossover.png Graphic file (type png)
<use figures/fig_cifar10c_crossover.png>
Package pdftex.def Info: figures/fig_cifar10c_crossover.png  used on input line
 822.
(pdftex.def)             Requested size: 197.29623pt x 140.92593pt.


LaTeX Warning: `h' float specifier changed to `ht'.



[15 <./figures/fig_decision_flow.png> <./figures/fig_regret_summary.png>]

LaTeX Warning: `h' float specifier changed to `ht'.

<figures/fig_decisive_pareto_cifar10c.png, id=436, 462.528pt x 303.534pt>
File: figures/fig_decisive_pareto_cifar10c.png Graphic file (type png)
<use figures/fig_decisive_pareto_cifar10c.png>
Package pdftex.def Info: figures/fig_decisive_pareto_cifar10c.png  used on inpu
t line 883.
(pdftex.def)             Requested size: 450.96797pt x 295.96066pt.

LaTeX Warning: `h' float specifier changed to `ht'.



[16 <./figures/fig_cifar_tent_online.png>]

LaTeX Warning: `h' float specifier changed to `ht'.


LaTeX Warning: `h' float specifier changed to `ht'.



[17 <./figures/fig_cifar10c_collapse.png> <./figures/fig_cifar10c_crossover.png
>]
Underfull \hbox (badness 10000) in paragraph at lines 1001--1001
[]\T1/lmr/m/n/10 (+20) TTA is re-framed as a label-free
 []



[18 <./figures/fig_decisive_pareto_cifar10c.png>]

[19]
Overfull \hbox (8.6677pt too wide) in paragraph at lines 1038--1041
\T1/lmr/m/n/10.95 (-20) view) (see the repos-i-tory \T1/lmtt/m/n/10.95 LICENSE\
T1/lmr/m/n/10.95 (-20) ); the K-Bound pa-per and scripts live un-der \T1/lmtt/m
/n/10.95 docs/research/kbound/\T1/lmr/m/n/10.95 (-20) . 
 []


Overfull \hbox (157.14122pt too wide) in paragraph at lines 1042--1048
\T1/lmr/m/n/10.95 (-20) routing, re-gres-sion, wit-ness, and ab-la-tion experim
ents---run via \T1/lmtt/m/n/10.95 python docs/research/kbound/scripts/99_reprod
uce_kbound.py
 []


Overfull \hbox (212.10194pt too wide) in paragraph at lines 1042--1048
\T1/lmtt/m/n/10.95 --run\T1/lmr/m/n/10.95 (-20) . The deep-TTA stress grid runs
 on con-sumer hard-ware (GPU) or CUDA via \T1/lmtt/m/n/10.95 bash docs/research
/kbound/scripts/run_decisive_tta.sh\T1/lmr/m/n/10.95 (-20) ,
 []


Overfull \hbox (100.1913pt too wide) in paragraph at lines 1049--1054
\T1/lmr/m/n/10.95 (-20) pinned to \T1/lmtt/m/n/10.95 torch 2.5.1\T1/lmr/m/n/10.
95 (-20) /\T1/lmtt/m/n/10.95 torchvision 0.20.1\T1/lmr/m/n/10.95 (-20) ; the CP
U-only stages need only \T1/lmtt/m/n/10.95 numpy/scipy/scikit-learn/matplotlib\
T1/lmr/m/n/10.95 (-20) ,
 []


Overfull \hbox (19.74736pt too wide) in paragraph at lines 1049--1054
\T1/lmr/m/n/10.95 (-20) and \T1/lmtt/m/n/10.95 pdflatex \T1/lmr/m/n/10.95 (-20)
 com-piles the pa-per. A \T1/lmtt/m/n/10.95 Dockerfile \T1/lmr/m/n/10.95 (-20) 
builds the pro-duc-tion in-fer-ence API (FastAPI/\T1/lmtt/m/n/10.95 uvicorn\T1/
lmr/m/n/10.95 (-20) ,
 []


Overfull \hbox (383.7659pt too wide) in paragraph at lines 1060--1068
\T1/lmr/m/n/10.95 (-20) sult man-i-fests (\T1/lmtt/m/n/10.95 docs/research/kbou
nd/results/result_manifest.json\T1/lmr/m/n/10.95 (-20) , \T1/lmtt/m/n/10.95 exp
eriments/kbound/results/stress_grid_multiseed_v1/seed{0,...,4}/result_manifest.
json\T1/lmr/m/n/10.95 (-20) ,
 []

(./paper/references_kbound_expanded.tex

[20]

[21]

[22]) (./paper/proofs_appendix.tex

[23]

[24]

[25]
Overfull \hbox (15.6104pt too wide) in paragraph at lines 277--286
[]\T1/lmr/m/n/10 (-20) Validity is The-o-rem [][]4[][] with the Maurer--Pontil 
de-vi-a-tion bound $\OMS/lmsy/m/n/10 j[] ^^@ \OT1/lmr/m/n/10 (-20) ^^A\OMS/lmsy
/m/n/10 j ^^T [] \OT1/lmr/m/n/10 (-20) +
 []

) (./paper/sections_sub/benefit_sign_frontier.tex

[26]

LaTeX Font Warning: Font shape `T1/lmr/m/scit' undefined
(Font)              using `T1/lmr/m/scsl' instead on input line 65.


LaTeX Font Warning: Font shape `T1/lmr/m/scit' undefined
(Font)              using `T1/lmr/m/scsl' instead on input line 65.


LaTeX Font Warning: Font shape `T1/lmr/m/scit' undefined
(Font)              using `T1/lmr/m/scsl' instead on input line 74.


LaTeX Font Warning: Font shape `T1/lmr/m/scit' undefined
(Font)              using `T1/lmr/m/scsl' instead on input line 74.


LaTeX Font Warning: Font shape `T1/lmr/m/scit' undefined
(Font)              using `T1/lmr/m/scsl' instead on input line 74.



[27]) (./paper/sections_sub/theory_extensions_v2.tex

LaTeX Font Warning: Font shape `T1/lmr/m/scit' undefined
(Font)              using `T1/lmr/m/scsl' instead on input line 20.

LaTeX Font Info:    Trying to load font information for U+euf on input line 37.


(/opt/homebrew/Cellar/texlive/20250308_2/share/texmf-dist/tex/latex/amsfonts/ue
uf.fd
File: ueuf.fd 2013/01/14 v3.01 Euler Fraktur
)
(/opt/homebrew/Cellar/texlive/20250308_2/share/texmf-dist/tex/latex/microtype/m
t-euf.cfg
File: mt-euf.cfg 2006/07/03 v1.1 microtype config. file: AMS Euler Fraktur (RS)

)

[28]

LaTeX Font Warning: Font shape `T1/lmr/m/scit' undefined
(Font)              using `T1/lmr/m/scsl' instead on input line 57.

) (./paper/sections_sub/regression_conjecture.tex
<figures/fig_regression_boundary.png, id=688, 751.05208pt x 280.18523pt>
File: figures/fig_regression_boundary.png Graphic file (type png)
<use figures/fig_regression_boundary.png>
Package pdftex.def Info: figures/fig_regression_boundary.png  used on input lin
e 62.
(pdftex.def)             Requested size: 432.17375pt x 161.22922pt.
)

[29] (./paper/sections_sub/labelshift_boundary.tex

[30 <./figures/fig_regression_boundary.png>]
<figures/fig_labelshift_boundary.png, id=717, 751.05208pt x 280.18523pt>
File: figures/fig_labelshift_boundary.png Graphic file (type png)
<use figures/fig_labelshift_boundary.png>
Package pdftex.def Info: figures/fig_labelshift_boundary.png  used on input lin
e 57.
(pdftex.def)             Requested size: 432.17375pt x 161.22922pt.
)
(./paper/sections_sub/unification_reach.tex
Overfull \hbox (29.44965pt too wide) in paragraph at lines 36--47
 [] 
 []



[31 <./figures/fig_labelshift_boundary.png>]
<figures/fig_reach_table.png, id=739, 606.51207pt x 280.18523pt>
File: figures/fig_reach_table.png Graphic file (type png)
<use figures/fig_reach_table.png>
Package pdftex.def Info: figures/fig_reach_table.png  used on input line 62.
(pdftex.def)             Requested size: 375.80544pt x 173.61043pt.
)
(./paper/sections_sub/multicandidate.tex

[32 <./figures/fig_reach_table.png>]
<figures/final/fig_feasibility.png, id=764, 783.29561pt x 279.6293pt>
File: figures/final/fig_feasibility.png Graphic file (type png)
<use figures/final/fig_feasibility.png>
Package pdftex.def Info: figures/final/fig_feasibility.png  used on input line 
72.
(pdftex.def)             Requested size: 432.17375pt x 154.28299pt.
)

[33 <./figures/final/fig_feasibility.png>]
(./paper/sections_sub/knowability_frontier.tex

LaTeX Font Warning: Font shape `T1/lmr/m/scit' undefined
(Font)              using `T1/lmr/m/scsl' instead on input line 18.


LaTeX Font Warning: Font shape `T1/lmr/m/scit' undefined
(Font)              using `T1/lmr/m/scsl' instead on input line 18.


LaTeX Font Warning: Font shape `T1/lmr/m/scit' undefined
(Font)              using `T1/lmr/m/scsl' instead on input line 19.


LaTeX Font Warning: Font shape `T1/lmr/m/scit' undefined
(Font)              using `T1/lmr/m/scsl' instead on input line 19.


Overfull \hbox (2.25049pt too wide) in paragraph at lines 44--56
\T1/lmr/m/it/10 (-20) Numerically val-i-dated \T1/lmr/m/n/10 (-20) (\T1/lmtt/m/
n/10 knowability_frontier_validation.py\T1/lmr/m/n/10 (-20) ). \T1/lmr/m/it/10 
(-20) Syn-thetic \T1/lmr/m/n/10 (-20) (planted am-bigu-ous mass $\OML/lmm/m/it/
10 U[]\OT1/lmr/m/n/10 (-20) 0\OML/lmm/m/it/10 :\OT1/lmr/m/n/10 (-20) 30$\T1/lmr
/m/n/10 (-20) ,
 []

<figures/fig_kfrontier.png, id=784, 787.18707pt x 312.9847pt>
File: figures/fig_kfrontier.png Graphic file (type png)
<use figures/fig_kfrontier.png>
Package pdftex.def Info: figures/fig_kfrontier.png  used on input line 58.
(pdftex.def)             Requested size: 446.26582pt x 177.43842pt.

LaTeX Font Warning: Font shape `T1/lmr/m/scit' undefined
(Font)              using `T1/lmr/m/scsl' instead on input line 82.



[34]
<figures/fig_subsumption.png, id=806, 714.36116pt x 264.61938pt>
File: figures/fig_subsumption.png Graphic file (type png)
<use figures/fig_subsumption.png>
Package pdftex.def Info: figures/fig_subsumption.png  used on input line 112.
(pdftex.def)             Requested size: 399.29463pt x 147.91127pt.
) (./paper/sections_sub/knowability_rates.tex

[35 <./figures/fig_kfrontier.png>]
<figures/fig_krates.png, id=828, 749.94023pt x 302.97807pt>
File: figures/fig_krates.png Graphic file (type png)
<use figures/fig_krates.png>
Package pdftex.def Info: figures/fig_krates.png  used on input line 59.
(pdftex.def)             Requested size: 432.17375pt x 174.59937pt.
)

[36 <./figures/fig_subsumption.png>]
Underfull \hbox (badness 3364) in paragraph at lines 1131--1131
[]\T1/lmr/m/n/10 (+20) Validation-only cer-ti-fied se-lec-tion among
 []



[37 <./figures/fig_krates.png>]

LaTeX Font Warning: Font shape `T1/lmr/m/scit' undefined
(Font)              using `T1/lmr/m/scsl' instead on input line 1153.


LaTeX Font Warning: Font shape `T1/lmr/m/scit' undefined
(Font)              using `T1/lmr/m/scsl' instead on input line 1153.


LaTeX Font Warning: Font shape `T1/lmr/m/scit' undefined
(Font)              using `T1/lmr/m/scsl' instead on input line 1154.


Overfull \hbox (1.19391pt too wide) in paragraph at lines 1158--1166
[]\T1/lmr/m/it/10 (-20) (Proof de-ferred to Ap-pendix [][]A[][].) \T1/lmr/m/n/1
0 (-20) A pre-dictable trun-cated growth-optimal bet $\OML/lmm/m/it/10 ^^U[] \O
T1/lmr/m/n/10 (-20) = []([]\OML/lmm/m/it/10 =[]; \OT1/lmr/m/n/10 (-20) 0\OML/lm
m/m/it/10 ; c=\OT1/lmr/m/n/10 (-20) (\OMS/lmsy/m/n/10 ^^@\OML/lmm/m/it/10 a\OT1
/lmr/m/n/10 (-20) ))$
 []


Overfull \hbox (17.02812pt too wide) in paragraph at lines 1158--1166
\T1/lmr/m/n/10 (-20) gov-erns power; va-lid-ity needs only pre-dictabil-ity and
 bound-ed-ness. \T1/lmr/m/it/10 (-20) Nu-mer-i-cal san-ity check \T1/lmr/m/n/10
 (-20) (\T1/lmtt/m/n/10 val_thm3_evalue.py\T1/lmr/m/n/10 (-20) ):
 []



[38]
LaTeX Font Info:    External font `lmex10' loaded for size
(Font)              <14.4> on input line 1192.


Package hyperref Warning: Token not allowed in a PDF string (Unicode):
(hyperref)                removing `math shift' on input line 1192.


Package hyperref Warning: Token not allowed in a PDF string (Unicode):
(hyperref)                removing `\times' on input line 1192.


Package hyperref Warning: Token not allowed in a PDF string (Unicode):
(hyperref)                removing `math shift' on input line 1192.

(./paper/appendix_cifar10c_cells.tex
Overfull \hbox (78.67812pt too wide) in paragraph at lines 1193--2
\T1/lmr/m/n/10 (-20) di-dates). The per-method means re-pro-duce Ta-ble [][]6[]
[] ex-actly. Raw CSV: \T1/lmtt/m/n/10 experiments/kbound/results/cifar10c_65cel
ls.csv\T1/lmr/m/n/10 (-20) . 
 []

LaTeX Font Info:    External font `lmex10' loaded for size
(Font)              <9> on input line 3.
Package microtype Info: Character `029' is missing
(microtype)             in font `T1/lmr/m/sc/9'.
(microtype)             Ignoring protrusion settings for this character.
[39])

[40] (./kbound_submission.aux)
 ***********
LaTeX2e <2024-11-01> patch level 2
L3 programming layer <2025-01-18>
 ***********


LaTeX Font Warning: Some font shapes were not available, defaults substituted.


LaTeX Warning: There were multiply-defined labels.

Package rerunfilecheck Info: File `kbound_submission.out' has not changed.
(rerunfilecheck)             Checksum: 5FD3699191E1F53D203F452D433BC445;11112.
 ) 
Here is how much of TeX's memory you used:
 14941 strings out of 473190
 239527 string characters out of 5704335
 700178 words of memory out of 5000000
 36943 multiletter control sequences out of 15000+600000
 777070 words of font info for 513 fonts, out of 8000000 for 9000
 1141 hyphenation exceptions out of 8191
 75i,11n,79p,1058b,650s stack positions out of 10000i,1000n,20000p,200000b,200000s
</opt/homebrew/Cellar/texlive/20250308_2/share/texmf-dist/fonts/type1/public/
amsfonts/euler/eufm10.pfb></opt/homebrew/Cellar/texlive/20250308_2/share/texmf-
dist/fonts/type1/public/lm/lmbx10.pfb></opt/homebrew/Cellar/texlive/20250308_2/
share/texmf-dist/fonts/type1/public/lm/lmbx12.pfb></opt/homebrew/Cellar/texlive
/20250308_2/share/texmf-dist/fonts/type1/public/lm/lmbx9.pfb></opt/homebrew/Cel
lar/texlive/20250308_2/share/texmf-dist/fonts/type1/public/lm/lmbxi10.pfb></opt
/homebrew/Cellar/texlive/20250308_2/share/texmf-dist/fonts/type1/public/lm/lmcs
c10.pfb></opt/homebrew/Cellar/texlive/20250308_2/share/texmf-dist/fonts/type1/p
ublic/lm/lmcsco10.pfb></opt/homebrew/Cellar/texlive/20250308_2/share/texmf-dist
/fonts/type1/public/lm/lmex10.pfb></opt/homebrew/Cellar/texlive/20250308_2/shar
e/texmf-dist/fonts/type1/public/lm/lmmi10.pfb></opt/homebrew/Cellar/texlive/202
50308_2/share/texmf-dist/fonts/type1/public/lm/lmmi5.pfb></opt/homebrew/Cellar/
texlive/20250308_2/share/texmf-dist/fonts/type1/public/lm/lmmi6.pfb></opt/homeb
rew/Cellar/texlive/20250308_2/share/texmf-dist/fonts/type1/public/lm/lmmi7.pfb>
</opt/homebrew/Cellar/texlive/20250308_2/share/texmf-dist/fonts/type1/public/lm
/lmmi8.pfb></opt/homebrew/Cellar/texlive/20250308_2/share/texmf-dist/fonts/type
1/public/lm/lmmi9.pfb></opt/homebrew/Cellar/texlive/20250308_2/share/texmf-dist
/fonts/type1/public/lm/lmr10.pfb></opt/homebrew/Cellar/texlive/20250308_2/share
/texmf-dist/fonts/type1/public/lm/lmr12.pfb></opt/homebrew/Cellar/texlive/20250
308_2/share/texmf-dist/fonts/type1/public/lm/lmr5.pfb></opt/homebrew/Cellar/tex
live/20250308_2/share/texmf-dist/fonts/type1/public/lm/lmr6.pfb></opt/homebrew/
Cellar/texlive/20250308_2/share/texmf-dist/fonts/type1/public/lm/lmr7.pfb></opt
/homebrew/Cellar/texlive/20250308_2/share/texmf-dist/fonts/type1/public/lm/lmr8
.pfb></opt/homebrew/Cellar/texlive/20250308_2/share/texmf-dist/fonts/type1/publ
ic/lm/lmr9.pfb></opt/homebrew/Cellar/texlive/20250308_2/share/texmf-dist/fonts/
type1/public/lm/lmri10.pfb></opt/homebrew/Cellar/texlive/20250308_2/share/texmf
-dist/fonts/type1/public/lm/lmsy10.pfb></opt/homebrew/Cellar/texlive/20250308_2
/share/texmf-dist/fonts/type1/public/lm/lmsy5.pfb></opt/homebrew/Cellar/texlive
/20250308_2/share/texmf-dist/fonts/type1/public/lm/lmsy7.pfb></opt/homebrew/Cel
lar/texlive/20250308_2/share/texmf-dist/fonts/type1/public/lm/lmsy8.pfb></opt/h
omebrew/Cellar/texlive/20250308_2/share/texmf-dist/fonts/type1/public/lm/lmsy9.
pfb></opt/homebrew/Cellar/texlive/20250308_2/share/texmf-dist/fonts/type1/publi
c/lm/lmtt10.pfb></opt/homebrew/Cellar/texlive/20250308_2/share/texmf-dist/fonts
/type1/public/lm/lmtti10.pfb></opt/homebrew/Cellar/texlive/20250308_2/share/tex
mf-dist/fonts/type1/public/amsfonts/symbols/msam10.pfb></opt/homebrew/Cellar/te
xlive/20250308_2/share/texmf-dist/fonts/type1/public/amsfonts/symbols/msbm10.pf
b>
Output written on kbound_submission.pdf (40 pages, 1844974 bytes).
PDF statistics:
 1094 PDF objects out of 1200 (max. 8388607)
 908 compressed objects within 10 object streams
 245 named destinations out of 1000 (max. 500000)
 114641 words of extra memory for PDF output out of 128383 (max. 10000000)

