\BOOKMARK [1][-]{section.1}{\376\377\000I\000n\000t\000r\000o\000d\000u\000c\000t\000i\000o\000n}{}% 1
\BOOKMARK [1][-]{section.2}{\376\377\000R\000e\000l\000a\000t\000e\000d\000\040\000w\000o\000r\000k\000\040\000a\000n\000d\000\040\000p\000o\000s\000i\000t\000i\000o\000n\000i\000n\000g}{}% 2
\BOOKMARK [2][-]{subsection.2.1}{\376\377\000T\000e\000s\000t\000-\000t\000i\000m\000e\000\040\000a\000d\000a\000p\000t\000a\000t\000i\000o\000n\000\040\000m\000e\000t\000h\000o\000d\000s}{section.2}% 3
\BOOKMARK [2][-]{subsection.2.2}{\376\377\000P\000r\000o\000t\000e\000c\000t\000e\000d\000\040\000a\000n\000d\000\040\000g\000u\000a\000r\000d\000e\000d\000\040\000a\000d\000a\000p\000t\000a\000t\000i\000o\000n}{section.2}% 4
\BOOKMARK [2][-]{subsection.2.3}{\376\377\000L\000a\000b\000e\000l\000-\000f\000r\000e\000e\000\040\000a\000c\000c\000u\000r\000a\000c\000y\000\040\000a\000n\000d\000\040\000e\000r\000r\000o\000r\000\040\000e\000s\000t\000i\000m\000a\000t\000i\000o\000n}{section.2}% 5
\BOOKMARK [2][-]{subsection.2.4}{\376\377\000U\000n\000s\000u\000p\000e\000r\000v\000i\000s\000e\000d\000\040\000r\000i\000s\000k\000\040\000e\000s\000t\000i\000m\000a\000t\000i\000o\000n\000\040\000a\000n\000d\000\040\000i\000d\000e\000n\000t\000i\000f\000i\000a\000b\000i\000l\000i\000t\000y}{section.2}% 6
\BOOKMARK [2][-]{subsection.2.5}{\376\377\000S\000e\000l\000e\000c\000t\000i\000v\000e\000\040\000p\000r\000e\000d\000i\000c\000t\000i\000o\000n\000,\000\040\000c\000o\000n\000f\000o\000r\000m\000a\000l\000,\000\040\000a\000n\000d\000\040\000a\000n\000y\000t\000i\000m\000e\000-\000v\000a\000l\000i\000d\000\040\000i\000n\000f\000e\000r\000e\000n\000c\000e}{section.2}% 7
\BOOKMARK [2][-]{subsection.2.6}{\376\377\000B\000e\000n\000c\000h\000m\000a\000r\000k\000s\000,\000\040\000c\000o\000d\000e\000,\000\040\000a\000n\000d\000\040\000r\000e\000p\000r\000o\000d\000u\000c\000i\000b\000i\000l\000i\000t\000y}{section.2}% 8
\BOOKMARK [1][-]{section.3}{\376\377\000P\000r\000o\000b\000l\000e\000m\000\040\000s\000e\000t\000u\000p}{}% 9
\BOOKMARK [1][-]{section.4}{\376\377\000D\000e\000f\000i\000n\000i\000t\000i\000o\000n\000s}{}% 10
\BOOKMARK [1][-]{section.5}{\376\377\000T\000h\000e\000o\000r\000y}{}% 11
\BOOKMARK [2][-]{subsection.5.1}{\376\377\000R\000e\000s\000u\000l\000t\000\040\0001\000:\000\040\000T\000h\000e\000\040\000u\000n\000k\000n\000o\000w\000a\000b\000l\000e\000\040\000r\000e\000g\000i\000m\000e\000\040\000a\000n\000d\000\040\000a\000\040\000t\000i\000g\000h\000t\000\040\000l\000o\000w\000e\000r\000\040\000b\000o\000u\000n\000d}{section.5}% 12
\BOOKMARK [2][-]{subsection.5.2}{\376\377\000R\000e\000s\000u\000l\000t\000\040\0002\000:\000\040\000T\000h\000e\000\040\000B\000a\000y\000e\000s\000-\000o\000p\000t\000i\000m\000a\000l\000\040\000g\000a\000t\000e\000\040\000a\000n\000d\000\040\000p\000l\000u\000g\000-\000i\000n\000\040\000r\000e\000g\000r\000e\000t}{section.5}% 13
\BOOKMARK [2][-]{subsection.5.3}{\376\377\000R\000e\000s\000u\000l\000t\000\040\0003\000:\000\040\000A\000\040\000f\000i\000n\000i\000t\000e\000-\000s\000a\000m\000p\000l\000e\000\040\000a\000d\000a\000p\000t\000/\000f\000r\000e\000e\000z\000e\000/\000a\000b\000s\000t\000a\000i\000n\000\040\000c\000e\000r\000t\000i\000f\000i\000c\000a\000t\000e}{section.5}% 14
\BOOKMARK [2][-]{subsection.5.4}{\376\377\000R\000e\000s\000u\000l\000t\000\040\0004\000:\000\040\000A\000\040\000p\000r\000o\000v\000a\000b\000l\000e\000\040\000k\000n\000o\000w\000a\000b\000l\000e\000\040\000r\000e\000g\000i\000m\000e\000\040\000\050\000c\000o\000v\000a\000r\000i\000a\000t\000e\000\040\000s\000h\000i\000f\000t\000\051}{section.5}% 15
\BOOKMARK [2][-]{subsection.5.5}{\376\377\000R\000e\000s\000u\000l\000t\000\040\0005\000:\000\040\000S\000i\000g\000n\000-\000o\000f\000-\000d\000i\000f\000f\000e\000r\000e\000n\000c\000e\000\040\000o\000n\000\040\000t\000h\000e\000\040\000o\000b\000s\000e\000r\000v\000a\000b\000l\000e\000\040\000d\000i\000s\000a\000g\000r\000e\000e\000m\000e\000n\000t\000\040\000r\000e\000g\000i\000o\000n}{section.5}% 16
\BOOKMARK [2][-]{subsection.5.6}{\376\377\000B\000e\000y\000o\000n\000d\000\040\000t\000h\000e\000\040\000c\000o\000r\000e\000:\000\040\000b\000o\000u\000n\000d\000a\000r\000i\000e\000s\000,\000\040\000c\000a\000p\000a\000c\000i\000t\000y\000,\000\040\000a\000n\000d\000\040\000d\000r\000i\000f\000t\000\040\000\050\000o\000v\000e\000r\000v\000i\000e\000w\000\051}{section.5}% 17
\BOOKMARK [1][-]{section.6}{\376\377\000M\000e\000t\000h\000o\000d\000:\000\040\000K\000G\000A\000\040\000\050\000K\000n\000o\000w\000a\000b\000i\000l\000i\000t\000y\000-\000G\000u\000i\000d\000e\000d\000\040\000A\000d\000a\000p\000t\000a\000t\000i\000o\000n\000\051}{}% 18
\BOOKMARK [1][-]{section.7}{\376\377\000E\000x\000p\000e\000r\000i\000m\000e\000n\000t\000s}{}% 19
\BOOKMARK [2][-]{subsection.7.1}{\376\377\000E\000x\000t\000e\000r\000n\000a\000l\000\040\000v\000a\000l\000i\000d\000a\000t\000i\000o\000n\000:\000\040\000n\000a\000t\000u\000r\000a\000l\000\040\000s\000h\000i\000f\000t\000\040\000a\000n\000d\000\040\000I\000m\000a\000g\000e\000N\000e\000t\000\040\000s\000c\000a\000l\000e}{section.7}% 20
\BOOKMARK [1][-]{section.8}{\376\377\000L\000i\000m\000i\000t\000a\000t\000i\000o\000n\000s\000\040\000a\000n\000d\000\040\000h\000o\000n\000e\000s\000t\000\040\000s\000c\000o\000p\000e}{}% 21
\BOOKMARK [1][-]{section.9}{\376\377\000D\000i\000s\000c\000u\000s\000s\000i\000o\000n\000:\000\040\000w\000h\000e\000n\000\040\000t\000o\000\040\000d\000e\000p\000l\000o\000y\000\040\000K\000-\000B\000o\000u\000n\000d}{}% 22
\BOOKMARK [1][-]{section.10}{\376\377\000C\000o\000n\000c\000l\000u\000s\000i\000o\000n}{}% 23
\BOOKMARK [1][-]{section.11}{\376\377\000R\000e\000p\000r\000o\000d\000u\000c\000i\000b\000i\000l\000i\000t\000y}{}% 24
\BOOKMARK [1][-]{appendix.A}{\376\377\000D\000e\000f\000e\000r\000r\000e\000d\000\040\000p\000r\000o\000o\000f\000s}{}% 25
\BOOKMARK [1][-]{appendix.B}{\376\377\000E\000x\000t\000e\000n\000d\000e\000d\000\040\000t\000h\000e\000o\000r\000e\000t\000i\000c\000a\000l\000\040\000r\000e\000s\000u\000l\000t\000s}{}% 26
\BOOKMARK [2][-]{subsection.B.1}{\376\377\000b\000e\000n\000e\000f\000i\000t\000\040\000s\000i\000g\000n\000\040\000f\000r\000o\000n\000t\000i\000e\000r}{appendix.B}% 27
\BOOKMARK [1][-]{appendix.C}{\376\377\000T\000h\000e\000\040\000e\000x\000a\000c\000t\000\040\000b\000e\000n\000e\000f\000i\000t\000-\000s\000i\000g\000n\000\040\000f\000r\000o\000n\000t\000i\000e\000r}{}% 28
\BOOKMARK [2][-]{subsection.C.1}{\376\377\000t\000h\000e\000o\000r\000y\000\040\000e\000x\000t\000e\000n\000s\000i\000o\000n\000s\000\040\000v\0002}{appendix.C}% 29
\BOOKMARK [2][-]{subsection.C.2}{\376\377\000F\000u\000r\000t\000h\000e\000r\000\040\000r\000e\000s\000u\000l\000t\000s\000:\000\040\000b\000r\000a\000c\000k\000e\000t\000i\000n\000g\000,\000\040\000r\000o\000u\000t\000e\000r\000\040\000g\000e\000n\000e\000r\000a\000l\000i\000z\000a\000t\000i\000o\000n\000,\000\040\000a\000n\000d\000\040\000n\000o\000n\000-\000s\000t\000a\000t\000i\000o\000n\000a\000r\000i\000t\000y}{appendix.C}% 30
\BOOKMARK [2][-]{subsection.C.3}{\376\377\000r\000e\000g\000r\000e\000s\000s\000i\000o\000n\000\040\000c\000o\000n\000j\000e\000c\000t\000u\000r\000e}{appendix.C}% 31
\BOOKMARK [2][-]{subsection.C.4}{\376\377\000A\000\040\000s\000e\000c\000o\000n\000d\000\040\000f\000a\000m\000i\000l\000y\000:\000\040\000t\000h\000e\000\040\000l\000a\000b\000e\000l\000-\000s\000h\000i\000f\000t\000\040\000b\000o\000u\000n\000d\000a\000r\000y}{appendix.C}% 32
\BOOKMARK [2][-]{subsection.C.5}{\376\377\000O\000n\000e\000\040\000q\000u\000a\000n\000t\000i\000t\000y\000\040\000d\000e\000c\000i\000d\000e\000s\000\040\000t\000h\000e\000m\000\040\000a\000l\000l\000:\000\040\000t\000h\000e\000\040\000a\000m\000b\000i\000g\000u\000i\000t\000y\000\040\000r\000e\000a\000c\000h}{appendix.C}% 33
\BOOKMARK [2][-]{subsection.C.6}{\376\377\000R\000e\000m\000o\000v\000i\000n\000g\000\040\000t\000h\000e\000\040\000c\000a\000l\000i\000b\000r\000a\000t\000i\000o\000n\000\040\000c\000r\000u\000t\000c\000h\000:\000\040\000m\000u\000l\000t\000i\000-\000c\000a\000n\000d\000i\000d\000a\000t\000e\000\040\000i\000d\000e\000n\000t\000i\000f\000i\000a\000b\000i\000l\000i\000t\000y}{appendix.C}% 34
\BOOKMARK [2][-]{subsection.C.7}{\376\377\000T\000h\000e\000\040\000k\000n\000o\000w\000a\000b\000i\000l\000i\000t\000y\000\040\000f\000r\000o\000n\000t\000i\000e\000r}{appendix.C}% 35
\BOOKMARK [2][-]{subsection.C.8}{\376\377\000H\000o\000w\000\040\000f\000a\000s\000t\000\040\000d\000o\000e\000s\000\040\000k\000n\000o\000w\000a\000b\000i\000l\000i\000t\000y\000\040\000a\000r\000r\000i\000v\000e\000:\000\040\000m\000a\000t\000c\000h\000i\000n\000g\000\040\000r\000a\000t\000e\000s}{appendix.C}% 36
\BOOKMARK [1][-]{appendix.D}{\376\377\000R\000e\000l\000i\000a\000b\000i\000l\000i\000t\000y\000-\000g\000a\000t\000e\000d\000\040\000f\000u\000s\000i\000o\000n\000\040\000a\000s\000\040\000a\000\040\000w\000o\000r\000k\000e\000d\000,\000\040\000c\000o\000d\000e\000-\000v\000a\000l\000i\000d\000a\000t\000e\000d\000\040\000i\000n\000s\000t\000a\000n\000t\000i\000a\000t\000i\000o\000n\000\040\000\050\000T\0001\040\023\000T\0009\000,\000\040\000G\000D\000R\000\051}{}% 37
\BOOKMARK [1][-]{appendix.E}{\376\377\000A\000n\000y\000t\000i\000m\000e\000-\000v\000a\000l\000i\000d\000\040\000c\000e\000r\000t\000i\000f\000i\000c\000a\000t\000e\000\040\000\050\000t\000e\000s\000t\000i\000n\000g\000\040\000b\000y\000\040\000b\000e\000t\000t\000i\000n\000g\000\051}{}% 38
\BOOKMARK [1][-]{appendix.F}{\376\377\000E\000x\000t\000e\000n\000d\000e\000d\000\040\000t\000h\000e\000o\000r\000y\000:\000\040\000v\000a\000r\000i\000a\000n\000t\000s\000,\000\040\000b\000o\000u\000n\000d\000a\000r\000i\000e\000s\000,\000\040\000c\000a\000p\000a\000c\000i\000t\000y\000,\000\040\000a\000n\000d\000\040\000d\000r\000i\000f\000t}{}% 39
\BOOKMARK [2][-]{subsection.F.1}{\376\377\000D\000i\000s\000a\000g\000r\000e\000e\000m\000e\000n\000t\000-\000r\000e\000g\000i\000o\000n\000\040\000v\000a\000r\000i\000a\000n\000t\000s\000\040\000\050\000m\000u\000l\000t\000i\000c\000l\000a\000s\000s\000\040\000a\000n\000d\000\040\000r\000e\000g\000r\000e\000s\000s\000i\000o\000n\000\051}{appendix.F}% 40
\BOOKMARK [2][-]{subsection.F.2}{\376\377\000A\000\040\000p\000a\000r\000t\000i\000a\000l\000\040\000r\000e\000s\000o\000l\000u\000t\000i\000o\000n\000\040\000o\000f\000\040\000C\000o\000n\000j\000e\000c\000t\000u\000r\000e\000\040\0001\000:\000\040\000t\000h\000e\000\040\000b\000o\000u\000n\000d\000e\000d\000-\000d\000r\000i\000f\000t\000\040\000b\000o\000u\000n\000d\000a\000r\000y}{appendix.F}% 41
\BOOKMARK [1][-]{appendix.G}{\376\377\000A\000l\000l\000\040\0006\0005\000\040\000C\000I\000F\000A\000R\000-\0001\0000\000-\000C\000\040\000c\000e\000l\000l\000s\000\040\000\050\000p\000e\000r\000-\000c\000o\000r\000r\000u\000p\000t\000i\000o\000n\000\040\000\040\000s\000e\000v\000e\000r\000i\000t\000y\000\051}{}% 42
\BOOKMARK [1][-]{appendix.H}{\376\377\000P\000r\000o\000o\000f\000\040\000a\000n\000d\000\040\000e\000x\000p\000e\000r\000i\000m\000e\000n\000t\000\040\000s\000t\000a\000t\000u\000s}{}% 43
