This is pdfTeX, Version 3.141592653-2.6-1.40.27 (TeX Live 2025/Homebrew) (preloaded format=pdflatex 2026.1.29)  20 JUN 2026 00:24
entering extended mode
 restricted \write18 enabled.
 %&-line parsing enabled.
**kbound_short.tex
(./kbound_short.tex
LaTeX2e <2024-11-01> patch level 2
L3 programming layer <2025-01-18>

(/opt/homebrew/Cellar/texlive/20250308_2/share/texmf-dist/tex/latex/ieeetran/IE
EEtran.cls
Document Class: IEEEtran 2015/08/26 V1.8b by Michael Shell
-- See the "IEEEtran_HOWTO" manual for usage information.
-- http://www.michaelshell.org/tex/ieeetran/
\@IEEEtrantmpdimenA=\dimen141
\@IEEEtrantmpdimenB=\dimen142
\@IEEEtrantmpdimenC=\dimen143
\@IEEEtrantmpcountA=\count196
\@IEEEtrantmpcountB=\count197
\@IEEEtrantmpcountC=\count198
\@IEEEtrantmptoksA=\toks17
LaTeX Font Info:    Trying to load font information for OT1+ptm on input line 5
03.

(/opt/homebrew/Cellar/texlive/20250308_2/share/texmf-dist/tex/latex/psnfss/ot1p
tm.fd
File: ot1ptm.fd 2001/06/04 font definitions for OT1/ptm.
)
-- Using 8.5in x 11in (letter) paper.
-- Using PDF output.
\@IEEEnormalsizeunitybaselineskip=\dimen144
-- This is a 10 point document.
\CLASSINFOnormalsizebaselineskip=\dimen145
\CLASSINFOnormalsizeunitybaselineskip=\dimen146
\IEEEnormaljot=\dimen147
LaTeX Font Info:    Font shape `OT1/ptm/bx/n' in size <5> not available
(Font)              Font shape `OT1/ptm/b/n' tried instead on input line 1090.
LaTeX Font Info:    Font shape `OT1/ptm/bx/it' in size <5> not available
(Font)              Font shape `OT1/ptm/b/it' tried instead on input line 1090.

LaTeX Font Info:    Font shape `OT1/ptm/bx/n' in size <7> not available
(Font)              Font shape `OT1/ptm/b/n' tried instead on input line 1090.
LaTeX Font Info:    Font shape `OT1/ptm/bx/it' in size <7> not available
(Font)              Font shape `OT1/ptm/b/it' tried instead on input line 1090.

LaTeX Font Info:    Font shape `OT1/ptm/bx/n' in size <8> not available
(Font)              Font shape `OT1/ptm/b/n' tried instead on input line 1090.
LaTeX Font Info:    Font shape `OT1/ptm/bx/it' in size <8> not available
(Font)              Font shape `OT1/ptm/b/it' tried instead on input line 1090.

LaTeX Font Info:    Font shape `OT1/ptm/bx/n' in size <9> not available
(Font)              Font shape `OT1/ptm/b/n' tried instead on input line 1090.
LaTeX Font Info:    Font shape `OT1/ptm/bx/it' in size <9> not available
(Font)              Font shape `OT1/ptm/b/it' tried instead on input line 1090.

LaTeX Font Info:    Font shape `OT1/ptm/bx/n' in size <10> not available
(Font)              Font shape `OT1/ptm/b/n' tried instead on input line 1090.
LaTeX Font Info:    Font shape `OT1/ptm/bx/it' in size <10> not available
(Font)              Font shape `OT1/ptm/b/it' tried instead on input line 1090.

LaTeX Font Info:    Font shape `OT1/ptm/bx/n' in size <11> not available
(Font)              Font shape `OT1/ptm/b/n' tried instead on input line 1090.
LaTeX Font Info:    Font shape `OT1/ptm/bx/it' in size <11> not available
(Font)              Font shape `OT1/ptm/b/it' tried instead on input line 1090.

LaTeX Font Info:    Font shape `OT1/ptm/bx/n' in size <12> not available
(Font)              Font shape `OT1/ptm/b/n' tried instead on input line 1090.
LaTeX Font Info:    Font shape `OT1/ptm/bx/it' in size <12> not available
(Font)              Font shape `OT1/ptm/b/it' tried instead on input line 1090.

LaTeX Font Info:    Font shape `OT1/ptm/bx/n' in size <17> not available
(Font)              Font shape `OT1/ptm/b/n' tried instead on input line 1090.
LaTeX Font Info:    Font shape `OT1/ptm/bx/it' in size <17> not available
(Font)              Font shape `OT1/ptm/b/it' tried instead on input line 1090.

LaTeX Font Info:    Font shape `OT1/ptm/bx/n' in size <20> not available
(Font)              Font shape `OT1/ptm/b/n' tried instead on input line 1090.
LaTeX Font Info:    Font shape `OT1/ptm/bx/it' in size <20> not available
(Font)              Font shape `OT1/ptm/b/it' tried instead on input line 1090.

LaTeX Font Info:    Font shape `OT1/ptm/bx/n' in size <24> not available
(Font)              Font shape `OT1/ptm/b/n' tried instead on input line 1090.
LaTeX Font Info:    Font shape `OT1/ptm/bx/it' in size <24> not available
(Font)              Font shape `OT1/ptm/b/it' tried instead on input line 1090.

\IEEEquantizedlength=\dimen148
\IEEEquantizedlengthdiff=\dimen149
\IEEEquantizedtextheightdiff=\dimen150
\IEEEilabelindentA=\dimen151
\IEEEilabelindentB=\dimen152
\IEEEilabelindent=\dimen153
\IEEEelabelindent=\dimen154
\IEEEdlabelindent=\dimen155
\IEEElabelindent=\dimen156
\IEEEiednormlabelsep=\dimen157
\IEEEiedmathlabelsep=\dimen158
\IEEEiedtopsep=\skip49
\c@section=\count199
\c@subsection=\count266
\c@subsubsection=\count267
\c@paragraph=\count268
\c@IEEEsubequation=\count269
\abovecaptionskip=\skip50
\belowcaptionskip=\skip51
\c@figure=\count270
\c@table=\count271
\@IEEEeqnnumcols=\count272
\@IEEEeqncolcnt=\count273
\@IEEEsubeqnnumrollback=\count274
\@IEEEquantizeheightA=\dimen159
\@IEEEquantizeheightB=\dimen160
\@IEEEquantizeheightC=\dimen161
\@IEEEquantizeprevdepth=\dimen162
\@IEEEquantizemultiple=\count275
\@IEEEquantizeboxA=\box52
\@IEEEtmpitemindent=\dimen163
\IEEEPARstartletwidth=\dimen164
\c@IEEEbiography=\count276
\@IEEEtranrubishbin=\box53
)
(/opt/homebrew/Cellar/texlive/20250308_2/share/texmf-dist/tex/latex/base/fonten
c.sty
Package: fontenc 2021/04/29 v2.0v Standard LaTeX package
LaTeX Font Info:    Trying to load font information for T1+ptm on input line 11
6.

(/opt/homebrew/Cellar/texlive/20250308_2/share/texmf-dist/tex/latex/psnfss/t1pt
m.fd
File: t1ptm.fd 2001/06/04 font definitions for T1/ptm.
))
(/opt/homebrew/Cellar/texlive/20250308_2/share/texmf-dist/tex/latex/lm/lmodern.
sty
Package: lmodern 2015/05/01 v1.6.1 Latin Modern Fonts
LaTeX Font Info:    Overwriting symbol font `operators' in version `normal'
(Font)                  OT1/cmr/m/n --> OT1/lmr/m/n on input line 22.
LaTeX Font Info:    Overwriting symbol font `letters' in version `normal'
(Font)                  OML/cmm/m/it --> OML/lmm/m/it on input line 23.
LaTeX Font Info:    Overwriting symbol font `symbols' in version `normal'
(Font)                  OMS/cmsy/m/n --> OMS/lmsy/m/n on input line 24.
LaTeX Font Info:    Overwriting symbol font `largesymbols' in version `normal'
(Font)                  OMX/cmex/m/n --> OMX/lmex/m/n on input line 25.
LaTeX Font Info:    Overwriting symbol font `operators' in version `bold'
(Font)                  OT1/cmr/bx/n --> OT1/lmr/bx/n on input line 26.
LaTeX Font Info:    Overwriting symbol font `letters' in version `bold'
(Font)                  OML/cmm/b/it --> OML/lmm/b/it on input line 27.
LaTeX Font Info:    Overwriting symbol font `symbols' in version `bold'
(Font)                  OMS/cmsy/b/n --> OMS/lmsy/b/n on input line 28.
LaTeX Font Info:    Overwriting symbol font `largesymbols' in version `bold'
(Font)                  OMX/cmex/m/n --> OMX/lmex/m/n on input line 29.
LaTeX Font Info:    Overwriting math alphabet `\mathbf' in version `normal'
(Font)                  OT1/cmr/bx/n --> OT1/lmr/bx/n on input line 31.
LaTeX Font Info:    Overwriting math alphabet `\mathsf' in version `normal'
(Font)                  OT1/cmss/m/n --> OT1/lmss/m/n on input line 32.
LaTeX Font Info:    Overwriting math alphabet `\mathit' in version `normal'
(Font)                  OT1/cmr/m/it --> OT1/lmr/m/it on input line 33.
LaTeX Font Info:    Overwriting math alphabet `\mathtt' in version `normal'
(Font)                  OT1/cmtt/m/n --> OT1/lmtt/m/n on input line 34.
LaTeX Font Info:    Overwriting math alphabet `\mathbf' in version `bold'
(Font)                  OT1/cmr/bx/n --> OT1/lmr/bx/n on input line 35.
LaTeX Font Info:    Overwriting math alphabet `\mathsf' in version `bold'
(Font)                  OT1/cmss/bx/n --> OT1/lmss/bx/n on input line 36.
LaTeX Font Info:    Overwriting math alphabet `\mathit' in version `bold'
(Font)                  OT1/cmr/bx/it --> OT1/lmr/bx/it on input line 37.
LaTeX Font Info:    Overwriting math alphabet `\mathtt' in version `bold'
(Font)                  OT1/cmtt/m/n --> OT1/lmtt/m/n on input line 38.
)
(/opt/homebrew/Cellar/texlive/20250308_2/share/texmf-dist/tex/latex/microtype/m
icrotype.sty
Package: microtype 2025/02/11 v3.2a Micro-typographical refinements (RS)

(/opt/homebrew/Cellar/texlive/20250308_2/share/texmf-dist/tex/latex/graphics/ke
yval.sty
Package: keyval 2022/05/29 v1.15 key=value parser (DPC)
\KV@toks@=\toks18
)
(/opt/homebrew/Cellar/texlive/20250308_2/share/texmf-dist/tex/latex/etoolbox/et
oolbox.sty
Package: etoolbox 2025/02/11 v2.5l e-TeX tools for LaTeX (JAW)
\etb@tempcnta=\count277
)
\MT@toks=\toks19
\MT@tempbox=\box54
\MT@count=\count278
LaTeX Info: Redefining \noprotrusionifhmode on input line 1087.
LaTeX Info: Redefining \leftprotrusion on input line 1088.
\MT@prot@toks=\toks20
LaTeX Info: Redefining \rightprotrusion on input line 1107.
LaTeX Info: Redefining \textls on input line 1449.
\MT@outer@kern=\dimen165
LaTeX Info: Redefining \microtypecontext on input line 2053.
LaTeX Info: Redefining \textmicrotypecontext on input line 2070.
\MT@listname@count=\count279

(/opt/homebrew/Cellar/texlive/20250308_2/share/texmf-dist/tex/latex/microtype/m
icrotype-pdftex.def
File: microtype-pdftex.def 2025/02/11 v3.2a Definitions specific to pdftex (RS)

LaTeX Info: Redefining \lsstyle on input line 944.
LaTeX Info: Redefining \lslig on input line 944.
\MT@outer@space=\skip52
)
Package microtype Info: Loading configuration file microtype.cfg.

(/opt/homebrew/Cellar/texlive/20250308_2/share/texmf-dist/tex/latex/microtype/m
icrotype.cfg
File: microtype.cfg 2025/02/11 v3.2a microtype main configuration file (RS)
)
LaTeX Info: Redefining \microtypesetup on input line 3065.
)
(/opt/homebrew/Cellar/texlive/20250308_2/share/texmf-dist/tex/latex/amsmath/ams
math.sty
Package: amsmath 2024/11/05 v2.17t AMS math features
\@mathmargin=\skip53

For additional information on amsmath, use the `?' option.

(/opt/homebrew/Cellar/texlive/20250308_2/share/texmf-dist/tex/latex/amsmath/ams
text.sty
Package: amstext 2021/08/26 v2.01 AMS text

(/opt/homebrew/Cellar/texlive/20250308_2/share/texmf-dist/tex/latex/amsmath/ams
gen.sty
File: amsgen.sty 1999/11/30 v2.0 generic functions
\@emptytoks=\toks21
\ex@=\dimen166
))
(/opt/homebrew/Cellar/texlive/20250308_2/share/texmf-dist/tex/latex/amsmath/ams
bsy.sty
Package: amsbsy 1999/11/29 v1.2d Bold Symbols
\pmbraise@=\dimen167
)
(/opt/homebrew/Cellar/texlive/20250308_2/share/texmf-dist/tex/latex/amsmath/ams
opn.sty
Package: amsopn 2022/04/08 v2.04 operator names
)
\inf@bad=\count280
LaTeX Info: Redefining \frac on input line 233.
\uproot@=\count281
\leftroot@=\count282
LaTeX Info: Redefining \overline on input line 398.
LaTeX Info: Redefining \colon on input line 409.
\classnum@=\count283
\DOTSCASE@=\count284
LaTeX Info: Redefining \ldots on input line 495.
LaTeX Info: Redefining \dots on input line 498.
LaTeX Info: Redefining \cdots on input line 619.
\Mathstrutbox@=\box55
\strutbox@=\box56
LaTeX Info: Redefining \big on input line 721.
LaTeX Info: Redefining \Big on input line 722.
LaTeX Info: Redefining \bigg on input line 723.
LaTeX Info: Redefining \Bigg on input line 724.
\big@size=\dimen168
LaTeX Font Info:    Redeclaring font encoding OML on input line 742.
LaTeX Font Info:    Redeclaring font encoding OMS on input line 743.
\macc@depth=\count285
LaTeX Info: Redefining \bmod on input line 904.
LaTeX Info: Redefining \pmod on input line 909.
LaTeX Info: Redefining \smash on input line 939.
LaTeX Info: Redefining \relbar on input line 969.
LaTeX Info: Redefining \Relbar on input line 970.
\c@MaxMatrixCols=\count286
\dotsspace@=\muskip17
\c@parentequation=\count287
\dspbrk@lvl=\count288
\tag@help=\toks22
\row@=\count289
\column@=\count290
\maxfields@=\count291
\andhelp@=\toks23
\eqnshift@=\dimen169
\alignsep@=\dimen170
\tagshift@=\dimen171
\tagwidth@=\dimen172
\totwidth@=\dimen173
\lineht@=\dimen174
\@envbody=\toks24
\multlinegap=\skip54
\multlinetaggap=\skip55
\mathdisplay@stack=\toks25
LaTeX Info: Redefining \[ on input line 2953.
LaTeX Info: Redefining \] on input line 2954.
)
(/opt/homebrew/Cellar/texlive/20250308_2/share/texmf-dist/tex/latex/amsfonts/am
ssymb.sty
Package: amssymb 2013/01/14 v3.01 AMS font symbols

(/opt/homebrew/Cellar/texlive/20250308_2/share/texmf-dist/tex/latex/amsfonts/am
sfonts.sty
Package: amsfonts 2013/01/14 v3.01 Basic AMSFonts support
\symAMSa=\mathgroup4
\symAMSb=\mathgroup5
LaTeX Font Info:    Redeclaring math symbol \hbar on input line 98.
LaTeX Font Info:    Overwriting math alphabet `\mathfrak' in version `bold'
(Font)                  U/euf/m/n --> U/euf/b/n on input line 106.
))
(/opt/homebrew/Cellar/texlive/20250308_2/share/texmf-dist/tex/latex/amscls/amst
hm.sty
Package: amsthm 2020/05/29 v2.20.6
\thm@style=\toks26
\thm@bodyfont=\toks27
\thm@headfont=\toks28
\thm@notefont=\toks29
\thm@headpunct=\toks30
\thm@preskip=\skip56
\thm@postskip=\skip57
\thm@headsep=\skip58
\dth@everypar=\toks31
)
(/opt/homebrew/Cellar/texlive/20250308_2/share/texmf-dist/tex/latex/graphics/gr
aphicx.sty
Package: graphicx 2021/09/16 v1.2d Enhanced LaTeX Graphics (DPC,SPQR)

(/opt/homebrew/Cellar/texlive/20250308_2/share/texmf-dist/tex/latex/graphics/gr
aphics.sty
Package: graphics 2024/08/06 v1.4g Standard LaTeX Graphics (DPC,SPQR)

(/opt/homebrew/Cellar/texlive/20250308_2/share/texmf-dist/tex/latex/graphics/tr
ig.sty
Package: trig 2023/12/02 v1.11 sin cos tan (DPC)
)
(/opt/homebrew/Cellar/texlive/20250308_2/share/texmf-dist/tex/latex/graphics-cf
g/graphics.cfg
File: graphics.cfg 2016/06/04 v1.11 sample graphics configuration
)
Package graphics Info: Driver file: pdftex.def on input line 106.

(/opt/homebrew/Cellar/texlive/20250308_2/share/texmf-dist/tex/latex/graphics-de
f/pdftex.def
File: pdftex.def 2024/04/13 v1.2c Graphics/color driver for pdftex
))
\Gin@req@height=\dimen175
\Gin@req@width=\dimen176
)
(/opt/homebrew/Cellar/texlive/20250308_2/share/texmf-dist/tex/latex/booktabs/bo
oktabs.sty
Package: booktabs 2020/01/12 v1.61803398 Publication quality tables
\heavyrulewidth=\dimen177
\lightrulewidth=\dimen178
\cmidrulewidth=\dimen179
\belowrulesep=\dimen180
\belowbottomsep=\dimen181
\aboverulesep=\dimen182
\abovetopsep=\dimen183
\cmidrulesep=\dimen184
\cmidrulekern=\dimen185
\defaultaddspace=\dimen186
\@cmidla=\count292
\@cmidlb=\count293
\@aboverulesep=\dimen187
\@belowrulesep=\dimen188
\@thisruleclass=\count294
\@lastruleclass=\count295
\@thisrulewidth=\dimen189
)
(/opt/homebrew/Cellar/texlive/20250308_2/share/texmf-dist/tex/latex/algorithms/
algorithm.sty
Package: algorithm 2009/08/24 v0.1 Document Style `algorithm' - floating enviro
nment

(/opt/homebrew/Cellar/texlive/20250308_2/share/texmf-dist/tex/latex/float/float
.sty
Package: float 2001/11/08 v1.3d Float enhancements (AL)
\c@float@type=\count296
\float@exts=\toks32
\float@box=\box57
\@float@everytoks=\toks33
\@floatcapt=\box58
)
(/opt/homebrew/Cellar/texlive/20250308_2/share/texmf-dist/tex/latex/base/ifthen
.sty
Package: ifthen 2024/03/16 v1.1e Standard LaTeX ifthen package (DPC)
)
\@float@every@algorithm=\toks34
\c@algorithm=\count297
)
(/opt/homebrew/Cellar/texlive/20250308_2/share/texmf-dist/tex/latex/algorithmic
x/algpseudocode.sty
Package: algpseudocode 

(/opt/homebrew/Cellar/texlive/20250308_2/share/texmf-dist/tex/latex/algorithmic
x/algorithmicx.sty
Package: algorithmicx 2005/04/27 v1.2 Algorithmicx

Document Style algorithmicx 1.2 - a greatly improved `algorithmic' style
\c@ALG@line=\count298
\c@ALG@rem=\count299
\c@ALG@nested=\count300
\ALG@tlm=\skip59
\ALG@thistlm=\skip60
\c@ALG@Lnr=\count301
\c@ALG@blocknr=\count302
\c@ALG@storecount=\count303
\c@ALG@tmpcounter=\count304
\ALG@tmplength=\skip61
)
Document Style - pseudocode environments for use with the `algorithmicx' style
)
(/opt/homebrew/Cellar/texlive/20250308_2/share/texmf-dist/tex/latex/xcolor/xcol
or.sty
Package: xcolor 2024/09/29 v3.02 LaTeX color extensions (UK)

(/opt/homebrew/Cellar/texlive/20250308_2/share/texmf-dist/tex/latex/graphics-cf
g/color.cfg
File: color.cfg 2016/01/02 v1.6 sample color configuration
)
Package xcolor Info: Driver file: pdftex.def on input line 274.

(/opt/homebrew/Cellar/texlive/20250308_2/share/texmf-dist/tex/latex/graphics/ma
thcolor.ltx)
Package xcolor Info: Model `cmy' substituted by `cmy0' on input line 1349.
Package xcolor Info: Model `hsb' substituted by `rgb' on input line 1353.
Package xcolor Info: Model `RGB' extended on input line 1365.
Package xcolor Info: Model `HTML' substituted by `rgb' on input line 1367.
Package xcolor Info: Model `Hsb' substituted by `hsb' on input line 1368.
Package xcolor Info: Model `tHsb' substituted by `hsb' on input line 1369.
Package xcolor Info: Model `HSB' substituted by `hsb' on input line 1370.
Package xcolor Info: Model `Gray' substituted by `gray' on input line 1371.
Package xcolor Info: Model `wave' substituted by `hsb' on input line 1372.
)
(/opt/homebrew/Cellar/texlive/20250308_2/share/texmf-dist/tex/latex/hyperref/hy
perref.sty
Package: hyperref 2024-11-05 v7.01l Hypertext links for LaTeX

(/opt/homebrew/Cellar/texlive/20250308_2/share/texmf-dist/tex/generic/iftex/ift
ex.sty
Package: iftex 2024/12/12 v1.0g TeX engine tests
)
(/opt/homebrew/Cellar/texlive/20250308_2/share/texmf-dist/tex/latex/kvsetkeys/k
vsetkeys.sty
Package: kvsetkeys 2022-10-05 v1.19 Key value parser (HO)
)
(/opt/homebrew/Cellar/texlive/20250308_2/share/texmf-dist/tex/generic/kvdefinek
eys/kvdefinekeys.sty
Package: kvdefinekeys 2019-12-19 v1.6 Define keys (HO)
)
(/opt/homebrew/Cellar/texlive/20250308_2/share/texmf-dist/tex/generic/pdfescape
/pdfescape.sty
Package: pdfescape 2019/12/09 v1.15 Implements pdfTeX's escape features (HO)

(/opt/homebrew/Cellar/texlive/20250308_2/share/texmf-dist/tex/generic/ltxcmds/l
txcmds.sty
Package: ltxcmds 2023-12-04 v1.26 LaTeX kernel commands for general use (HO)
)
(/opt/homebrew/Cellar/texlive/20250308_2/share/texmf-dist/tex/generic/pdftexcmd
s/pdftexcmds.sty
Package: pdftexcmds 2020-06-27 v0.33 Utility functions of pdfTeX for LuaTeX (HO
)

(/opt/homebrew/Cellar/texlive/20250308_2/share/texmf-dist/tex/generic/infwarerr
/infwarerr.sty
Package: infwarerr 2019/12/03 v1.5 Providing info/warning/error messages (HO)
)
Package pdftexcmds Info: \pdf@primitive is available.
Package pdftexcmds Info: \pdf@ifprimitive is available.
Package pdftexcmds Info: \pdfdraftmode found.
))
(/opt/homebrew/Cellar/texlive/20250308_2/share/texmf-dist/tex/latex/hycolor/hyc
olor.sty
Package: hycolor 2020-01-27 v1.10 Color options for hyperref/bookmark (HO)
)
(/opt/homebrew/Cellar/texlive/20250308_2/share/texmf-dist/tex/latex/hyperref/na
meref.sty
Package: nameref 2023-11-26 v2.56 Cross-referencing by name of section

(/opt/homebrew/Cellar/texlive/20250308_2/share/texmf-dist/tex/latex/refcount/re
fcount.sty
Package: refcount 2019/12/15 v3.6 Data extraction from label references (HO)
)
(/opt/homebrew/Cellar/texlive/20250308_2/share/texmf-dist/tex/generic/gettitles
tring/gettitlestring.sty
Package: gettitlestring 2019/12/15 v1.6 Cleanup title references (HO)

(/opt/homebrew/Cellar/texlive/20250308_2/share/texmf-dist/tex/latex/kvoptions/k
voptions.sty
Package: kvoptions 2022-06-15 v3.15 Key value format for package options (HO)
))
\c@section@level=\count305
)
(/opt/homebrew/Cellar/texlive/20250308_2/share/texmf-dist/tex/generic/stringenc
/stringenc.sty
Package: stringenc 2019/11/29 v1.12 Convert strings between diff. encodings (HO
)
)
\@linkdim=\dimen190
\Hy@linkcounter=\count306
\Hy@pagecounter=\count307

(/opt/homebrew/Cellar/texlive/20250308_2/share/texmf-dist/tex/latex/hyperref/pd
1enc.def
File: pd1enc.def 2024-11-05 v7.01l Hyperref: PDFDocEncoding definition (HO)
Now handling font encoding PD1 ...
... no UTF-8 mapping file for font encoding PD1
)
(/opt/homebrew/Cellar/texlive/20250308_2/share/texmf-dist/tex/generic/intcalc/i
ntcalc.sty
Package: intcalc 2019/12/15 v1.3 Expandable calculations with integers (HO)
)
\Hy@SavedSpaceFactor=\count308

(/opt/homebrew/Cellar/texlive/20250308_2/share/texmf-dist/tex/latex/hyperref/pu
enc.def
File: puenc.def 2024-11-05 v7.01l Hyperref: PDF Unicode definition (HO)
Now handling font encoding PU ...
... no UTF-8 mapping file for font encoding PU
)
Package hyperref Info: Option `colorlinks' set `true' on input line 4040.
Package hyperref Info: Hyper figures OFF on input line 4157.
Package hyperref Info: Link nesting OFF on input line 4162.
Package hyperref Info: Hyper index ON on input line 4165.
Package hyperref Info: Plain pages OFF on input line 4172.
Package hyperref Info: Backreferencing OFF on input line 4177.
Package hyperref Info: Implicit mode ON; LaTeX internals redefined.
Package hyperref Info: Bookmarks ON on input line 4424.
\c@Hy@tempcnt=\count309

(/opt/homebrew/Cellar/texlive/20250308_2/share/texmf-dist/tex/latex/url/url.sty
\Urlmuskip=\muskip18
Package: url 2013/09/16  ver 3.4  Verb mode for urls, etc.
)
LaTeX Info: Redefining \url on input line 4763.
\XeTeXLinkMargin=\dimen191

(/opt/homebrew/Cellar/texlive/20250308_2/share/texmf-dist/tex/generic/bitset/bi
tset.sty
Package: bitset 2019/12/09 v1.3 Handle bit-vector datatype (HO)

(/opt/homebrew/Cellar/texlive/20250308_2/share/texmf-dist/tex/generic/bigintcal
c/bigintcalc.sty
Package: bigintcalc 2019/12/15 v1.5 Expandable calculations on big integers (HO
)
))
\Fld@menulength=\count310
\Field@Width=\dimen192
\Fld@charsize=\dimen193
Package hyperref Info: Hyper figures OFF on input line 6042.
Package hyperref Info: Link nesting OFF on input line 6047.
Package hyperref Info: Hyper index ON on input line 6050.
Package hyperref Info: backreferencing OFF on input line 6057.
Package hyperref Info: Link coloring ON on input line 6060.
Package hyperref Info: Link coloring with OCG OFF on input line 6067.
Package hyperref Info: PDF/A mode OFF on input line 6072.

(/opt/homebrew/Cellar/texlive/20250308_2/share/texmf-dist/tex/latex/base/atbegs
hi-ltx.sty
Package: atbegshi-ltx 2021/01/10 v1.0c Emulation of the original atbegshi
package with kernel methods
)
\Hy@abspage=\count311
\c@Item=\count312
\c@Hfootnote=\count313
)
Package hyperref Info: Driver (autodetected): hpdftex.

(/opt/homebrew/Cellar/texlive/20250308_2/share/texmf-dist/tex/latex/hyperref/hp
dftex.def
File: hpdftex.def 2024-11-05 v7.01l Hyperref driver for pdfTeX

(/opt/homebrew/Cellar/texlive/20250308_2/share/texmf-dist/tex/latex/base/atvery
end-ltx.sty
Package: atveryend-ltx 2020/08/19 v1.0a Emulation of the original atveryend pac
kage
with kernel methods
)
\Fld@listcount=\count314
\c@bookmark@seq@number=\count315

(/opt/homebrew/Cellar/texlive/20250308_2/share/texmf-dist/tex/latex/rerunfilech
eck/rerunfilecheck.sty
Package: rerunfilecheck 2022-07-10 v1.10 Rerun checks for auxiliary files (HO)

(/opt/homebrew/Cellar/texlive/20250308_2/share/texmf-dist/tex/generic/uniquecou
nter/uniquecounter.sty
Package: uniquecounter 2019/12/15 v1.4 Provide unlimited unique counter (HO)
)
Package uniquecounter Info: New unique counter `rerunfilecheck' on input line 2
85.
)
\Hy@SectionHShift=\skip62
)
\c@theorem=\count316
\c@lemma=\count317
\c@proposition=\count318
\c@corollary=\count319
\c@conjecture=\count320
\c@definition=\count321
\c@assumption=\count322
\c@remark=\count323
LaTeX Font Info:    Trying to load font information for T1+lmr on input line 37
.

(/opt/homebrew/Cellar/texlive/20250308_2/share/texmf-dist/tex/latex/lm/t1lmr.fd
File: t1lmr.fd 2015/05/01 v1.6.1 Font defs for Latin Modern
)
(/opt/homebrew/Cellar/texlive/20250308_2/share/texmf-dist/tex/latex/l3backend/l
3backend-pdftex.def
File: l3backend-pdftex.def 2024-05-08 L3 backend support: PDF output (pdfTeX)
\l__color_backend_stack_int=\count324
\l__pdf_internal_box=\box59
) (./kbound_short.aux)
\openout1 = `kbound_short.aux'.

LaTeX Font Info:    Checking defaults for OML/cmm/m/it on input line 37.
LaTeX Font Info:    ... okay on input line 37.
LaTeX Font Info:    Checking defaults for OMS/cmsy/m/n on input line 37.
LaTeX Font Info:    ... okay on input line 37.
LaTeX Font Info:    Checking defaults for OT1/cmr/m/n on input line 37.
LaTeX Font Info:    ... okay on input line 37.
LaTeX Font Info:    Checking defaults for T1/cmr/m/n on input line 37.
LaTeX Font Info:    ... okay on input line 37.
LaTeX Font Info:    Checking defaults for TS1/cmr/m/n on input line 37.
LaTeX Font Info:    ... okay on input line 37.
LaTeX Font Info:    Checking defaults for OMX/cmex/m/n on input line 37.
LaTeX Font Info:    ... okay on input line 37.
LaTeX Font Info:    Checking defaults for U/cmr/m/n on input line 37.
LaTeX Font Info:    ... okay on input line 37.
LaTeX Font Info:    Checking defaults for PD1/pdf/m/n on input line 37.
LaTeX Font Info:    ... okay on input line 37.
LaTeX Font Info:    Checking defaults for PU/pdf/m/n on input line 37.
LaTeX Font Info:    ... okay on input line 37.

-- Lines per column: 56 (exact).
LaTeX Info: Redefining \microtypecontext on input line 37.
Package microtype Info: Applying patch `item' on input line 37.
Package microtype Info: Applying patch `toc' on input line 37.
Package microtype Info: Applying patch `eqnum' on input line 37.
Package microtype Info: Applying patch `footnote' on input line 37.
Package microtype Info: Applying patch `verbatim' on input line 37.
LaTeX Info: Redefining \microtypesetup on input line 37.
Package microtype Info: Generating PDF output.
Package microtype Info: Character protrusion enabled (level 2).
Package microtype Info: Using default protrusion set `alltext'.
Package microtype Info: Automatic font expansion enabled (level 2),
(microtype)             stretch: 20, shrink: 20, step: 1, non-selected.
Package microtype Info: Using default expansion set `alltext-nott'.
LaTeX Info: Redefining \showhyphens on input line 37.
Package microtype Info: No adjustment of tracking.
Package microtype Info: No adjustment of interword spacing.
Package microtype Info: No adjustment of character kerning.

(/opt/homebrew/Cellar/texlive/20250308_2/share/texmf-dist/tex/latex/microtype/m
t-cmr.cfg
File: mt-cmr.cfg 2013/05/19 v2.2 microtype config. file: Computer Modern Roman 
(RS)
)
(/opt/homebrew/Cellar/texlive/20250308_2/share/texmf-dist/tex/context/base/mkii
/supp-pdf.mkii
[Loading MPS to PDF converter (version 2006.09.02).]
\scratchcounter=\count325
\scratchdimen=\dimen194
\scratchbox=\box60
\nofMPsegments=\count326
\nofMParguments=\count327
\everyMPshowfont=\toks35
\MPscratchCnt=\count328
\MPscratchDim=\dimen195
\MPnumerator=\count329
\makeMPintoPDFobject=\count330
\everyMPtoPDFconversion=\toks36
)
(/opt/homebrew/Cellar/texlive/20250308_2/share/texmf-dist/tex/latex/epstopdf-pk
g/epstopdf-base.sty
Package: epstopdf-base 2020-01-24 v2.11 Base part for package epstopdf
Package epstopdf-base Info: Redefining graphics rule for `.eps' on input line 4
85.

(/opt/homebrew/Cellar/texlive/20250308_2/share/texmf-dist/tex/latex/latexconfig
/epstopdf-sys.cfg
File: epstopdf-sys.cfg 2010/07/13 v1.3 Configuration of (r)epstopdf for TeX Liv
e
))
Package hyperref Info: Link coloring ON on input line 37.
 (./kbound_short.out) (./kbound_short.out)
\@outlinefile=\write3
\openout3 = `kbound_short.out'.

LaTeX Font Info:    Trying to load font information for OT1+lmr on input line 5
2.

(/opt/homebrew/Cellar/texlive/20250308_2/share/texmf-dist/tex/latex/lm/ot1lmr.f
d
File: ot1lmr.fd 2015/05/01 v1.6.1 Font defs for Latin Modern
)
LaTeX Font Info:    Trying to load font information for OML+lmm on input line 5
2.

(/opt/homebrew/Cellar/texlive/20250308_2/share/texmf-dist/tex/latex/lm/omllmm.f
d
File: omllmm.fd 2015/05/01 v1.6.1 Font defs for Latin Modern
)
LaTeX Font Info:    Trying to load font information for OMS+lmsy on input line 
52.

(/opt/homebrew/Cellar/texlive/20250308_2/share/texmf-dist/tex/latex/lm/omslmsy.
fd
File: omslmsy.fd 2015/05/01 v1.6.1 Font defs for Latin Modern
)
LaTeX Font Info:    Trying to load font information for OMX+lmex on input line 
52.

(/opt/homebrew/Cellar/texlive/20250308_2/share/texmf-dist/tex/latex/lm/omxlmex.
fd
File: omxlmex.fd 2015/05/01 v1.6.1 Font defs for Latin Modern
)
LaTeX Font Info:    External font `lmex10' loaded for size
(Font)              <9> on input line 52.
LaTeX Font Info:    External font `lmex10' loaded for size
(Font)              <6> on input line 52.
LaTeX Font Info:    External font `lmex10' loaded for size
(Font)              <5> on input line 52.
LaTeX Font Info:    Trying to load font information for U+msa on input line 52.


(/opt/homebrew/Cellar/texlive/20250308_2/share/texmf-dist/tex/latex/amsfonts/um
sa.fd
File: umsa.fd 2013/01/14 v3.01 AMS symbols A
)
(/opt/homebrew/Cellar/texlive/20250308_2/share/texmf-dist/tex/latex/microtype/m
t-msa.cfg
File: mt-msa.cfg 2006/02/04 v1.1 microtype config. file: AMS symbols (a) (RS)
)
LaTeX Font Info:    Trying to load font information for U+msb on input line 52.


(/opt/homebrew/Cellar/texlive/20250308_2/share/texmf-dist/tex/latex/amsfonts/um
sb.fd
File: umsb.fd 2013/01/14 v3.01 AMS symbols B
)
(/opt/homebrew/Cellar/texlive/20250308_2/share/texmf-dist/tex/latex/microtype/m
t-msb.cfg
File: mt-msb.cfg 2005/06/01 v1.0 microtype config. file: AMS symbols (b) (RS)
)

LaTeX Font Warning: Font shape `T1/lmr/bx/sc' undefined
(Font)              using `T1/lmr/bx/n' instead on input line 57.

Package microtype Info: Character `029' is missing
(microtype)             in font `T1/lmr/m/sc/10'.
(microtype)             Ignoring protrusion settings for this character.


LaTeX Font Info:    External font `lmex10' loaded for size
(Font)              <10> on input line 82.
LaTeX Font Info:    External font `lmex10' loaded for size
(Font)              <7> on input line 82.


[1{/opt/homebrew/Cellar/texlive/20250308_2/share/texmf-dist/fonts/map/pdftex/up
dmap/pdftex.map}{/opt/homebrew/Cellar/texlive/20250308_2/share/texmf-dist/fonts
/enc/dvips/lm/lm-ec.enc}


{/opt/homebrew/Cellar/texlive/20250308_2/share/texmf-dist/fonts/enc/dvips/lm/lm
-mathit.enc}{/opt/homebrew/Cellar/texlive/20250308_2/share/texmf-dist/fonts/enc
/dvips/lm/lm-rm.enc}{/opt/homebrew/Cellar/texlive/20250308_2/share/texmf-dist/f
onts/enc/dvips/lm/lm-mathsy.enc}{/opt/homebrew/Cellar/texlive/20250308_2/share/
texmf-dist/fonts/enc/dvips/lm/lm-mathex.enc}]
Package microtype Info: Character `029' is missing
(microtype)             in font `T1/lmr/m/sc/8'.
(microtype)             Ignoring protrusion settings for this character.
LaTeX Font Info:    External font `lmex10' loaded for size
(Font)              <8> on input line 138.

Underfull \hbox (badness 10000) in paragraph at lines 141--145
\T1/lmr/m/it/10 (+20) Table note. \T1/lmr/m/n/10 (+20) The ta-ble does not im-p
ute heuris-
 []


Underfull \hbox (badness 10000) in paragraph at lines 141--145
\T1/lmr/m/n/10 (+20) tic/AETTA/ATC/agreement re-sults where the
 []


Underfull \hbox (badness 10000) in paragraph at lines 141--145
\T1/lmr/m/n/10 (+20) cor-re-spond-ing ar-ti-fact is not im-ple-mented un-der
 []




LaTeX Font Warning: Font shape `T1/lmr/m/scit' undefined
(Font)              using `T1/lmr/m/scsl' instead on input line 215.


LaTeX Font Warning: Font shape `T1/lmr/m/scit' undefined
(Font)              using `T1/lmr/m/scsl' instead on input line 216.


LaTeX Font Warning: Font shape `T1/lmr/m/scit' undefined
(Font)              using `T1/lmr/m/scsl' instead on input line 217.



[2]
Package hyperref Info: bookmark level for unknown algorithm defaults to 0 on in
put line 252.


<figures/fig_decisive_pareto_cifar10c.png, id=232, 462.528pt x 303.534pt>
File: figures/fig_decisive_pareto_cifar10c.png Graphic file (type png)
<use figures/fig_decisive_pareto_cifar10c.png>
Package pdftex.def Info: figures/fig_decisive_pareto_cifar10c.png  used on inpu
t line 336.
(pdftex.def)             Requested size: 181.4403pt x 119.07251pt.


[3 <./figures/fig_decisive_pareto_cifar10c.png>]
LaTeX Font Info:    Trying to load font information for T1+lmtt on input line 4
18.

(/opt/homebrew/Cellar/texlive/20250308_2/share/texmf-dist/tex/latex/lm/t1lmtt.f
d
File: t1lmtt.fd 2015/05/01 v1.6.1 Font defs for Latin Modern
)
Package microtype Info: Loading generic protrusion settings for font family
(microtype)             `lmtt' (encoding: T1).
(microtype)             For optimal results, create family-specific settings.
(microtype)             See the microtype manual for details.



Underfull \hbox (badness 10000) in paragraph at lines 425--431
[]\T1/lmr/m/n/10 (+20) Office-Home is a do-main shift across
 []


Underfull \hbox (badness 10000) in paragraph at lines 425--431
\T1/lmr/m/n/10 (+20) art/clipart/product/real. Pro-to-col M v2 dev-locks
 []

Package microtype Info: Character `029' is missing
(microtype)             in font `T1/lmtt/m/sc/8'.
(microtype)             Ignoring protrusion settings for this character.


[4]


Underfull \hbox (badness 3769) in paragraph at lines 541--547
\T1/lmr/m/n/10 (+20) and re-sult JSONs back-ing ev-ery re-ported num-ber
 []


Underfull \hbox (badness 2671) in paragraph at lines 541--547
\T1/lmr/m/n/10 (+20) are in the anonymized sub-mis-sion repos-i-tory. Con-
 []


Underfull \hbox (badness 2409) in paragraph at lines 541--547
\T1/lmr/m/n/10 (+20) via \T1/lmtt/m/n/10 bash docs/research/kbound/scripts/kbtr
ain.sh
 []


Underfull \hbox (badness 3612) in paragraph at lines 541--547
\T1/lmr/m/n/10 (+20) (\T1/lmtt/m/n/10 protocol-h-v2\T1/lmr/m/n/10 (+20) , \T1/l
mtt/m/n/10 protocol-m-v2\T1/lmr/m/n/10 (+20) , stress-grid tar-gets);
 []


Underfull \hbox (badness 4013) in paragraph at lines 541--547
\T1/lmr/m/n/10 (+20) the-ory val-ida-tors and CPU ex-per-i-ments run from
 []


Underfull \hbox (badness 4569) in paragraph at lines 541--547
\T1/lmr/m/n/10 (+20) the bun-dled re-pro-duc-tion driver. The core cer-tifi-
 []


Underfull \hbox (badness 8132) in paragraph at lines 541--547
\T1/lmr/m/n/10 (+20) cate mod-ule is pack-aged as \T1/lmtt/m/n/10 pip install k
bound
 []


Underfull \hbox (badness 10000) in paragraph at lines 549--558
[]\T1/lmr/m/n/10 (+20) K-Bound re-frames test-time adap-ta-tion as an
 []


Underfull \hbox (badness 4378) in paragraph at lines 549--558
\T1/lmr/m/n/10 (+20) identifiability-limited de-ci-sion prob-lem: adapt when
 []


Underfull \hbox (badness 1748) in paragraph at lines 549--558
\T1/lmr/m/n/10 (+20) free ev-i-dence can-not sup-port a valid de-ci-sion. The
 []

(./kbound_short_appendix.tex
** WARNING: Ignoring useless \section in Appendix (line 3).

Underfull \hbox (badness 4403) in paragraph at lines 13--14
[]\T1/lmr/m/n/10 (+20) Regret-to-oracle, false-adapt rate, cov-er-age,
 []

** WARNING: Ignoring useless \section in Appendix (line 33).
(./paper/sections/main_theory_5.tex

[5]


LaTeX Font Warning: Font shape `T1/lmr/m/scit' undefined
(Font)              using `T1/lmr/m/scsl' instead on input line 60.


LaTeX Font Warning: Font shape `T1/lmr/m/scit' undefined
(Font)              using `T1/lmr/m/scsl' instead on input line 60.


Overfull \hbox (89.10405pt too wide) detected at line 66
[]  [] []\OML/lmm/m/it/10 R[]\OT1/lmr/m/n/10 ([]) \OMS/lmsy/m/n/10 ^^@ \OML/lmm
/m/it/10 R[]\OT1/lmr/m/n/10 (\OML/lmm/m/it/10 g[]\OT1/lmr/m/n/10 )[]  \OMS/lmsy
/m/n/10 ^^U  [][]\OT1/lmr/m/n/10 1 \OMS/lmsy/m/n/10 ^^@ [][]\OML/lmm/m/it/10 Q[
]; Q[][][]  \OMS/lmsy/m/n/10 ^^U  [] \OML/lmm/m/it/10 e[]:
 []


Underfull \hbox (badness 1371) in paragraph at lines 75--94
\T1/lmr/m/n/10 (+20) is the mixed com-mit-tal er-ror of The-o-rem [][]2[][](ii)
. Le
 []


LaTeX Font Warning: Font shape `T1/lmr/m/scit' undefined
(Font)              using `T1/lmr/m/scsl' instead on input line 103.



[6]

LaTeX Font Warning: Font shape `T1/lmr/m/scit' undefined
(Font)              using `T1/lmr/m/scsl' instead on input line 124.


LaTeX Font Warning: Font shape `T1/lmr/m/scit' undefined
(Font)              using `T1/lmr/m/scsl' instead on input line 124.


LaTeX Font Warning: Font shape `T1/lmr/m/scit' undefined
(Font)              using `T1/lmr/m/scsl' instead on input line 125.


LaTeX Font Warning: Font shape `T1/lmr/m/scit' undefined
(Font)              using `T1/lmr/m/scsl' instead on input line 153.


LaTeX Font Warning: Font shape `T1/lmr/m/scit' undefined
(Font)              using `T1/lmr/m/scsl' instead on input line 154.


LaTeX Font Warning: Font shape `T1/lmr/m/scit' undefined
(Font)              using `T1/lmr/m/scsl' instead on input line 154.





[7]


Overfull \hbox (28.12299pt too wide) in paragraph at lines 287--300
 [][] 
 []

)
<theory_v2/fig_v1_flip_witness.png, id=367, 794.97pt x 289.08pt>
File: theory_v2/fig_v1_flip_witness.png Graphic file (type png)
<use theory_v2/fig_v1_flip_witness.png>
Package pdftex.def Info: theory_v2/fig_v1_flip_witness.png  used on input line 
43.
(pdftex.def)             Requested size: 123.48138pt x 44.89957pt.
<theory_v2/fig_v2_identification_rate.png, id=368, 433.62pt x 325.215pt>
File: theory_v2/fig_v2_identification_rate.png Graphic file (type png)
<use theory_v2/fig_v2_identification_rate.png>
Package pdftex.def Info: theory_v2/fig_v2_identification_rate.png  used on inpu
t line 44.
(pdftex.def)             Requested size: 123.48138pt x 92.60783pt.
<theory_v2/fig_v3_audit.png, id=370, 1084.05pt x 310.761pt>
File: theory_v2/fig_v3_audit.png Graphic file (type png)
<use theory_v2/fig_v3_audit.png>
Package pdftex.def Info: theory_v2/fig_v3_audit.png  used on input line 49.
(pdftex.def)             Requested size: 231.83954pt x 66.45667pt.
<theory_v2/fig_v4_rate.png, id=372, 794.97pt x 310.761pt>
File: theory_v2/fig_v4_rate.png Graphic file (type png)
<use theory_v2/fig_v4_rate.png>
Package pdftex.def Info: theory_v2/fig_v4_rate.png  used on input line 54.
(pdftex.def)             Requested size: 231.83954pt x 90.62575pt.
<theory_v2/fig_conj1_closure.png, id=374, 794.97pt x 231.264pt>
File: theory_v2/fig_conj1_closure.png Graphic file (type png)
<use theory_v2/fig_conj1_closure.png>
Package pdftex.def Info: theory_v2/fig_conj1_closure.png  used on input line 59
.
(pdftex.def)             Requested size: 231.83954pt x 67.44241pt.

** WARNING: Ignoring useless \section in Appendix (line 64).

Underfull \hbox (badness 6300) in paragraph at lines 65--68
\T1/lmr/m/n/10 (+20) dominated con-trols, hon-est nulls, and the Came-
 []


Package hyperref Warning: Token not allowed in a PDF string (Unicode):
(hyperref)                removing `math shift' on input line 69.


Package hyperref Warning: Token not allowed in a PDF string (Unicode):
(hyperref)                removing `math shift' on input line 69.



[8]
Underfull \hbox (badness 1527) in paragraph at lines 119--126
 \T1/lmr/m/it/10 (+20) b) Office-Home (de-ployed adapter).: [][] \T1/lmr/m/n/10
 (+20) The source-
 []




Underfull \hbox (badness 2913) in paragraph at lines 128--132
 \T1/lmr/m/it/10 (+20) c) ImageNet-R.: [][] \T1/lmr/m/n/10 (+20) The diverse-ba
ckbone panel is
 []


LaTeX Warning: `h' float specifier changed to `ht'.



[9 <./theory_v2/fig_v1_flip_witness.png> <./theory_v2/fig_v2_identification_rat
e.png> <./theory_v2/fig_v3_audit.png> <./theory_v2/fig_v4_rate.png> <./theory_v
2/fig_conj1_closure.png>]

LaTeX Warning: `h' float specifier changed to `ht'.


LaTeX Warning: `h' float specifier changed to `ht'.



** WARNING: Ignoring useless \section in Appendix (line 273).

Underfull \hbox (badness 10000) in paragraph at lines 274--280
\T1/lmr/m/n/10 (+20) sub-mis-sion repos-i-tory: the-ory val-ida-tors, pre-
 []


Underfull \hbox (badness 3690) in paragraph at lines 274--280
\T1/lmr/m/n/10 (+20) registered Pro-to-cols A/G/H v2/M v2, and locked
 []


Underfull \hbox (badness 10000) in paragraph at lines 274--280
\T1/lmr/m/n/10 (+20) re-sult JSONs (\T1/lmtt/m/n/10 experiments/kbound/results/
\T1/lmr/m/n/10 (+20) ,
 []


Underfull \hbox (badness 10000) in paragraph at lines 274--280
\T1/lmtt/m/n/10 research_lock/KBOUND_HEADLINE_FINDINGS.json\T1/lmr/m/n/10 (+20)
 ).
 []

** WARNING: Ignoring useless \section in Appendix (line 300).
(./kbound_frontier_appendix.tex
** WARNING: Ignoring useless \section in Appendix (line 11).

Underfull \vbox (badness 1490) has occurred while \output is active []



[10]

LaTeX Font Warning: Font shape `T1/lmr/m/scit' undefined
(Font)              using `T1/lmr/m/scsl' instead on input line 43.

<figures/app_frontier_cifar10c.png, id=428, 439.81458pt x 236.94235pt>
File: figures/app_frontier_cifar10c.png Graphic file (type png)
<use figures/app_frontier_cifar10c.png>
Package pdftex.def Info: figures/app_frontier_cifar10c.png  used on input line 
48.
(pdftex.def)             Requested size: 181.4403pt x 97.74715pt.

Underfull \hbox (badness 10000) in paragraph at lines 57--65
[]\T1/lmr/m/n/10 (+20) On the logged ImageNet-C con-di-tions ($\OT1/lmr/m/n/10 
(+20) 36$
 []


Underfull \hbox (badness 1424) in paragraph at lines 57--65
\T1/lmr/m/n/10 (+20) cells/candidate; SAR is harm-ful on $\OT1/lmr/m/n/10 (+20)
 44\OML/lmm/m/it/10 :\OT1/lmr/m/n/10 (+20) 4%$ \T1/lmr/m/n/10 (+20) of cells),
 []


Underfull \hbox (badness 3209) in paragraph at lines 57--65
\T1/lmr/m/n/10 (+20) ev-ery \T1/lmr/m/it/10 (+20) com-mit-tal \T1/lmr/m/n/10 (+
20) label-free heuris-tic must place its
 []

<figures/app_frontier_imagenetc.png, id=433, 656.10835pt x 251.39636pt>
File: figures/app_frontier_imagenetc.png Graphic file (type png)
<use figures/app_frontier_imagenetc.png>
Package pdftex.def Info: figures/app_frontier_imagenetc.png  used on input line
 88.
(pdftex.def)             Requested size: 231.83954pt x 88.83395pt.
)
** WARNING: Ignoring useless \section in Appendix (line 306).
(./paper/sections/weakest_class.tex



[11 <./figures/app_frontier_cifar10c.png> <./figures/app_frontier_imagenetc.png
>]

)) (./paper/references_kbound_expanded.tex

[12]
Underfull \vbox (badness 10000) has occurred while \output is active []




Underfull \vbox (badness 10000) has occurred while \output is active []



[13])

** Conference Paper **
Before submitting the final camera ready copy, remember to:

 1. Manually equalize the lengths of two columns on the last page
 of your paper;

 2. Ensure that any PostScript and/or PDF output post-processing
 uses only Type 1 fonts and that every step in the generation
 process uses the appropriate paper size.





[14

] (./kbound_short.aux)
 ***********
LaTeX2e <2024-11-01> patch level 2
L3 programming layer <2025-01-18>
 ***********


LaTeX Font Warning: Some font shapes were not available, defaults substituted.

Package rerunfilecheck Info: File `kbound_short.out' has not changed.
(rerunfilecheck)             Checksum: 722467CFE23710EF5062AA42B074F816;6503.
 ) 
Here is how much of TeX's memory you used:
 15298 strings out of 473190
 246888 string characters out of 5704335
 696748 words of memory out of 5000000
 37627 multiletter control sequences out of 15000+600000
 820531 words of font info for 420 fonts, out of 8000000 for 9000
 1141 hyphenation exceptions out of 8191
 75i,12n,79p,1009b,597s stack positions out of 10000i,1000n,20000p,200000b,200000s
</opt/homebrew/Cellar/texlive/20250308_2/share/texmf-dist/fonts/type1/public/
lm/lmbx10.pfb></opt/homebrew/Cellar/texlive/20250308_2/share/texmf-dist/fonts/t
ype1/public/lm/lmbx6.pfb></opt/homebrew/Cellar/texlive/20250308_2/share/texmf-d
ist/fonts/type1/public/lm/lmbx8.pfb></opt/homebrew/Cellar/texlive/20250308_2/sh
are/texmf-dist/fonts/type1/public/lm/lmbx9.pfb></opt/homebrew/Cellar/texlive/20
250308_2/share/texmf-dist/fonts/type1/public/lm/lmbxi10.pfb></opt/homebrew/Cell
ar/texlive/20250308_2/share/texmf-dist/fonts/type1/public/lm/lmcsc10.pfb></opt/
homebrew/Cellar/texlive/20250308_2/share/texmf-dist/fonts/type1/public/lm/lmcsc
o10.pfb></opt/homebrew/Cellar/texlive/20250308_2/share/texmf-dist/fonts/type1/p
ublic/lm/lmex10.pfb></opt/homebrew/Cellar/texlive/20250308_2/share/texmf-dist/f
onts/type1/public/lm/lmmi10.pfb></opt/homebrew/Cellar/texlive/20250308_2/share/
texmf-dist/fonts/type1/public/lm/lmmi5.pfb></opt/homebrew/Cellar/texlive/202503
08_2/share/texmf-dist/fonts/type1/public/lm/lmmi6.pfb></opt/homebrew/Cellar/tex
live/20250308_2/share/texmf-dist/fonts/type1/public/lm/lmmi7.pfb></opt/homebrew
/Cellar/texlive/20250308_2/share/texmf-dist/fonts/type1/public/lm/lmmi8.pfb></o
pt/homebrew/Cellar/texlive/20250308_2/share/texmf-dist/fonts/type1/public/lm/lm
mi9.pfb></opt/homebrew/Cellar/texlive/20250308_2/share/texmf-dist/fonts/type1/p
ublic/lm/lmr10.pfb></opt/homebrew/Cellar/texlive/20250308_2/share/texmf-dist/fo
nts/type1/public/lm/lmr12.pfb></opt/homebrew/Cellar/texlive/20250308_2/share/te
xmf-dist/fonts/type1/public/lm/lmr17.pfb></opt/homebrew/Cellar/texlive/20250308
_2/share/texmf-dist/fonts/type1/public/lm/lmr5.pfb></opt/homebrew/Cellar/texliv
e/20250308_2/share/texmf-dist/fonts/type1/public/lm/lmr7.pfb></opt/homebrew/Cel
lar/texlive/20250308_2/share/texmf-dist/fonts/type1/public/lm/lmr8.pfb></opt/ho
mebrew/Cellar/texlive/20250308_2/share/texmf-dist/fonts/type1/public/lm/lmr9.pf
b></opt/homebrew/Cellar/texlive/20250308_2/share/texmf-dist/fonts/type1/public/
lm/lmri10.pfb></opt/homebrew/Cellar/texlive/20250308_2/share/texmf-dist/fonts/t
ype1/public/lm/lmri8.pfb></opt/homebrew/Cellar/texlive/20250308_2/share/texmf-d
ist/fonts/type1/public/lm/lmsy10.pfb></opt/homebrew/Cellar/texlive/20250308_2/s
hare/texmf-dist/fonts/type1/public/lm/lmsy5.pfb></opt/homebrew/Cellar/texlive/2
0250308_2/share/texmf-dist/fonts/type1/public/lm/lmsy6.pfb></opt/homebrew/Cella
r/texlive/20250308_2/share/texmf-dist/fonts/type1/public/lm/lmsy7.pfb></opt/hom
ebrew/Cellar/texlive/20250308_2/share/texmf-dist/fonts/type1/public/lm/lmsy8.pf
b></opt/homebrew/Cellar/texlive/20250308_2/share/texmf-dist/fonts/type1/public/
lm/lmsy9.pfb></opt/homebrew/Cellar/texlive/20250308_2/share/texmf-dist/fonts/ty
pe1/public/lm/lmtcsc10.pfb></opt/homebrew/Cellar/texlive/20250308_2/share/texmf
-dist/fonts/type1/public/lm/lmtt10.pfb></opt/homebrew/Cellar/texlive/20250308_2
/share/texmf-dist/fonts/type1/public/lm/lmtt8.pfb></opt/homebrew/Cellar/texlive
/20250308_2/share/texmf-dist/fonts/type1/public/amsfonts/symbols/msam10.pfb></o
pt/homebrew/Cellar/texlive/20250308_2/share/texmf-dist/fonts/type1/public/amsfo
nts/symbols/msbm10.pfb>
Output written on kbound_short.pdf (14 pages, 1125779 bytes).
PDF statistics:
 708 PDF objects out of 1000 (max. 8388607)
 594 compressed objects within 6 object streams
 168 named destinations out of 1000 (max. 500000)
 77593 words of extra memory for PDF output out of 89155 (max. 10000000)

