Formal audit: PASS
Lean build: PASS
Kernel axiom audit: PASS
Kernel-checked registered declarations: 162
Forbidden proof-hole scan: PASS
Scope: probability/construction layers plus a corrected conditional historical extension; unrestricted historical closure is not claimed.
      KBound.OrbitFibreCounterexample.selected p ∧
        KBound.OrbitFibreCounterexample.selected q ∧
          KBound.OrbitFibreCounterexample.evidence p = KBound.OrbitFibreCounterexample.evidence q ∧
            0 < KBound.OrbitFibreCounterexample.benefit p ∧ KBound.OrbitFibreCounterexample.benefit q < 0
info: KBound/TheoremMap.lean:309:0: KBound.OrbitFibreCounterexample.no_evidence_decoder :
  ¬∃ decision,
      ∀ (w : KBound.OrbitFibreCounterexample.World),
        KBound.OrbitFibreCounterexample.selected w → decision (KBound.OrbitFibreCounterexample.evidence w) = w.2
info: KBound/TheoremMap.lean:310:0: KBound.bool_decoder_iff_constant_on_fibres.{u_1, u_2} {W : Type u_1} {E : Type u_2} (C : Set W) (observable : W → E)
  (label : W → Bool) :
  (∃ decision, ∀ w ∈ C, decision (observable w) = label w) ↔
    ∀ u ∈ C, ∀ v ∈ C, observable u = observable v → label u = label v
info: KBound/TheoremMap.lean:311:0: KBound.historical_one_bit_decoder_iff_fibre_consistent.{u_1, u_2} {W : Type u_1} {E : Type u_2} (C : Set W)
  (observable : W → E) (label : W → Bool) :
  (∃ decision, ∀ w ∈ C, decision (observable w) = label w) ↔
    ∀ u ∈ C, ∀ v ∈ C, observable u = observable v → label u = label v
info: KBound/TheoremMap.lean:312:0: KBound.h_ratio_rate_transfer (contract : KBound.HRatioRateContract) : contract.targetMiss ≤ contract.H * contract.alpha
info: KBound/TheoremMap.lean:313:0: KBound.h_ratio_rate_budget (contract : KBound.HRatioRateContract) (hH : contract.H ≤ 1) :
  contract.targetMiss ≤ contract.alpha
Build completed successfully (3523 jobs).
