==> Generating table numbers from canonical manifest
wrote docs/research/kbound/paper/generated/kbound_numbers.tex
  \OHadapt = 0.0468
  \OHfreeze = 0.0158
  \OHkga = 0.0157
  \OHfa = 0
  \iWadapt = 0.1028
  \iWfreeze = 0.0041
  \iWkga = 0.0041
  \iWfa = 0
  \CIFARkga = 0.0016
  \CIFARadapt = 0.0079
  \CIFARfreeze = 0.1241
  \ICkga = 0.0108
  \ICadapt = 0.0625
  \ICfreeze = 0.0319
  \CIFARtentKga = 0.0016
  \CIFARtentAdapt = 0.0079
  \CIFARtentFreeze = 0.1241
  \CIFARtentFA = 0
  \CIFAReataKga = 0.0013
  \CIFAReataAdapt = 0.0033
  \CIFAReataFreeze = 0.1314
  \CIFAReataFA = 0
  \HeadToHeadVerdict = WIN
  \HeadToHeadKga = 0.0016
  \HeadToHeadAdapt = 0.0079
  \HeadToHeadFreeze = 0.1241
  \HeadToHeadPoem = 0.0088
  \HeadToHeadAetta = 0.0073
  \HeadToHeadKgaFA = 0.0000
  \HeadToHeadKgaDec = 0.6847
==> Building kbound_short.pdf
Rc files read:
  NONE
Latexmk: This is Latexmk, John Collins, 27 Dec. 2024. Version 4.86a.
Latexmk: applying rule 'pdflatex'...
Rule 'pdflatex':  Reasons for rerun
Changed files or newly in use/created:
  kbound_short.tex
Category 'changed_user':
  kbound_short.tex

------------
Run number 1 of rule 'pdflatex'
------------
------------
Running 'pdflatex  -interaction=nonstopmode -halt-on-error -recorder  "kbound_short.tex"'
------------
This is pdfTeX, Version 3.141592653-2.6-1.40.27 (TeX Live 2025/Homebrew) (preloaded format=pdflatex)
 restricted \write18 enabled.
entering extended mode
(./kbound_short.tex
LaTeX2e <2024-11-01> patch level 2
L3 programming layer <2025-01-18>

(/opt/homebrew/Cellar/texlive/20250308_2/share/texmf-dist/tex/latex/ieeetran/IE
EEtran.cls
Document Class: IEEEtran 2015/08/26 V1.8b by Michael Shell
-- See the "IEEEtran_HOWTO" manual for usage information.
-- http://www.michaelshell.org/tex/ieeetran/

(/opt/homebrew/Cellar/texlive/20250308_2/share/texmf-dist/tex/latex/psnfss/ot1p
tm.fd)
-- Using 8.5in x 11in (letter) paper.
-- Using PDF output.
-- This is a 10 point document.
)
(/opt/homebrew/Cellar/texlive/20250308_2/share/texmf-dist/tex/latex/base/fonten
c.sty
(/opt/homebrew/Cellar/texlive/20250308_2/share/texmf-dist/tex/latex/psnfss/t1pt
m.fd))
(/opt/homebrew/Cellar/texlive/20250308_2/share/texmf-dist/tex/latex/lm/lmodern.
sty)
(/opt/homebrew/Cellar/texlive/20250308_2/share/texmf-dist/tex/latex/microtype/m
icrotype.sty
(/opt/homebrew/Cellar/texlive/20250308_2/share/texmf-dist/tex/latex/graphics/ke
yval.sty)
(/opt/homebrew/Cellar/texlive/20250308_2/share/texmf-dist/tex/latex/etoolbox/et
oolbox.sty)
(/opt/homebrew/Cellar/texlive/20250308_2/share/texmf-dist/tex/latex/microtype/m
icrotype-pdftex.def)
(/opt/homebrew/Cellar/texlive/20250308_2/share/texmf-dist/tex/latex/microtype/m
icrotype.cfg))
(/opt/homebrew/Cellar/texlive/20250308_2/share/texmf-dist/tex/latex/amsmath/ams
math.sty
For additional information on amsmath, use the `?' option.

(/opt/homebrew/Cellar/texlive/20250308_2/share/texmf-dist/tex/latex/amsmath/ams
text.sty
(/opt/homebrew/Cellar/texlive/20250308_2/share/texmf-dist/tex/latex/amsmath/ams
gen.sty))
(/opt/homebrew/Cellar/texlive/20250308_2/share/texmf-dist/tex/latex/amsmath/ams
bsy.sty)
(/opt/homebrew/Cellar/texlive/20250308_2/share/texmf-dist/tex/latex/amsmath/ams
opn.sty))
(/opt/homebrew/Cellar/texlive/20250308_2/share/texmf-dist/tex/latex/amsfonts/am
ssymb.sty
(/opt/homebrew/Cellar/texlive/20250308_2/share/texmf-dist/tex/latex/amsfonts/am
sfonts.sty))
(/opt/homebrew/Cellar/texlive/20250308_2/share/texmf-dist/tex/latex/amscls/amst
hm.sty)
(/opt/homebrew/Cellar/texlive/20250308_2/share/texmf-dist/tex/latex/graphics/gr
aphicx.sty
(/opt/homebrew/Cellar/texlive/20250308_2/share/texmf-dist/tex/latex/graphics/gr
aphics.sty
(/opt/homebrew/Cellar/texlive/20250308_2/share/texmf-dist/tex/latex/graphics/tr
ig.sty)
(/opt/homebrew/Cellar/texlive/20250308_2/share/texmf-dist/tex/latex/graphics-cf
g/graphics.cfg)
(/opt/homebrew/Cellar/texlive/20250308_2/share/texmf-dist/tex/latex/graphics-de
f/pdftex.def)))
(/opt/homebrew/Cellar/texlive/20250308_2/share/texmf-dist/tex/latex/booktabs/bo
oktabs.sty)
(/opt/homebrew/Cellar/texlive/20250308_2/share/texmf-dist/tex/latex/algorithms/
algorithm.sty
(/opt/homebrew/Cellar/texlive/20250308_2/share/texmf-dist/tex/latex/float/float
.sty)
(/opt/homebrew/Cellar/texlive/20250308_2/share/texmf-dist/tex/latex/base/ifthen
.sty))
(/opt/homebrew/Cellar/texlive/20250308_2/share/texmf-dist/tex/latex/algorithmic
x/algpseudocode.sty
(/opt/homebrew/Cellar/texlive/20250308_2/share/texmf-dist/tex/latex/algorithmic
x/algorithmicx.sty
Document Style algorithmicx 1.2 - a greatly improved `algorithmic' style
)
Document Style - pseudocode environments for use with the `algorithmicx' style
)
(/opt/homebrew/Cellar/texlive/20250308_2/share/texmf-dist/tex/latex/xcolor/xcol
or.sty
(/opt/homebrew/Cellar/texlive/20250308_2/share/texmf-dist/tex/latex/graphics-cf
g/color.cfg)
(/opt/homebrew/Cellar/texlive/20250308_2/share/texmf-dist/tex/latex/graphics/ma
thcolor.ltx))
(/opt/homebrew/Cellar/texlive/20250308_2/share/texmf-dist/tex/latex/hyperref/hy
perref.sty
(/opt/homebrew/Cellar/texlive/20250308_2/share/texmf-dist/tex/generic/iftex/ift
ex.sty)
(/opt/homebrew/Cellar/texlive/20250308_2/share/texmf-dist/tex/latex/kvsetkeys/k
vsetkeys.sty)
(/opt/homebrew/Cellar/texlive/20250308_2/share/texmf-dist/tex/generic/kvdefinek
eys/kvdefinekeys.sty)
(/opt/homebrew/Cellar/texlive/20250308_2/share/texmf-dist/tex/generic/pdfescape
/pdfescape.sty
(/opt/homebrew/Cellar/texlive/20250308_2/share/texmf-dist/tex/generic/ltxcmds/l
txcmds.sty)
(/opt/homebrew/Cellar/texlive/20250308_2/share/texmf-dist/tex/generic/pdftexcmd
s/pdftexcmds.sty
(/opt/homebrew/Cellar/texlive/20250308_2/share/texmf-dist/tex/generic/infwarerr
/infwarerr.sty)))
(/opt/homebrew/Cellar/texlive/20250308_2/share/texmf-dist/tex/latex/hycolor/hyc
olor.sty)
(/opt/homebrew/Cellar/texlive/20250308_2/share/texmf-dist/tex/latex/hyperref/na
meref.sty
(/opt/homebrew/Cellar/texlive/20250308_2/share/texmf-dist/tex/latex/refcount/re
fcount.sty)
(/opt/homebrew/Cellar/texlive/20250308_2/share/texmf-dist/tex/generic/gettitles
tring/gettitlestring.sty
(/opt/homebrew/Cellar/texlive/20250308_2/share/texmf-dist/tex/latex/kvoptions/k
voptions.sty)))
(/opt/homebrew/Cellar/texlive/20250308_2/share/texmf-dist/tex/generic/stringenc
/stringenc.sty)
(/opt/homebrew/Cellar/texlive/20250308_2/share/texmf-dist/tex/latex/hyperref/pd
1enc.def)
(/opt/homebrew/Cellar/texlive/20250308_2/share/texmf-dist/tex/generic/intcalc/i
ntcalc.sty)
(/opt/homebrew/Cellar/texlive/20250308_2/share/texmf-dist/tex/latex/hyperref/pu
enc.def)
(/opt/homebrew/Cellar/texlive/20250308_2/share/texmf-dist/tex/latex/url/url.sty
)
(/opt/homebrew/Cellar/texlive/20250308_2/share/texmf-dist/tex/generic/bitset/bi
tset.sty
(/opt/homebrew/Cellar/texlive/20250308_2/share/texmf-dist/tex/generic/bigintcal
c/bigintcalc.sty))
(/opt/homebrew/Cellar/texlive/20250308_2/share/texmf-dist/tex/latex/base/atbegs
hi-ltx.sty))
(/opt/homebrew/Cellar/texlive/20250308_2/share/texmf-dist/tex/latex/hyperref/hp
dftex.def
(/opt/homebrew/Cellar/texlive/20250308_2/share/texmf-dist/tex/latex/base/atvery
end-ltx.sty)
(/opt/homebrew/Cellar/texlive/20250308_2/share/texmf-dist/tex/latex/rerunfilech
eck/rerunfilecheck.sty
(/opt/homebrew/Cellar/texlive/20250308_2/share/texmf-dist/tex/generic/uniquecou
nter/uniquecounter.sty))) (./paper/generated/kbound_numbers.tex)
(/opt/homebrew/Cellar/texlive/20250308_2/share/texmf-dist/tex/latex/lm/t1lmr.fd
)
(/opt/homebrew/Cellar/texlive/20250308_2/share/texmf-dist/tex/latex/l3backend/l
3backend-pdftex.def) (./kbound_short.aux)
-- Lines per column: 56 (exact).

(/opt/homebrew/Cellar/texlive/20250308_2/share/texmf-dist/tex/latex/microtype/m
t-cmr.cfg)
(/opt/homebrew/Cellar/texlive/20250308_2/share/texmf-dist/tex/context/base/mkii
/supp-pdf.mkii
[Loading MPS to PDF converter (version 2006.09.02).]
)
(/opt/homebrew/Cellar/texlive/20250308_2/share/texmf-dist/tex/latex/epstopdf-pk
g/epstopdf-base.sty
(/opt/homebrew/Cellar/texlive/20250308_2/share/texmf-dist/tex/latex/latexconfig
/epstopdf-sys.cfg)) (./kbound_short.out) (./kbound_short.out)
(/opt/homebrew/Cellar/texlive/20250308_2/share/texmf-dist/tex/latex/lm/ot1lmr.f
d)
(/opt/homebrew/Cellar/texlive/20250308_2/share/texmf-dist/tex/latex/lm/omllmm.f
d)
(/opt/homebrew/Cellar/texlive/20250308_2/share/texmf-dist/tex/latex/lm/omslmsy.
fd)
(/opt/homebrew/Cellar/texlive/20250308_2/share/texmf-dist/tex/latex/lm/omxlmex.
fd)
(/opt/homebrew/Cellar/texlive/20250308_2/share/texmf-dist/tex/latex/amsfonts/um
sa.fd)
(/opt/homebrew/Cellar/texlive/20250308_2/share/texmf-dist/tex/latex/microtype/m
t-msa.cfg)
(/opt/homebrew/Cellar/texlive/20250308_2/share/texmf-dist/tex/latex/amsfonts/um
sb.fd)
(/opt/homebrew/Cellar/texlive/20250308_2/share/texmf-dist/tex/latex/microtype/m
t-msb.cfg)

LaTeX Font Warning: Font shape `T1/lmr/bx/sc' undefined
(Font)              using `T1/lmr/bx/n' instead on input line 41.



[1{/opt/homebrew/Cellar/texlive/20250308_2/share/texmf-dist/fonts/map/pdftex/up
dmap/pdftex.map}{/opt/homebrew/Cellar/texlive/20250308_2/share/texmf-dist/fonts
/enc/dvips/lm/lm-ec.enc}{/opt/homebrew/Cellar/texlive/20250308_2/share/texmf-di
st/fonts/enc/dvips/lm/lm-mathex.enc}{/opt/homebrew/Cellar/texlive/20250308_2/sh
are/texmf-dist/fonts/enc/dvips/lm/lm-rm.enc}{/opt/homebrew/Cellar/texlive/20250
308_2/share/texmf-dist/fonts/enc/dvips/lm/lm-mathit.enc}{/opt/homebrew/Cellar/t
exlive/20250308_2/share/texmf-dist/fonts/enc/dvips/lm/lm-mathsy.enc} <./figures
/fig_decision_flow.png>]
Underfull \hbox (badness 10000) in paragraph at lines 104--105
[]\T1/lmr/bx/n/10 (+20) KGA de-ploy-able wrap-per. \T1/lmr/m/n/10 (+20) KGA wra
ps

LaTeX Font Warning: Font shape `T1/lmr/m/scit' undefined
(Font)              using `T1/lmr/m/scsl' instead on input line 113.


Underfull \hbox (badness 10000) in paragraph at lines 128--128
[]\T1/lmr/m/n/8 (+20) Helpful-

Underfull \hbox (badness 10000) in paragraph at lines 128--128
[]\T1/lmr/m/n/8 (+20) Camelyon17

Underfull \hbox (badness 10000) in paragraph at lines 128--128
[]\T1/lmr/m/n/8 (+20) tie always-

Underfull \hbox (badness 10000) in paragraph at lines 128--128
[]\T1/lmr/m/n/8 (+20) Harmful-

Underfull \hbox (badness 10000) in paragraph at lines 128--128
[]\T1/lmr/m/n/8 (+20) RxRx1;

Underfull \hbox (badness 10000) in paragraph at lines 128--128
\T1/lmr/m/n/8 (+20) iWild-Cam

Underfull \hbox (badness 10000) in paragraph at lines 128--128
[]\T1/lmr/m/n/8 (+20) tie always-

Underfull \hbox (badness 10000) in paragraph at lines 128--128
\T1/lmr/m/n/8 (+20) freeze, beat

Underfull \hbox (badness 10000) in paragraph at lines 128--128
[]\T1/lmr/m/n/8 (+20) Domain-gen.

Underfull \hbox (badness 10000) in paragraph at lines 128--128
[]\T1/lmr/m/n/8 (+20) three safety

Underfull \hbox (badness 10000) in paragraph at lines 128--128
\T1/lmr/m/n/8 (+20) tracks; one

Underfull \hbox (badness 5924) in paragraph at lines 128--128
[]\T1/lmr/m/n/8 (+20) Mixed + de-

Underfull \hbox (badness 10000) in paragraph at lines 128--128
[]\T1/lmr/m/n/8 (+20) CIFAR-10-C

Underfull \hbox (badness 10000) in paragraph at lines 128--128
\T1/lmr/m/n/8 (+20) Tent/EATA,

Underfull \hbox (badness 10000) in paragraph at lines 128--128
\T1/lmr/m/n/8 (+20) ImageNet-C

Underfull \hbox (badness 10000) in paragraph at lines 128--128
[]\T1/lmr/m/n/8 (+20) ImageNet-R,

Underfull \hbox (badness 10000) in paragraph at lines 128--128
[]\T1/lmr/m/n/8 (+20) Constructed

Underfull \hbox (badness 10000) in paragraph at lines 128--128
[]\T1/lmr/m/n/8 (+20) three-source

Underfull \hbox (badness 10000) in paragraph at lines 128--128
[]\T1/lmr/m/n/8 (+20) supported


[2]

Underfull \hbox (badness 10000) in paragraph at lines 207--207
[]\T1/lmr/m/n/7 (+20) Controls marginal false-

Underfull \hbox (badness 10000) in paragraph at lines 207--207
[]\T1/lmr/m/n/7 (+20) recalibrate, widen

Underfull \hbox (badness 10000) in paragraph at lines 207--207
[]\T1/lmr/m/n/7 (+20) Exchangeable or

Underfull \hbox (badness 10000) in paragraph at lines 207--207
[]\T1/lmr/m/n/7 (+20) Bounded

[3] (./paper/sections/theory_setup.tex
)
[4 <./figures/fig_frontier_schematic.png>]
(./paper/sections/theory_core_main.tex

LaTeX Font Warning: Font shape `T1/lmr/m/scit' undefined
(Font)              using `T1/lmr/m/scsl' instead on input line 32.


LaTeX Font Warning: Font shape `T1/lmr/m/scit' undefined
(Font)              using `T1/lmr/m/scsl' instead on input line 32.


LaTeX Font Warning: Font shape `T1/lmr/m/scit' undefined
(Font)              using `T1/lmr/m/scsl' instead on input line 33.



LaTeX Font Warning: Font shape `T1/lmr/m/scit' undefined
(Font)              using `T1/lmr/m/scsl' instead on input line 71.


LaTeX Font Warning: Font shape `T1/lmr/m/scit' undefined
(Font)              using `T1/lmr/m/scsl' instead on input line 71.


Underfull \hbox (badness 6775) in paragraph at lines 70--74
[]\T1/lmr/bx/it/10 (+20) Strict-commitment iff. \T1/lmr/m/it/10 (+20) A strict 
ac-tion in

LaTeX Font Warning: Font shape `T1/lmr/m/scit' undefined
(Font)              using `T1/lmr/m/scsl' instead on input line 75.


LaTeX Font Warning: Font shape `T1/lmr/m/scit' undefined
(Font)              using `T1/lmr/m/scsl' instead on input line 75.


LaTeX Font Warning: Font shape `T1/lmr/m/scit' undefined
(Font)              using `T1/lmr/m/scsl' instead on input line 76.


Overfull \hbox (1.9802pt too wide) in paragraph at lines 90--101
 [] 

LaTeX Font Warning: Font shape `T1/lmr/m/scit' undefined
(Font)              using `T1/lmr/m/scsl' instead on input line 111.


LaTeX Font Warning: Font shape `T1/lmr/m/scit' undefined
(Font)              using `T1/lmr/m/scsl' instead on input line 112.


LaTeX Font Warning: Font shape `T1/lmr/m/scit' undefined
(Font)              using `T1/lmr/m/scsl' instead on input line 113.


LaTeX Font Warning: Font shape `T1/lmr/m/scit' undefined
(Font)              using `T1/lmr/m/scsl' instead on input line 120.


LaTeX Font Warning: Font shape `T1/lmr/m/scit' undefined
(Font)              using `T1/lmr/m/scsl' instead on input line 120.


LaTeX Font Warning: Font shape `T1/lmr/m/scit' undefined
(Font)              using `T1/lmr/m/scsl' instead on input line 120.


LaTeX Font Warning: Font shape `T1/lmr/m/scit' undefined
(Font)              using `T1/lmr/m/scsl' instead on input line 120.


[5]

LaTeX Font Warning: Font shape `T1/lmr/m/scit' undefined
(Font)              using `T1/lmr/m/scsl' instead on input line 141.


LaTeX Font Warning: Font shape `T1/lmr/m/scit' undefined
(Font)              using `T1/lmr/m/scsl' instead on input line 142.


LaTeX Font Warning: Font shape `T1/lmr/m/scit' undefined
(Font)              using `T1/lmr/m/scsl' instead on input line 142.

)

[6]
(/opt/homebrew/Cellar/texlive/20250308_2/share/texmf-dist/tex/latex/lm/t1lmtt.f
d)

LaTeX Font Warning: Font shape `T1/lmr/m/scit' undefined
(Font)              using `T1/lmr/m/scsl' instead on input line 362.


LaTeX Font Warning: Font shape `T1/lmr/m/scit' undefined
(Font)              using `T1/lmr/m/scsl' instead on input line 362.


Underfull \hbox (badness 2951) in paragraph at lines 368--369
\T1/lmr/m/n/7 (+20) marginal-class en-tropy; en-tropy/confidence


[7]

LaTeX Font Warning: Font shape `T1/lmr/m/scit' undefined
(Font)              using `T1/lmr/m/scsl' instead on input line 472.


Underfull \hbox (badness 10000) in paragraph at lines 492--493
[]\T1/lmr/m/n/10 (+20) The eval-u-a-tion sep-a-rates con-trolled cor-rup-

Underfull \hbox (badness 1603) in paragraph at lines 492--493
\T1/lmr/m/n/10 (+20) and low-margin di-ag-nos-tic trans-fers. This tax-on-omy

[8 <./figures/fig_certificate.png>]
Underfull \hbox (badness 10000) in paragraph at lines 536--536
[]\T1/lmr/m/n/7 (+20) CIFAR-10-C

Underfull \hbox (badness 4673) in paragraph at lines 536--536
[]\T1/lmr/m/n/7 (+20) grid cell (leave-

Underfull \hbox (badness 4673) in paragraph at lines 536--536
[]\T1/lmr/m/n/7 (+20) grid cell (leave-

Underfull \hbox (badness 10000) in paragraph at lines 536--536
[]\T1/lmr/m/n/7 (+20) source-domain

Underfull \hbox (badness 10000) in paragraph at lines 536--536
[]$\OT1/lmr/m/n/7 (+20) 108$

Underfull \hbox (badness 10000) in paragraph at lines 536--536
\T1/lmr/m/n/7 (+20) em-pir-i-cal

Underfull \hbox (badness 10000) in paragraph at lines 536--536
\T1/lmr/m/n/7 (+20) em-pir-i-cal

Underfull \hbox (badness 10000) in paragraph at lines 536--536
\T1/lmr/m/n/7 (+20) em-pir-i-cal

Underfull \hbox (badness 10000) in paragraph at lines 536--536
[]\T1/lmr/m/n/7 (+20) target test

Underfull \hbox (badness 10000) in paragraph at lines 536--536
[]\T1/lmr/m/n/7 (+20) development

Underfull \hbox (badness 10000) in paragraph at lines 536--536
\T1/lmr/m/n/7 (+20) em-pir-i-cal

Underfull \hbox (badness 10000) in paragraph at lines 536--536
[]\T1/lmr/m/n/7 (+20) test

Underfull \hbox (badness 2103) in paragraph at lines 546--547
[]\T1/lmr/m/n/10 (+20) The pri-mary de-ci-sion met-rics are regret-to-oracle,


Underfull \hbox (badness 1460) in paragraph at lines 614--614
\T1/lmr/m/n/8 (+20) vs. always-adapt, $\OT1/lmr/m/n/8 (+20) +0\OML/lmm/m/it/8 :
\OT1/lmr/m/n/8 (+20) 080 [0\OML/lmm/m/it/8 :\OT1/lmr/m/n/8 (+20) 052\OML/lmm/m/
it/8 ; \OT1/lmr/m/n/8 (+20) 0\OML/lmm/m/it/8 :\OT1/lmr/m/n/8 (+20) 107]$ \T1/lm
r/m/n/8 (+20) vs. always-freeze; EATA

Underfull \hbox (badness 7888) in paragraph at lines 614--614
\OT1/lmr/m/n/8 (+20) +0\OML/lmm/m/it/8 :\OT1/lmr/m/n/8 (+20) 015 [0\OML/lmm/m/i
t/8 :\OT1/lmr/m/n/8 (+20) 009\OML/lmm/m/it/8 ; \OT1/lmr/m/n/8 (+20) 0\OML/lmm/m
/it/8 :\OT1/lmr/m/n/8 (+20) 021]$ \T1/lmr/m/n/8 (+20) and $\OT1/lmr/m/n/8 (+20)
 +0\OML/lmm/m/it/8 :\OT1/lmr/m/n/8 (+20) 075 [0\OML/lmm/m/it/8 :\OT1/lmr/m/n/8 
(+20) 049\OML/lmm/m/it/8 ; \OT1/lmr/m/n/8 (+20) 0\OML/lmm/m/it/8 :\OT1/lmr/m/n/
8 (+20) 100]$\T1/lmr/m/n/8 (+20) . A con-ven-tional

Underfull \hbox (badness 4765) in paragraph at lines 614--614
\T1/lmr/m/n/8 (+20) paired per-condition boot-strap over the $\OT1/lmr/m/n/8 (+
20) 432$ \T1/lmr/m/n/8 (+20) re-al-ized con-di-

Underfull \hbox (badness 4872) in paragraph at lines 614--614
\T1/lmr/m/n/8 (+20) tions (\T1/lmtt/m/n/8 scripts/percondition_bootstrap.py\T1/
lmr/m/n/8 (+20) ) re-turns the same

[9]
Underfull \hbox (badness 4024) in paragraph at lines 661--678
[]\T1/lmr/m/sc/10 (+20) KGA\T1/lmr/m/n/10 (+20) 's claim goes be-yond ``bet-ter
 than always-

Underfull \vbox (badness 10000) has occurred while \output is active

Underfull \vbox (badness 3029) has occurred while \output is active
[10 <./figures/fig_phase_diagram.png>]
Underfull \hbox (badness 3884) in paragraph at lines 704--716
\T1/lmr/m/n/10 (+20) always-adapt and always-freeze. A harder ques-tion

Underfull \hbox (badness 8151) in paragraph at lines 704--716
\T1/lmr/m/n/10 (+20) is whether \T1/lmr/m/sc/10 (+20) KGA \T1/lmr/m/n/10 (+20) 
im-proves over strong protocol-

Underfull \hbox (badness 10000) in paragraph at lines 704--716
\T1/lmr/m/n/10 (+20) matched label-free de-ci-sion base-lines in-spired by

Underfull \hbox (badness 4505) in paragraph at lines 704--716
\T1/lmr/m/n/10 (+20) stream. We pre-registered the bench-mark, met-rics,

Underfull \hbox (badness 1924) in paragraph at lines 704--716
\T1/lmr/m/n/10 (+20) ben-e-fit $\OML/lmm/m/it/10 B$ \T1/lmr/m/n/10 (+20) from t
he locked CIFAR-10-C stress grid

Underfull \hbox (badness 1383) in paragraph at lines 704--716
\T1/lmr/m/n/10 (+20) of the pub-lished pro-tec-tors onto this pro-to-col with

Underfull \hbox (badness 5878) in paragraph at lines 704--716
\T1/lmr/m/n/10 (+20) doc-u-mented sim-pli-fi-ca-tions (batch-summary en-tropy

Underfull \vbox (badness 3646) has occurred while \output is active

Underfull \hbox (badness 2951) in paragraph at lines 717--726
\T1/lmr/m/n/10 (+20) at $[][][]\OT1/lmr/m/n/10 (+20) 0 \OMS/lmsy/m/n/10 ^^T \OM
L/lmm/m/it/10 $ \T1/lmr/m/n/10 (+20) (Ta-ble [][]XI[][]). The ported POEM-

[11 <./figures/fig_frontier_transition.png>]
Underfull \hbox (badness 10000) in paragraph at lines 766--766
[]\T1/lmr/m/n/8 (+20) online en-tropy/betting

Underfull \hbox (badness 1527) in paragraph at lines 766--766
\T1/lmr/m/n/8 (+20) mon-i-tor over adap-ta-tion

Underfull \hbox (badness 10000) in paragraph at lines 766--766
[]\T1/lmr/m/n/8 (+20) batch-summary en-tropy

Underfull \hbox (badness 5637) in paragraph at lines 766--766
\T1/lmr/m/n/8 (+20) and logged per-condition

Underfull \hbox (badness 10000) in paragraph at lines 767--767
[]\T1/lmr/m/n/8 (+20) dropout/disagreement-

Underfull \hbox (badness 10000) in paragraph at lines 767--767
[]\T1/lmr/m/n/8 (+20) protocol-matched

Underfull \hbox (badness 10000) in paragraph at lines 767--767
\T1/lmr/m/n/8 (+20) ac-cu-racy/benefit gate

Underfull \hbox (badness 4120) in paragraph at lines 767--768
[]\T1/lmr/m/n/8 (+20) not of-fi-cial dropout-

Underfull \hbox (badness 10000) in paragraph at lines 768--768
[]\T1/lmr/m/n/8 (+20) same stream, same


[12 <./figures/fig_decisive_decisions_cifar10c.png> <./figures/fig_decisive_par
eto_cifar10c.png>]
Underfull \hbox (badness 4024) in paragraph at lines 843--854
 \T1/lmr/m/it/10 (+20) b) Multi-seed sta-bil-ity (Came-lyon17).: [][] \T1/lmr/m
/n/10 (+20) The one

Underfull \hbox (badness 3449) in paragraph at lines 843--854
\T1/lmr/m/n/10 (+20) natural-shift track with per-condition logs at mul-

Underfull \hbox (badness 1997) in paragraph at lines 843--854
\T1/lmr/m/n/10 (+20) ti-ple seeds is Came-lyon17 ($\OT1/lmr/m/n/10 (+20) 4$ \T1
/lmr/m/n/10 (+20) seeds, $\OT1/lmr/m/n/10 (+20) 9$ \T1/lmr/m/n/10 (+20) composi
tion-


Underfull \hbox (badness 8151) in paragraph at lines 885--885
[]\T1/lmr/m/n/7 (+20) Tent: $\OT1/lmr/m/n/7 (+20) 0\OML/lmm/m/it/7 :\OT1/lmr/m/
n/7 (+20) 0016\OML/lmm/m/it/7 =\OT1/lmr/m/n/7 (+20) 0\OML/lmm/m/it/7 :\OT1/lmr/
m/n/7 (+20) 0079\OML/lmm/m/it/7 =\OT1/lmr/m/n/7 (+20) 0\OML/lmm/m/it/7 :\OT1/lm
r/m/n/7 (+20) 1241$\T1/lmr/m/n/7 (+20) ; EATA:

Underfull \hbox (badness 1769) in paragraph at lines 886--886
[]\T1/lmr/bx/n/7 (+20) paired-bootstrap BB\T1/lmr/m/n/7 (+20) ;

Underfull \hbox (badness 1810) in paragraph at lines 911--914
\T1/lmr/m/n/10 (+20) constructed het-ero-ge-neous stream, not single-dataset

Underfull \hbox (badness 10000) in paragraph at lines 924--925
[]\T1/lmr/m/n/7 (+20) CI BB,

Underfull \hbox (badness 10000) in paragraph at lines 925--925
[]\T1/lmr/m/n/7 (+20) CIFAR-10-C

Underfull \hbox (badness 10000) in paragraph at lines 925--926
[]\T1/lmr/m/n/7 (+20) CI BB,

Underfull \hbox (badness 10000) in paragraph at lines 926--927
[]\T1/lmr/m/n/7 (+20) paired-

Underfull \hbox (badness 10000) in paragraph at lines 926--927
\T1/lmr/m/n/7 (+20) bootstrap

Underfull \hbox (badness 10000) in paragraph at lines 926--927
\T1/lmr/m/n/7 (+20) BB,

Underfull \hbox (badness 10000) in paragraph at lines 927--927
[]\T1/lmr/m/n/7 (+20) Camelyon17

Underfull \hbox (badness 10000) in paragraph at lines 927--928
[]\T1/lmr/m/n/7 (+20) reconciled

Underfull \hbox (badness 10000) in paragraph at lines 928--929
[]\T1/lmr/m/n/7 (+20) locked no-

Underfull \hbox (badness 10000) in paragraph at lines 929--929
[]\T1/lmr/m/n/7 (+20) Three-source

Underfull \hbox (badness 10000) in paragraph at lines 929--930
\T1/lmr/m/n/7 (+20) structed);

Underfull \hbox (badness 10000) in paragraph at lines 957--957
[]\T1/lmr/m/n/7 (+20) measurable

Underfull \hbox (badness 10000) in paragraph at lines 957--957
\T1/lmr/m/n/7 (+20) marginal cov-er-age;

Underfull \hbox (badness 10000) in paragraph at lines 957--957
\T1/lmr/m/n/7 (+20) ex-change-abil-ity/shift

Underfull \hbox (badness 1448) in paragraph at lines 957--957
[]$[][] \OMS/lmsy/m/n/7 ^^T \OML/lmm/m/it/7 $ \T1/lmr/m/n/7 (+20) (con-di-tion
al false-

Underfull \hbox (badness 10000) in paragraph at lines 957--957
[]\T1/lmr/bx/n/7 (+20) not

Overfull \hbox (6.34483pt too wide) in paragraph at lines 957--957
[]\T1/lmr/bx/n/7 (-20) accounting| 

Underfull \hbox (badness 10000) in paragraph at lines 957--957
[]\T1/lmr/m/n/7 (+20) Stress-grid beats-both

Underfull \hbox (badness 6016) in paragraph at lines 957--957
[]\T1/lmr/m/n/7 (+20) locked Pro-to-col A v1

Underfull \hbox (badness 10000) in paragraph at lines 957--957
[]\T1/lmr/m/n/7 (+20) ImageNet-C SAR paired-

Underfull \hbox (badness 10000) in paragraph at lines 957--957
[]\T1/lmr/m/n/7 (+20) source-backed 27-cell

Underfull \hbox (badness 10000) in paragraph at lines 957--957
[]\T1/lmr/m/n/7 (+20) Office-Home and iWild-Cam

Underfull \hbox (badness 3769) in paragraph at lines 957--957
[]\T1/lmr/m/n/7 (+20) constructed OOF mix-

Underfull \hbox (badness 10000) in paragraph at lines 957--957
[]\T1/lmr/bx/n/7 (+20) not

[13 <./figures/fig_natural_forest.png>]
Underfull \vbox (badness 10000) has occurred while \output is active

[14]

Underfull \hbox (badness 5403) in paragraph at lines 1059--1059
[]\T1/lmr/m/n/7 (+20) support/residual au-

Underfull \hbox (badness 2707) in paragraph at lines 1059--1060
[]\T1/lmr/m/n/7 (+20) recalibrate, widen ra-

Underfull \hbox (badness 10000) in paragraph at lines 1060--1061
[]\T1/lmr/m/n/7 (+20) revise class/budget;

Underfull \hbox (badness 10000) in paragraph at lines 1061--1061
[]\T1/lmr/m/n/7 (+20) distance or den-sity

Underfull \hbox (badness 10000) in paragraph at lines 1062--1062
[]\T1/lmr/m/n/7 (+20) Adapter/checkpoint

Underfull \hbox (badness 10000) in paragraph at lines 1062--1062
[]\T1/lmr/m/n/7 (+20) configuration hash

Underfull \hbox (badness 10000) in paragraph at lines 1064--1064
[]\T1/lmr/m/n/7 (+20) checkpoint/stream

[15]

Underfull \hbox (badness 4353) in paragraph at lines 1124--1130
[]\T1/lmr/bx/n/10 (+20) Baseline scope and re-com-pu-ta-tion. \T1/lmr/m/n/10 (+
20) On the

[16]
Underfull \hbox (badness 10000) in paragraph at lines 1170--1170
[]\T1/lmr/m/n/7 (+20) CIFAR-10-C mixed-regime

Underfull \hbox (badness 10000) in paragraph at lines 1172--1173
[]\T1/lmr/m/n/7 (+20) Not single-dataset nat-u-ral

Underfull \hbox (badness 3942) in paragraph at lines 1173--1173
[]\T1/lmr/m/n/7 (+20) Same logged stress cells and

Underfull \hbox (badness 10000) in paragraph at lines 1174--1174
[]\T1/lmr/m/n/7 (+20) Constructed het-ero-ge-neous

Underfull \hbox (badness 10000) in paragraph at lines 1174--1174
[]\T1/lmr/m/n/7 (+20) Researcher-constructed three-

Overfull \hbox (4.13654pt too wide) in paragraph at lines 1162--1180
 [][] 
(./kbound_short_appendix.tex
Underfull \hbox (badness 4403) in paragraph at lines 14--15
[]\T1/lmr/m/n/10 (+20) Regret-to-oracle, false-adapt rate, cov-er-age,

Underfull \hbox (badness 2142) in paragraph at lines 38--48
\T1/lmr/m/n/10 (+20) ber of classes. The stress-grid tracks (CIFAR-10-C,

(./paper/sections/theory_appendix_ext.tex
[17])

[18] (./edge/kbound_camera_main_tables.tex (./edge/camera_placeholders.tex)

LaTeX Font Warning: Font shape `T1/lmr/m/scit' undefined
(Font)              using `T1/lmr/m/scsl' instead on input line 43.

)

Underfull \hbox (badness 2197) in paragraph at lines 184--188
[]\T1/lmr/m/n/10 (+20) Lean checks the in-dexed al-ge-braic, finite-decision,
)
Underfull \hbox (badness 10000) in paragraph at lines 190--1191
[]\T1/lmr/m/n/10 (+20) The machine-readable man-i-fest

Underfull \hbox (badness 10000) in paragraph at lines 190--1191
\T1/lmtt/m/n/10 paper/generated/kbound_result_manifest.json \T1/lmr/m/n/10 (+20
) is
(./paper/references_kbound_expanded.tex
Underfull \hbox (badness 3386) in paragraph at lines 40--42
[]\T1/lmr/m/n/8 (+20) A. T. Kalai, V. Kanade. To-wards op-ti-mally ab-stain-ing


[19]
Underfull \vbox (badness 10000) has occurred while \output is active

Underfull \vbox (badness 10000) has occurred while \output is active
[20]
Underfull \hbox (badness 1675) in paragraph at lines 126--129
[]\T1/lmr/m/n/8 (+20) R. J. Tib-shi-rani, R. F. Bar-ber, E. Can-dès, A. Ram-das
.
)

** Conference Paper **
Before submitting the final camera ready copy, remember to:

 1. Manually equalize the lengths of two columns on the last page
 of your paper;

 2. Ensure that any PostScript and/or PDF output post-processing
 uses only Type 1 fonts and that every step in the generation
 process uses the appropriate paper size.



[21] (./kbound_short.aux)

LaTeX Font Warning: Some font shapes were not available, defaults substituted.

 )
(see the transcript file for additional information)</opt/homebrew/Cellar/texli
ve/20250308_2/share/texmf-dist/fonts/type1/public/lm/lmbx10.pfb></opt/homebrew/
Cellar/texlive/20250308_2/share/texmf-dist/fonts/type1/public/lm/lmbx7.pfb></op
t/homebrew/Cellar/texlive/20250308_2/share/texmf-dist/fonts/type1/public/lm/lmb
x8.pfb></opt/homebrew/Cellar/texlive/20250308_2/share/texmf-dist/fonts/type1/pu
blic/lm/lmbx9.pfb></opt/homebrew/Cellar/texlive/20250308_2/share/texmf-dist/fon
ts/type1/public/lm/lmbxi10.pfb></opt/homebrew/Cellar/texlive/20250308_2/share/t
exmf-dist/fonts/type1/public/lm/lmcsc10.pfb></opt/homebrew/Cellar/texlive/20250
308_2/share/texmf-dist/fonts/type1/public/lm/lmcsco10.pfb></opt/homebrew/Cellar
/texlive/20250308_2/share/texmf-dist/fonts/type1/public/lm/lmex10.pfb></opt/hom
ebrew/Cellar/texlive/20250308_2/share/texmf-dist/fonts/type1/public/lm/lmmi10.p
fb></opt/homebrew/Cellar/texlive/20250308_2/share/texmf-dist/fonts/type1/public
/lm/lmmi5.pfb></opt/homebrew/Cellar/texlive/20250308_2/share/texmf-dist/fonts/t
ype1/public/lm/lmmi6.pfb></opt/homebrew/Cellar/texlive/20250308_2/share/texmf-d
ist/fonts/type1/public/lm/lmmi7.pfb></opt/homebrew/Cellar/texlive/20250308_2/sh
are/texmf-dist/fonts/type1/public/lm/lmmi8.pfb></opt/homebrew/Cellar/texlive/20
250308_2/share/texmf-dist/fonts/type1/public/lm/lmmi9.pfb></opt/homebrew/Cellar
/texlive/20250308_2/share/texmf-dist/fonts/type1/public/lm/lmr10.pfb></opt/home
brew/Cellar/texlive/20250308_2/share/texmf-dist/fonts/type1/public/lm/lmr12.pfb
></opt/homebrew/Cellar/texlive/20250308_2/share/texmf-dist/fonts/type1/public/l
m/lmr17.pfb></opt/homebrew/Cellar/texlive/20250308_2/share/texmf-dist/fonts/typ
e1/public/lm/lmr5.pfb></opt/homebrew/Cellar/texlive/20250308_2/share/texmf-dist
/fonts/type1/public/lm/lmr6.pfb></opt/homebrew/Cellar/texlive/20250308_2/share/
texmf-dist/fonts/type1/public/lm/lmr7.pfb></opt/homebrew/Cellar/texlive/2025030
8_2/share/texmf-dist/fonts/type1/public/lm/lmr8.pfb></opt/homebrew/Cellar/texli
ve/20250308_2/share/texmf-dist/fonts/type1/public/lm/lmr9.pfb></opt/homebrew/Ce
llar/texlive/20250308_2/share/texmf-dist/fonts/type1/public/lm/lmri10.pfb></opt
/homebrew/Cellar/texlive/20250308_2/share/texmf-dist/fonts/type1/public/lm/lmri
7.pfb></opt/homebrew/Cellar/texlive/20250308_2/share/texmf-dist/fonts/type1/pub
lic/lm/lmri8.pfb></opt/homebrew/Cellar/texlive/20250308_2/share/texmf-dist/font
s/type1/public/lm/lmsy10.pfb></opt/homebrew/Cellar/texlive/20250308_2/share/tex
mf-dist/fonts/type1/public/lm/lmsy6.pfb></opt/homebrew/Cellar/texlive/20250308_
2/share/texmf-dist/fonts/type1/public/lm/lmsy7.pfb></opt/homebrew/Cellar/texliv
e/20250308_2/share/texmf-dist/fonts/type1/public/lm/lmsy8.pfb></opt/homebrew/Ce
llar/texlive/20250308_2/share/texmf-dist/fonts/type1/public/lm/lmsy9.pfb></opt/
homebrew/Cellar/texlive/20250308_2/share/texmf-dist/fonts/type1/public/lm/lmtcs
c10.pfb></opt/homebrew/Cellar/texlive/20250308_2/share/texmf-dist/fonts/type1/p
ublic/lm/lmtt10.pfb></opt/homebrew/Cellar/texlive/20250308_2/share/texmf-dist/f
onts/type1/public/lm/lmtt8.pfb></opt/homebrew/Cellar/texlive/20250308_2/share/t
exmf-dist/fonts/type1/public/amsfonts/symbols/msbm10.pfb></opt/homebrew/Cellar/
texlive/20250308_2/share/texmf-dist/fonts/type1/public/amsfonts/symbols/msbm7.p
fb>
Output written on kbound_short.pdf (21 pages, 1141016 bytes).
Transcript written on kbound_short.log.
Latexmk: Getting log file 'kbound_short.log'
Latexmk: Examining 'kbound_short.fls'
Latexmk: Examining 'kbound_short.log'
Latexmk: Log file says output to 'kbound_short.pdf'
Latexmk: All targets (kbound_short.pdf) are up-to-date

==> Done:
-rw-r--r--@ 1 pratik_n  staff   1.1M Jul 13 14:11 kbound_short_final_draft.pdf
