WARNING: Ignoring invalid distribution -urllib3 (/Volumes/T9/uav/AutoML_Flagship_V8/.venv/lib/python3.14/site-packages)
WARNING: Ignoring invalid distribution -soupsieve (/Volumes/T9/uav/AutoML_Flagship_V8/.venv/lib/python3.14/site-packages)
WARNING: Ignoring invalid distribution -pysocks (/Volumes/T9/uav/AutoML_Flagship_V8/.venv/lib/python3.14/site-packages)
WARNING: Ignoring invalid distribution -idna (/Volumes/T9/uav/AutoML_Flagship_V8/.venv/lib/python3.14/site-packages)
WARNING: Ignoring invalid distribution -certifi (/Volumes/T9/uav/AutoML_Flagship_V8/.venv/lib/python3.14/site-packages)
WARNING: Ignoring invalid distribution -requests (/Volumes/T9/uav/AutoML_Flagship_V8/.venv/lib/python3.14/site-packages)
WARNING: Ignoring invalid distribution -gdown (/Volumes/T9/uav/AutoML_Flagship_V8/.venv/lib/python3.14/site-packages)
WARNING: Ignoring invalid distribution -pyntcloud (/Volumes/T9/uav/AutoML_Flagship_V8/.venv/lib/python3.14/site-packages)
WARNING: Ignoring invalid distribution -pypdfium2 (/Volumes/T9/uav/AutoML_Flagship_V8/.venv/lib/python3.14/site-packages)
WARNING: Ignoring invalid distribution -schema (/Volumes/T9/uav/AutoML_Flagship_V8/.venv/lib/python3.14/site-packages)
WARNING: Ignoring invalid distribution -dictquery (/Volumes/T9/uav/AutoML_Flagship_V8/.venv/lib/python3.14/site-packages)
WARNING: Ignoring invalid distribution -wheel (/Volumes/T9/uav/AutoML_Flagship_V8/.venv/lib/python3.14/site-packages)
WARNING: Ignoring invalid distribution -charset-normalizer (/Volumes/T9/uav/AutoML_Flagship_V8/.venv/lib/python3.14/site-packages)
WARNING: Ignoring invalid distribution -beautifulsoup4 (/Volumes/T9/uav/AutoML_Flagship_V8/.venv/lib/python3.14/site-packages)
WARNING: Ignoring invalid distribution -universal-anomaly-intelligence (/Volumes/T9/uav/AutoML_Flagship_V8/.venv/lib/python3.14/site-packages)
WARNING: Ignoring invalid distribution -uc-micro-py (/Volumes/T9/uav/AutoML_Flagship_V8/.venv/lib/python3.14/site-packages)
WARNING: Ignoring invalid distribution -trimesh (/Volumes/T9/uav/AutoML_Flagship_V8/.venv/lib/python3.14/site-packages)
WARNING: Ignoring invalid distribution -toml (/Volumes/T9/uav/AutoML_Flagship_V8/.venv/lib/python3.14/site-packages)
WARNING: Ignoring invalid distribution -shellingham (/Volumes/T9/uav/AutoML_Flagship_V8/.venv/lib/python3.14/site-packages)
WARNING: Ignoring invalid distribution -pyzmq (/Volumes/T9/uav/AutoML_Flagship_V8/.venv/lib/python3.14/site-packages)
WARNING: Ignoring invalid distribution -python-box (/Volumes/T9/uav/AutoML_Flagship_V8/.venv/lib/python3.14/site-packages)
WARNING: Ignoring invalid distribution -pydash (/Volumes/T9/uav/AutoML_Flagship_V8/.venv/lib/python3.14/site-packages)
WARNING: Ignoring invalid distribution -pydantic (/Volumes/T9/uav/AutoML_Flagship_V8/.venv/lib/python3.14/site-packages)
WARNING: Ignoring invalid distribution -pycryptodome (/Volumes/T9/uav/AutoML_Flagship_V8/.venv/lib/python3.14/site-packages)
WARNING: Ignoring invalid distribution -pycparser (/Volumes/T9/uav/AutoML_Flagship_V8/.venv/lib/python3.14/site-packages)
WARNING: Ignoring invalid distribution -platformdirs (/Volumes/T9/uav/AutoML_Flagship_V8/.venv/lib/python3.14/site-packages)
WARNING: Ignoring invalid distribution -orderly-set (/Volumes/T9/uav/AutoML_Flagship_V8/.venv/lib/python3.14/site-packages)
WARNING: Ignoring invalid distribution -opencv-python-headless (/Volumes/T9/uav/AutoML_Flagship_V8/.venv/lib/python3.14/site-packages)
WARNING: Ignoring invalid distribution -mdurl (/Volumes/T9/uav/AutoML_Flagship_V8/.venv/lib/python3.14/site-packages)
WARNING: Ignoring invalid distribution -loguru (/Volumes/T9/uav/AutoML_Flagship_V8/.venv/lib/python3.14/site-packages)
WARNING: Ignoring invalid distribution -lazy-loader (/Volumes/T9/uav/AutoML_Flagship_V8/.venv/lib/python3.14/site-packages)
WARNING: Ignoring invalid distribution -imageio (/Volumes/T9/uav/AutoML_Flagship_V8/.venv/lib/python3.14/site-packages)
WARNING: Ignoring invalid distribution -click (/Volumes/T9/uav/AutoML_Flagship_V8/.venv/lib/python3.14/site-packages)
WARNING: Ignoring invalid distribution -cachebox (/Volumes/T9/uav/AutoML_Flagship_V8/.venv/lib/python3.14/site-packages)
WARNING: Ignoring invalid distribution -billiard (/Volumes/T9/uav/AutoML_Flagship_V8/.venv/lib/python3.14/site-packages)
WARNING: Ignoring invalid distribution -annotated-doc (/Volumes/T9/uav/AutoML_Flagship_V8/.venv/lib/python3.14/site-packages)
WARNING: Ignoring invalid distribution -scikit-image (/Volumes/T9/uav/AutoML_Flagship_V8/.venv/lib/python3.14/site-packages)
WARNING: Ignoring invalid distribution -markdown-it-py (/Volumes/T9/uav/AutoML_Flagship_V8/.venv/lib/python3.14/site-packages)
WARNING: Ignoring invalid distribution -linkify-it-py (/Volumes/T9/uav/AutoML_Flagship_V8/.venv/lib/python3.14/site-packages)
WARNING: Ignoring invalid distribution -deepdiff (/Volumes/T9/uav/AutoML_Flagship_V8/.venv/lib/python3.14/site-packages)
WARNING: Ignoring invalid distribution -cffi (/Volumes/T9/uav/AutoML_Flagship_V8/.venv/lib/python3.14/site-packages)
WARNING: Ignoring invalid distribution -astunparse (/Volumes/T9/uav/AutoML_Flagship_V8/.venv/lib/python3.14/site-packages)
WARNING: Ignoring invalid distribution -rich (/Volumes/T9/uav/AutoML_Flagship_V8/.venv/lib/python3.14/site-packages)
WARNING: Ignoring invalid distribution -mdit-py-plugins (/Volumes/T9/uav/AutoML_Flagship_V8/.venv/lib/python3.14/site-packages)
WARNING: Ignoring invalid distribution -argon2-cffi-bindings (/Volumes/T9/uav/AutoML_Flagship_V8/.venv/lib/python3.14/site-packages)
WARNING: Ignoring invalid distribution -albumentations (/Volumes/T9/uav/AutoML_Flagship_V8/.venv/lib/python3.14/site-packages)
WARNING: Ignoring invalid distribution -typer (/Volumes/T9/uav/AutoML_Flagship_V8/.venv/lib/python3.14/site-packages)
WARNING: Ignoring invalid distribution -textual (/Volumes/T9/uav/AutoML_Flagship_V8/.venv/lib/python3.14/site-packages)
WARNING: Ignoring invalid distribution -argon2-cffi (/Volumes/T9/uav/AutoML_Flagship_V8/.venv/lib/python3.14/site-packages)
WARNING: Ignoring invalid distribution -minio (/Volumes/T9/uav/AutoML_Flagship_V8/.venv/lib/python3.14/site-packages)
WARNING: Ignoring invalid distribution -pipelime-python (/Volumes/T9/uav/AutoML_Flagship_V8/.venv/lib/python3.14/site-packages)
WARNING: Ignoring invalid distribution -eyecandies (/Volumes/T9/uav/AutoML_Flagship_V8/.venv/lib/python3.14/site-packages)
WARNING: Ignoring invalid distribution -urllib3 (/Volumes/T9/uav/AutoML_Flagship_V8/.venv/lib/python3.14/site-packages)
WARNING: Ignoring invalid distribution -soupsieve (/Volumes/T9/uav/AutoML_Flagship_V8/.venv/lib/python3.14/site-packages)
WARNING: Ignoring invalid distribution -pysocks (/Volumes/T9/uav/AutoML_Flagship_V8/.venv/lib/python3.14/site-packages)
WARNING: Ignoring invalid distribution -idna (/Volumes/T9/uav/AutoML_Flagship_V8/.venv/lib/python3.14/site-packages)
WARNING: Ignoring invalid distribution -certifi (/Volumes/T9/uav/AutoML_Flagship_V8/.venv/lib/python3.14/site-packages)
WARNING: Ignoring invalid distribution -requests (/Volumes/T9/uav/AutoML_Flagship_V8/.venv/lib/python3.14/site-packages)
WARNING: Ignoring invalid distribution -gdown (/Volumes/T9/uav/AutoML_Flagship_V8/.venv/lib/python3.14/site-packages)
WARNING: Ignoring invalid distribution -pyntcloud (/Volumes/T9/uav/AutoML_Flagship_V8/.venv/lib/python3.14/site-packages)
WARNING: Ignoring invalid distribution -pypdfium2 (/Volumes/T9/uav/AutoML_Flagship_V8/.venv/lib/python3.14/site-packages)
WARNING: Ignoring invalid distribution -schema (/Volumes/T9/uav/AutoML_Flagship_V8/.venv/lib/python3.14/site-packages)
WARNING: Ignoring invalid distribution -dictquery (/Volumes/T9/uav/AutoML_Flagship_V8/.venv/lib/python3.14/site-packages)
WARNING: Ignoring invalid distribution -wheel (/Volumes/T9/uav/AutoML_Flagship_V8/.venv/lib/python3.14/site-packages)
WARNING: Ignoring invalid distribution -charset-normalizer (/Volumes/T9/uav/AutoML_Flagship_V8/.venv/lib/python3.14/site-packages)
WARNING: Ignoring invalid distribution -beautifulsoup4 (/Volumes/T9/uav/AutoML_Flagship_V8/.venv/lib/python3.14/site-packages)
WARNING: Ignoring invalid distribution -universal-anomaly-intelligence (/Volumes/T9/uav/AutoML_Flagship_V8/.venv/lib/python3.14/site-packages)
WARNING: Ignoring invalid distribution -uc-micro-py (/Volumes/T9/uav/AutoML_Flagship_V8/.venv/lib/python3.14/site-packages)
WARNING: Ignoring invalid distribution -trimesh (/Volumes/T9/uav/AutoML_Flagship_V8/.venv/lib/python3.14/site-packages)
WARNING: Ignoring invalid distribution -toml (/Volumes/T9/uav/AutoML_Flagship_V8/.venv/lib/python3.14/site-packages)
WARNING: Ignoring invalid distribution -shellingham (/Volumes/T9/uav/AutoML_Flagship_V8/.venv/lib/python3.14/site-packages)
WARNING: Ignoring invalid distribution -pyzmq (/Volumes/T9/uav/AutoML_Flagship_V8/.venv/lib/python3.14/site-packages)
WARNING: Ignoring invalid distribution -python-box (/Volumes/T9/uav/AutoML_Flagship_V8/.venv/lib/python3.14/site-packages)
WARNING: Ignoring invalid distribution -pydash (/Volumes/T9/uav/AutoML_Flagship_V8/.venv/lib/python3.14/site-packages)
WARNING: Ignoring invalid distribution -pydantic (/Volumes/T9/uav/AutoML_Flagship_V8/.venv/lib/python3.14/site-packages)
WARNING: Ignoring invalid distribution -pycryptodome (/Volumes/T9/uav/AutoML_Flagship_V8/.venv/lib/python3.14/site-packages)
WARNING: Ignoring invalid distribution -pycparser (/Volumes/T9/uav/AutoML_Flagship_V8/.venv/lib/python3.14/site-packages)
WARNING: Ignoring invalid distribution -platformdirs (/Volumes/T9/uav/AutoML_Flagship_V8/.venv/lib/python3.14/site-packages)
WARNING: Ignoring invalid distribution -orderly-set (/Volumes/T9/uav/AutoML_Flagship_V8/.venv/lib/python3.14/site-packages)
WARNING: Ignoring invalid distribution -opencv-python-headless (/Volumes/T9/uav/AutoML_Flagship_V8/.venv/lib/python3.14/site-packages)
WARNING: Ignoring invalid distribution -mdurl (/Volumes/T9/uav/AutoML_Flagship_V8/.venv/lib/python3.14/site-packages)
WARNING: Ignoring invalid distribution -loguru (/Volumes/T9/uav/AutoML_Flagship_V8/.venv/lib/python3.14/site-packages)
WARNING: Ignoring invalid distribution -lazy-loader (/Volumes/T9/uav/AutoML_Flagship_V8/.venv/lib/python3.14/site-packages)
WARNING: Ignoring invalid distribution -imageio (/Volumes/T9/uav/AutoML_Flagship_V8/.venv/lib/python3.14/site-packages)
WARNING: Ignoring invalid distribution -click (/Volumes/T9/uav/AutoML_Flagship_V8/.venv/lib/python3.14/site-packages)
WARNING: Ignoring invalid distribution -cachebox (/Volumes/T9/uav/AutoML_Flagship_V8/.venv/lib/python3.14/site-packages)
WARNING: Ignoring invalid distribution -billiard (/Volumes/T9/uav/AutoML_Flagship_V8/.venv/lib/python3.14/site-packages)
WARNING: Ignoring invalid distribution -annotated-doc (/Volumes/T9/uav/AutoML_Flagship_V8/.venv/lib/python3.14/site-packages)
WARNING: Ignoring invalid distribution -scikit-image (/Volumes/T9/uav/AutoML_Flagship_V8/.venv/lib/python3.14/site-packages)
WARNING: Ignoring invalid distribution -markdown-it-py (/Volumes/T9/uav/AutoML_Flagship_V8/.venv/lib/python3.14/site-packages)
WARNING: Ignoring invalid distribution -linkify-it-py (/Volumes/T9/uav/AutoML_Flagship_V8/.venv/lib/python3.14/site-packages)
WARNING: Ignoring invalid distribution -deepdiff (/Volumes/T9/uav/AutoML_Flagship_V8/.venv/lib/python3.14/site-packages)
WARNING: Ignoring invalid distribution -cffi (/Volumes/T9/uav/AutoML_Flagship_V8/.venv/lib/python3.14/site-packages)
WARNING: Ignoring invalid distribution -astunparse (/Volumes/T9/uav/AutoML_Flagship_V8/.venv/lib/python3.14/site-packages)
WARNING: Ignoring invalid distribution -rich (/Volumes/T9/uav/AutoML_Flagship_V8/.venv/lib/python3.14/site-packages)
WARNING: Ignoring invalid distribution -mdit-py-plugins (/Volumes/T9/uav/AutoML_Flagship_V8/.venv/lib/python3.14/site-packages)
WARNING: Ignoring invalid distribution -argon2-cffi-bindings (/Volumes/T9/uav/AutoML_Flagship_V8/.venv/lib/python3.14/site-packages)
WARNING: Ignoring invalid distribution -albumentations (/Volumes/T9/uav/AutoML_Flagship_V8/.venv/lib/python3.14/site-packages)
WARNING: Ignoring invalid distribution -typer (/Volumes/T9/uav/AutoML_Flagship_V8/.venv/lib/python3.14/site-packages)
WARNING: Ignoring invalid distribution -textual (/Volumes/T9/uav/AutoML_Flagship_V8/.venv/lib/python3.14/site-packages)
WARNING: Ignoring invalid distribution -argon2-cffi (/Volumes/T9/uav/AutoML_Flagship_V8/.venv/lib/python3.14/site-packages)
WARNING: Ignoring invalid distribution -minio (/Volumes/T9/uav/AutoML_Flagship_V8/.venv/lib/python3.14/site-packages)
WARNING: Ignoring invalid distribution -pipelime-python (/Volumes/T9/uav/AutoML_Flagship_V8/.venv/lib/python3.14/site-packages)
WARNING: Ignoring invalid distribution -eyecandies (/Volumes/T9/uav/AutoML_Flagship_V8/.venv/lib/python3.14/site-packages)
No broken requirements found.
