dashboard/components/domain_selector_tab.py:10: error: Returning Any from function declared to return "str"  [no-any-return]
src/uais_v/data/ingest.py:22: error: Returning Any from function declared to return "Path"  [no-any-return]
src/uais_v/data/ingest.py:24: error: Returning Any from function declared to return "Path"  [no-any-return]
src/uais_v/data/ingest.py:26: error: Returning Any from function declared to return "Path"  [no-any-return]
src/uais/fusion/attention/validate_fusion_inputs.py:25: error: Returning Any from function declared to return "Path"  [no-any-return]
src/scripts/emit_rga_plus_ablation.py:116: error: Argument 1 to "float" has incompatible type "Any | None"; expected "str | Buffer | SupportsFloat | SupportsIndex"  [arg-type]
src/scripts/emit_milestone2_cross_benchmark.py:210: error: Argument 1 to "get" of "dict" has incompatible type "Any | None"; expected "str"  [arg-type]
src/scripts/emit_milestone2_cross_benchmark.py:210: error: Argument 2 to "get" of "dict" has incompatible type "Any | str"; expected "None"  [arg-type]
src/scripts/emit_milestone2_cross_benchmark.py:211: error: Argument 1 to "get" of "dict" has incompatible type "Any | None"; expected "str"  [arg-type]
src/scripts/emit_milestone2_cross_benchmark.py:211: error: Argument 2 to "get" of "dict" has incompatible type "Any | str"; expected "None"  [arg-type]
src/scripts/emit_milestone1_comparison.py:79: error: Argument 1 to "float" has incompatible type "Any | None"; expected "str | Buffer | SupportsFloat | SupportsIndex"  [arg-type]
src/scripts/emit_locked_audited_statistics.py:186: error: Cannot determine type of "pairing"  [has-type]
src/scripts/emit_locked_audited_statistics.py:186: error: Name "pairing" is used before definition  [used-before-def]
src/scripts/family_d_v2_schema_verify.py:63: error: Item "None" of "Match[str] | None" has no attribute "group"  [union-attr]
src/scripts/family_d_v2_schema_verify.py:97: error: Need type annotation for "per_split"  [var-annotated]
src/scripts/family_d_v2_schema_verify.py:119: error: Unsupported operand types for + ("object" and "int")  [operator]
src/scripts/family_d_v2_schema_verify.py:122: error: "object" has no attribute "add"  [attr-defined]
src/scripts/family_d_v2_schema_verify.py:123: error: Value of type "object" is not indexable  [index]
src/scripts/family_d_v2_schema_verify.py:123: error: Unsupported target for indexed assignment ("object")  [index]
src/scripts/family_d_v2_schema_verify.py:125: error: "object" has no attribute "add"  [attr-defined]
src/scripts/family_d_v2_schema_verify.py:127: error: "object" has no attribute "add"  [attr-defined]
src/scripts/family_d_v2_schema_verify.py:134: error: Unsupported left operand type for & ("object")  [operator]
src/scripts/family_d_v2_schema_verify.py:135: error: Unsupported left operand type for - ("object")  [operator]
src/scripts/family_d_v2_schema_verify.py:136: error: Unsupported left operand type for - ("object")  [operator]
src/scripts/family_d_v2_schema_verify.py:138: error: "object" has no attribute "values"  [attr-defined]
src/scripts/family_d_v2_schema_verify.py:140: error: Argument 1 to "len" has incompatible type "object"; expected "Sized"  [arg-type]
src/scripts/family_d_v2_schema_verify.py:141: error: Argument 1 to "len" has incompatible type "object"; expected "Sized"  [arg-type]
src/scripts/family_d_v2_schema_verify.py:142: error: Argument 1 to "len" has incompatible type "object"; expected "Sized"  [arg-type]
src/scripts/family_d_v2_schema_verify.py:153: error: Argument 1 to "len" has incompatible type "object"; expected "Sized"  [arg-type]
src/scripts/family_d_v2_schema_verify.py:154: error: Argument 1 to "len" has incompatible type "object"; expected "Sized"  [arg-type]
src/scripts/family_d_v2_schema_verify.py:155: error: Argument 1 to "len" has incompatible type "object"; expected "Sized"  [arg-type]
src/scripts/family_d_v2_schema_verify.py:211: error: "object" has no attribute "items"  [attr-defined]
src/uais/utils/config_loader.py:15: error: Returning Any from function declared to return "dict[str, Any]"  [no-any-return]
src/uais/utils/metrics.py:97: error: Returning Any from function declared to return "ndarray[tuple[Any, ...], dtype[Any]]"  [no-any-return]
src/uais/utils/metrics.py:111: error: Argument 1 to "float" has incompatible type "generic[Any] | complex | str | bytes | memoryview[int]"; expected "str | Buffer | SupportsFloat | SupportsIndex"  [arg-type]
src/uais/sequence/evaluate_sequence.py:12: error: Returning Any from function declared to return "dict[str, float]"  [no-any-return]
src/uais/fusion/evaluate_fusion.py:11: error: Returning Any from function declared to return "dict[str, float]"  [no-any-return]
src/uais/fusion/attention/reliability_estimator.py:282: error: Returning Any from function declared to return "ndarray[tuple[Any, ...], dtype[Any]]"  [no-any-return]
src/uais/fusion/attention/reliability_boosted_fusion.py:106: error: Returning Any from function declared to return "ndarray[tuple[Any, ...], dtype[Any]]"  [no-any-return]
src/uais/fusion/attention/reliability_boosted_fusion.py:108: error: Returning Any from function declared to return "ndarray[tuple[Any, ...], dtype[Any]]"  [no-any-return]
src/uais/fusion/attention/reliability_boosted_fusion.py:160: error: Cannot infer type of lambda  [misc]
src/uais/fusion/attention/reliability_boosted_fusion.py:175: error: Cannot infer type of lambda  [misc]
src/uais/fusion/attention/meta_router.py:184: error: Argument 1 to "_single_class_fallback" has incompatible type "dict[str, tuple[float, float, dict[str, float]]]"; expected "dict[str, tuple[float, float]]"  [arg-type]
src/uais/fusion/attention/meta_router.py:196: error: Argument 1 to "_single_class_fallback" has incompatible type "dict[str, tuple[float, float, dict[str, float]]]"; expected "dict[str, tuple[float, float]]"  [arg-type]
src/uais/fusion/attention/learned_gate.py:182: error: Returning Any from function declared to return "ndarray[tuple[Any, ...], dtype[Any]]"  [no-any-return]
src/uais/fusion/attention/learned_gate.py:192: error: Returning Any from function declared to return "ndarray[tuple[Any, ...], dtype[Any]]"  [no-any-return]
src/uais/fusion/attention/cv_evaluator.py:71: error: Returning Any from function declared to return "ndarray[tuple[Any, ...], dtype[Any]]"  [no-any-return]
src/uais/anomaly/train_ocsvm.py:36: error: Incompatible return value type (got "tuple[Any, Any, Any]", expected "tuple[Any, ndarray[tuple[Any, ...], dtype[Any]]]")  [return-value]
src/uais/anomaly/train_lof.py:34: error: Incompatible return value type (got "tuple[Any, Any, Any]", expected "tuple[Any, ndarray[tuple[Any, ...], dtype[Any]]]")  [return-value]
src/uais/anomaly/train_autoencoder.py:36: error: Incompatible return value type (got "tuple[Any, Any, Any]", expected "tuple[Any, ndarray[tuple[Any, ...], dtype[Any]]]")  [return-value]
src/uais/anomaly/evaluate_anomaly.py:13: error: Returning Any from function declared to return "dict[str, float]"  [no-any-return]
src/scripts/validate_category_mixture_t2.py:51: error: Incompatible default for parameter "pi_val" (default has type "tuple[float, float, float]", parameter has type "list[float]")  [assignment]
src/scripts/validate_category_mixture_t2.py:52: error: Incompatible default for parameter "pi_test" (default has type "tuple[float, float, float]", parameter has type "list[float]")  [assignment]
src/scripts/validate_category_mixture_t2.py:53: error: Incompatible default for parameter "shifts" (default has type "tuple[float, float, float]", parameter has type "list[float]")  [assignment]
src/scripts/validate_category_mixture_t2.py:64: error: Need type annotation for "per_cat_ks" (hint: "per_cat_ks: dict[<type>, <type>] = ...")  [var-annotated]
src/scripts/validate_category_mixture_t2.py:69: error: Incompatible types in assignment (expression has type "None", target has type "float")  [assignment]
src/scripts/generate_attention_reports.py:25: error: Returning Any from function declared to return "Path"  [no-any-return]
src/scripts/generate_attention_reports.py:31: error: Returning Any from function declared to return "dict[Any, Any] | None"  [no-any-return]
src/scripts/generate_attention_reports.py:91: error: Argument 1 to "_plot_from_harness_summary" has incompatible type "dict[Any, Any] | None"; expected "dict[Any, Any]"  [arg-type]
src/elara/evaluation/ensemble_inference.py:95: error: Returning Any from function declared to return "float"  [no-any-return]
src/uais_v/data/load_datasets.py:30: error: Argument 1 to "_first_existing" has incompatible type "list[Path | None]"; expected "list[Path]"  [arg-type]
src/uais_v/data/load_datasets.py:42: error: Argument 1 to "_first_existing" has incompatible type "list[Path | None]"; expected "list[Path]"  [arg-type]
src/uais_v/data/load_datasets.py:54: error: Argument 1 to "_first_existing" has incompatible type "list[Path | None]"; expected "list[Path]"  [arg-type]
src/uais_v/data/load_datasets.py:62: error: Argument 1 to "_first_existing" has incompatible type "list[Path | None]"; expected "list[Path]"  [arg-type]
src/uais/validation/healthcare_gap_closure.py:218: error: Item "str" of "str | bytes | date | datetime | timedelta | <7 more items> | complex | integer[Any] | floating[Any] | complexfloating[Any, Any]" has no attribute "isoformat"  [union-attr]
src/uais/validation/healthcare_gap_closure.py:218: error: Item "bytes" of "str | bytes | date | datetime | timedelta | <7 more items> | complex | integer[Any] | floating[Any] | complexfloating[Any, Any]" has no attribute "isoformat"  [union-attr]
src/uais/validation/healthcare_gap_closure.py:218: error: Item "timedelta" of "str | bytes | date | datetime | timedelta | <7 more items> | complex | integer[Any] | floating[Any] | complexfloating[Any, Any]" has no attribute "isoformat"  [union-attr]
src/uais/validation/healthcare_gap_closure.py:218: error: Item "datetime64[date | int | None]" of "str | bytes | date | datetime | timedelta | <7 more items> | complex | integer[Any] | floating[Any] | complexfloating[Any, Any]" has no attribute "isoformat"  [union-attr]
src/uais/validation/healthcare_gap_closure.py:218: error: Item "timedelta64[timedelta | int | None]" of "str | bytes | date | datetime | timedelta | <7 more items> | complex | integer[Any] | floating[Any] | complexfloating[Any, Any]" has no attribute "isoformat"  [union-attr]
src/uais/validation/healthcare_gap_closure.py:218: error: Item "bool" of "str | bytes | date | datetime | timedelta | <7 more items> | complex | integer[Any] | floating[Any] | complexfloating[Any, Any]" has no attribute "isoformat"  [union-attr]
src/uais/validation/healthcare_gap_closure.py:218: error: Item "int" of "str | bytes | date | datetime | timedelta | <7 more items> | complex | integer[Any] | floating[Any] | complexfloating[Any, Any]" has no attribute "isoformat"  [union-attr]
src/uais/validation/healthcare_gap_closure.py:218: error: Item "float" of "str | bytes | date | datetime | timedelta | <7 more items> | complex | integer[Any] | floating[Any] | complexfloating[Any, Any]" has no attribute "isoformat"  [union-attr]
src/uais/validation/healthcare_gap_closure.py:218: error: Item "complex" of "str | bytes | date | datetime | timedelta | <7 more items> | complex | integer[Any] | floating[Any] | complexfloating[Any, Any]" has no attribute "isoformat"  [union-attr]
src/uais/validation/healthcare_gap_closure.py:218: error: Item "integer[Any]" of "str | bytes | date | datetime | timedelta | <7 more items> | complex | integer[Any] | floating[Any] | complexfloating[Any, Any]" has no attribute "isoformat"  [union-attr]
src/uais/validation/healthcare_gap_closure.py:218: error: Item "floating[Any]" of "str | bytes | date | datetime | timedelta | <7 more items> | complex | integer[Any] | floating[Any] | complexfloating[Any, Any]" has no attribute "isoformat"  [union-attr]
src/uais/validation/healthcare_gap_closure.py:218: error: Item "complexfloating[Any, Any]" of "str | bytes | date | datetime | timedelta | <7 more items> | complex | integer[Any] | floating[Any] | complexfloating[Any, Any]" has no attribute "isoformat"  [union-attr]
src/uais/validation/healthcare_gap_closure.py:225: error: Argument 1 to "float" has incompatible type "str | bytes | date | datetime | timedelta | <7 more items> | complex | integer[Any] | floating[Any] | complexfloating[Any, Any]"; expected "str | Buffer | SupportsFloat | SupportsIndex"  [arg-type]
src/uais/validation/healthcare_gap_closure.py:281: error: Value of type variable "SupportsRichComparisonT" of "sorted" cannot be "str | bytes | date | timedelta | datetime64[date | int | None] | <7 more items>"  [type-var]
src/uais/validation/healthcare_gap_closure.py:282: error: If x = b'abc' then f"{x}" or "{}".format(x) produces "b'abc'", not "abc". If this is desired behavior, use f"{x!r}" or "{!r}".format(x). Otherwise, decode the bytes  [str-bytes-safe]
src/uais/validation/healthcare_gap_closure.py:412: error: Returning Any from function declared to return "dict[str, Any]"  [no-any-return]
src/uais/validation/healthcare_gap_closure.py:635: error: Returning Any from function declared to return "dict[str, Any]"  [no-any-return]
src/uais/validation/healthcare_gap_closure.py:793: error: Returning Any from function declared to return "ndarray[tuple[Any, ...], dtype[Any]]"  [no-any-return]
src/uais/validation/healthcare_gap_closure.py:1050: error: Returning Any from function declared to return "dict[str, Any]"  [no-any-return]
src/uais/supervised/train_fraud_supervised.py:173: error: Incompatible return value type (got "tuple[list[Any], dict[str, object]]", expected "tuple[list[Any], dict[str, float]]")  [return-value]
src/uais/supervised/train_cyber_supervised.py:136: error: Incompatible return value type (got "tuple[list[Any], dict[str, object]]", expected "tuple[list[object], dict[str, float]]")  [return-value]
src/uais/nlp/nlp_utils.py:20: error: Returning Any from function declared to return "tuple[Any, ...]"  [no-any-return]
src/uais/generative/train_vae.py:126: error: Need type annotation for "history_logs"  [var-annotated]
src/uais/generative/train_vae.py:160: error: Incompatible return value type (got "dict[str, object]", expected "dict[str, float]")  [return-value]
src/uais/fusion/run_fusion.py:29: error: Returning Any from function declared to return "dict[Any, Any]"  [no-any-return]
src/uais/features/cyber_features.py:71: error: Returning Any from function declared to return "DataFrame"  [no-any-return]
src/uais/data/load_cyber_data.py:90: error: Argument 1 to "Path" has incompatible type "str | Path | dict[Any, Any]"; expected "str | PathLike[str]"  [arg-type]
src/uais/anomaly/train_isolation_forest.py:100: error: Returning Any from function declared to return "ndarray[tuple[Any, ...], dtype[Any]]"  [no-any-return]
src/scripts/run_phase2_family_d_v2_inference.py:214: error: No overload variant of "int" matches argument type "Hashable"  [call-overload]
src/scripts/run_phase2_family_d_v2_inference.py:214: note: Possible overload variants:
src/scripts/run_phase2_family_d_v2_inference.py:214: note:     def int(str | Buffer | SupportsInt | SupportsIndex | SupportsTrunc = ..., /) -> int
src/scripts/run_phase2_family_d_v2_inference.py:214: note:     def int(str | bytes | bytearray, /, base: SupportsIndex) -> int
src/scripts/run_phase2_family_d_v2_inference.py:218: error: No overload variant of "int" matches argument type "Hashable"  [call-overload]
src/scripts/run_phase2_family_d_v2_inference.py:218: note: Possible overload variants:
src/scripts/run_phase2_family_d_v2_inference.py:218: note:     def int(str | Buffer | SupportsInt | SupportsIndex | SupportsTrunc = ..., /) -> int
src/scripts/run_phase2_family_d_v2_inference.py:218: note:     def int(str | bytes | bytearray, /, base: SupportsIndex) -> int
src/scripts/run_phase2_family_d_v2_inference.py:219: error: No overload variant of "int" matches argument type "Hashable"  [call-overload]
src/scripts/run_phase2_family_d_v2_inference.py:219: note: Possible overload variants:
src/scripts/run_phase2_family_d_v2_inference.py:219: note:     def int(str | Buffer | SupportsInt | SupportsIndex | SupportsTrunc = ..., /) -> int
src/scripts/run_phase2_family_d_v2_inference.py:219: note:     def int(str | bytes | bytearray, /, base: SupportsIndex) -> int
src/scripts/run_phase2_family_d_v2_inference.py:221: error: No overload variant of "int" matches argument type "Hashable"  [call-overload]
src/scripts/run_phase2_family_d_v2_inference.py:221: note: Possible overload variants:
src/scripts/run_phase2_family_d_v2_inference.py:221: note:     def int(str | Buffer | SupportsInt | SupportsIndex | SupportsTrunc = ..., /) -> int
src/scripts/run_phase2_family_d_v2_inference.py:221: note:     def int(str | bytes | bytearray, /, base: SupportsIndex) -> int
src/scripts/run_phase2_family_a_analysis.py:94: error: Need type annotation for "out" (hint: "out: dict[<type>, <type>] = ...")  [var-annotated]
src/scripts/run_phase2_certificate_audit.py:70: error: Incompatible return value type (got "dict[str, list[Path]]", expected "dict[str, dict[str, list[Path]]]")  [return-value]
src/scripts/run_phase2_certificate_audit.py:83: error: Incompatible return value type (got "dict[str, list[Path]]", expected "dict[str, dict[str, list[Path]]]")  [return-value]
src/scripts/run_phase2_certificate_audit.py:208: error: Argument 1 to "_pair_static_and_rga" has incompatible type "dict[str, dict[str, list[Path]]]"; expected "dict[str, list[Path]]"  [arg-type]
src/scripts/run_phase2_certificate_audit.py:227: error: Argument 1 to "_load_per_seed" has incompatible type "dict[str, list[Path]]"; expected "list[Path]"  [arg-type]
src/scripts/run_phase2_certificate_audit.py:228: error: Argument 1 to "_load_per_seed" has incompatible type "dict[str, list[Path]]"; expected "list[Path]"  [arg-type]
src/scripts/run_phase2_b_mech_1_inference.py:43: error: Need type annotation for "pairs" (hint: "pairs: dict[<type>, <type>] = ...")  [var-annotated]
src/scripts/run_phase2_b_cert_1_v2.py:44: error: Need type annotation for "out" (hint: "out: dict[<type>, <type>] = ...")  [var-annotated]
src/scripts/prepare_unsw_paired_fusion_benchmark.py:99: error: Returning Any from function declared to return "ndarray[tuple[Any, ...], dtype[Any]]"  [no-any-return]
src/scripts/prepare_unsw_paired_fusion_benchmark.py:112: error: Returning Any from function declared to return "ndarray[tuple[Any, ...], dtype[Any]]"  [no-any-return]
src/scripts/prepare_unsw_paired_fusion_benchmark.py:161: error: Returning Any from function declared to return "ndarray[tuple[Any, ...], dtype[Any]]"  [no-any-return]
src/scripts/prepare_realfusion_la_benchmark.py:65: error: Incompatible return value type (got "tuple[ndarray[tuple[int, int], dtype[floating[_32Bit]]], ExtensionArray | ndarray[tuple[Any, ...], dtype[Any]]]", expected "tuple[ndarray[tuple[Any, ...], dtype[Any]], ndarray[tuple[Any, ...], dtype[Any]]]")  [return-value]
src/scripts/prepare_realfusion_la_benchmark.py:87: error: No overload variant of "to_numeric" matches argument types "DataFrame | Series[Any]", "str"  [call-overload]
src/scripts/prepare_realfusion_la_benchmark.py:87: note: Possible overload variants:
src/scripts/prepare_realfusion_la_benchmark.py:87: note:     def to_numeric(arg: str | bytes | date | datetime | timedelta | <7 more items> | complex | integer[Any] | floating[Any] | complexfloating[Any, Any], errors: Literal['raise', 'coerce'] = ..., downcast: Literal['integer', 'signed', 'unsigned', 'float'] | None = ..., dtype_backend: Literal['pyarrow', 'numpy_nullable'] | Literal[_NoDefault.no_default] = ...) -> float
src/scripts/prepare_realfusion_la_benchmark.py:87: note:     def to_numeric(arg: Sequence[int], errors: Literal['raise', 'coerce'] = ..., downcast: Literal['integer', 'signed', 'unsigned', 'float'] | None = ..., dtype_backend: Literal['pyarrow', 'numpy_nullable'] | Literal[_NoDefault.no_default] = ...) -> ndarray[tuple[int], dtype[integer[Any]]]
src/scripts/prepare_realfusion_la_benchmark.py:87: note:     def to_numeric(arg: SequenceNotStr[Any] | ndarray[tuple[Any, ...], dtype[Any]], errors: Literal['raise', 'coerce'] = ..., downcast: Literal['integer', 'signed', 'unsigned', 'float'] | None = ..., dtype_backend: Literal['pyarrow', 'numpy_nullable'] | Literal[_NoDefault.no_default] = ...) -> ndarray[tuple[int], dtype[floating[Any]]]
src/scripts/prepare_realfusion_la_benchmark.py:87: note:     def to_numeric(arg: Series[Any], errors: Literal['raise', 'coerce'] = ..., downcast: Literal['integer', 'signed', 'unsigned', 'float'] | None = ..., dtype_backend: Literal['pyarrow', 'numpy_nullable'] | Literal[_NoDefault.no_default] = ...) -> Series[Any]
src/scripts/prepare_realfusion_la_benchmark.py:88: error: Incompatible return value type (got "tuple[Any, ndarray[tuple[int], dtype[Any]] | ExtensionArray]", expected "tuple[ndarray[tuple[Any, ...], dtype[Any]], ndarray[tuple[Any, ...], dtype[Any]]]")  [return-value]
src/scripts/prepare_realfusion_la_benchmark.py:103: error: Incompatible return value type (got "tuple[ndarray[tuple[int, int], dtype[floating[_32Bit]]], ndarray[tuple[int], dtype[Any]] | ExtensionArray]", expected "tuple[ndarray[tuple[Any, ...], dtype[Any]], ndarray[tuple[Any, ...], dtype[Any]]]")  [return-value]
src/scripts/prepare_realfusion_la_benchmark.py:145: error: Incompatible return value type (got "tuple[Any, ndarray[tuple[int], dtype[Any]] | ExtensionArray]", expected "tuple[ndarray[tuple[Any, ...], dtype[Any]], ndarray[tuple[Any, ...], dtype[Any]]]")  [return-value]
src/scripts/prepare_real_fusion_benchmark.py:218: error: Returning Any from function declared to return "ndarray[tuple[Any, ...], dtype[Any]]"  [no-any-return]
src/scripts/prepare_real_fusion_benchmark.py:377: error: Need type annotation for "selected_by_split"  [var-annotated]
src/scripts/prepare_real3d_fusion_benchmark.py:152: error: Incompatible types in assignment (expression has type "str", variable has type "bytes")  [assignment]
src/scripts/prepare_real3d_fusion_benchmark.py:158: error: Incompatible types in assignment (expression has type "list[bytes]", variable has type "list[str]")  [assignment]
src/scripts/prepare_real3d_fusion_benchmark.py:162: error: Incompatible types in assignment (expression has type "list[bytes]", variable has type "list[str]")  [assignment]
src/scripts/prepare_real3d_fusion_benchmark.py:168: error: Incompatible types in assignment (expression has type "bytes | str", variable has type "str")  [assignment]
src/scripts/prepare_real3d_fusion_benchmark.py:257: error: Returning Any from function declared to return "ndarray[tuple[Any, ...], dtype[Any]]"  [no-any-return]
src/scripts/prepare_real3d_fusion_benchmark.py:414: error: Incompatible types in assignment (expression has type "None", variable has type "Path")  [assignment]
src/scripts/prepare_real3d_fusion_benchmark.py:415: error: Argument 1 to "append" of "list" has incompatible type "Path | None"; expected "Path"  [arg-type]
src/scripts/prepare_mvtec3d_fusion_benchmark.py:155: error: Returning Any from function declared to return "ndarray[tuple[Any, ...], dtype[Any]]"  [no-any-return]
src/scripts/prepare_mvtec3d_fusion_benchmark.py:171: error: Returning Any from function declared to return "ndarray[tuple[Any, ...], dtype[Any]]"  [no-any-return]
src/scripts/prepare_mvtec3d_fusion_benchmark.py:305: error: Name "bucketed" already defined on line 274  [no-redef]
src/scripts/family_d_v3_fill_test_labels.py:73: error: Item "None" of "IO[bytes] | None" has no attribute "read"  [union-attr]
src/scripts/family_d_v2_inference.py:74: error: Item "None" of "IO[bytes] | None" has no attribute "read"  [union-attr]
src/scripts/family_d_v2_execute.py:66: error: Returning Any from function declared to return "dict[Any, Any]"  [no-any-return]
src/scripts/family_d_v2_execute.py:78: error: Incompatible types in assignment (expression has type "dict[str, Any]", target has type "None")  [assignment]
src/scripts/family_d_v2_execute.py:135: error: Incompatible types in assignment (expression has type "ndarray[tuple[Any, ...], dtype[Any]]", variable has type "list[Any | float]")  [assignment]
src/scripts/family_d_v2_execute.py:136: error: Incompatible types in assignment (expression has type "ndarray[tuple[Any, ...], dtype[Any]]", variable has type "list[Any | float]")  [assignment]
src/scripts/family_d_v2_execute.py:194: error: Missing return statement  [return]
src/scripts/family_d_v2_execute.py:335: error: Need type annotation for "out_rows" (hint: "out_rows: list[<type>] = ...")  [var-annotated]
src/scripts/family_d_v2_execute.py:335: error: Need type annotation for "sel_log" (hint: "sel_log: list[<type>] = ...")  [var-annotated]
src/scripts/family_d_v2_execute.py:335: error: Need type annotation for "ffr_log" (hint: "ffr_log: list[<type>] = ...")  [var-annotated]
src/pipeline/train_models.py:20: error: Returning Any from function declared to return "dict[str, Any]"  [no-any-return]
src/uais/data/load_fraud_data.py:89: error: Argument 1 to "Path" has incompatible type "str | Path | dict[Any, Any]"; expected "str | PathLike[str]"  [arg-type]
src/uais/explainability/runner.py:94: error: Incompatible types in assignment (expression has type "Path | None", target has type "None")  [assignment]
src/uais/explainability/runner.py:99: error: Incompatible types in assignment (expression has type "Path | None", target has type "None")  [assignment]
src/scripts/generate_healthcare_gap_assets.py:15: error: Returning Any from function declared to return "dict[str, Any]"  [no-any-return]
src/scripts/generate_healthcare_gap_assets.py:22: error: Argument 1 to "float" has incompatible type "object"; expected "str | Buffer | SupportsFloat | SupportsIndex"  [arg-type]
src/scripts/generate_craf_paper_assets.py:84: error: Value of type variable "SupportsRichComparisonT" of "max" cannot be "Any | None"  [type-var]
src/scripts/generate_craf_paper_assets.py:84: error: Value of type variable "SupportsRichComparisonT" of "min" cannot be "Any | None"  [type-var]
src/scripts/generate_craf_paper_assets.py:89: error: Argument 1 to "float" has incompatible type "Any | None"; expected "str | Buffer | SupportsFloat | SupportsIndex"  [arg-type]
src/scripts/generate_craf_paper_assets.py:97: error: Returning Any from function declared to return "dict[str, Any]"  [no-any-return]
src/scripts/generate_craf_paper_assets.py:126: error: Name "metrics" already defined on line 112  [no-redef]
src/scripts/generate_craf_paper_assets.py:212: error: Argument 1 to "int" has incompatible type "Any | None"; expected "str | Buffer | SupportsInt | SupportsIndex | SupportsTrunc"  [arg-type]
infer_rga/inference.py:150: error: Returning Any from function declared to return "ndarray[tuple[Any, ...], dtype[Any]]"  [no-any-return]
src/uais_v/models/multi_sequence_30_torch.py:108: error: Returning Any from function declared to return "Tensor"  [no-any-return]
src/uais/sequence/transformer_tcn.py:97: error: Returning Any from function declared to return "Tensor"  [no-any-return]
src/uais/sequence/transformer_tcn.py:119: error: Returning Any from function declared to return "Tensor"  [no-any-return]
src/uais/sequence/transformer_tcn.py:140: error: Returning Any from function declared to return "Tensor"  [no-any-return]
src/uais/sequence/transformer_tcn.py:169: error: Item "None" of "Optimizer | None" has no attribute "zero_grad"  [union-attr]
src/uais/sequence/transformer_tcn.py:172: error: Item "None" of "Optimizer | None" has no attribute "step"  [union-attr]
src/uais/sequence/transformer_tcn.py:177: error: Argument 1 to "len" has incompatible type "Dataset[Any]"; expected "Sized"  [arg-type]
src/uais/sequence/transformer_tcn.py:263: error: Argument 1 to "load_state_dict" of "Module" has incompatible type "dict[str, Any] | None"; expected "Mapping[str, Any]"  [arg-type]
src/uais/sequence/train_lstm.py:87: error: Returning Any from function declared to return "Tensor"  [no-any-return]
src/uais/sequence/train_lstm.py:108: error: Item "None" of "Optimizer | None" has no attribute "zero_grad"  [union-attr]
src/uais/sequence/train_lstm.py:111: error: Item "None" of "Optimizer | None" has no attribute "step"  [union-attr]
src/uais/sequence/train_lstm.py:116: error: Argument 1 to "len" has incompatible type "Dataset[Any]"; expected "Sized"  [arg-type]
src/uais/sequence/train_lstm.py:198: error: Argument 1 to "load_state_dict" of "Module" has incompatible type "dict[str, Any] | None"; expected "Mapping[str, Any]"  [arg-type]
src/uais/sequence/train_gru.py:83: error: Returning Any from function declared to return "Tensor"  [no-any-return]
src/uais/sequence/train_gru.py:104: error: Item "None" of "Optimizer | None" has no attribute "zero_grad"  [union-attr]
src/uais/sequence/train_gru.py:107: error: Item "None" of "Optimizer | None" has no attribute "step"  [union-attr]
src/uais/sequence/train_gru.py:112: error: Argument 1 to "len" has incompatible type "Dataset[Any]"; expected "Sized"  [arg-type]
src/uais/sequence/train_gru.py:191: error: Argument 1 to "load_state_dict" of "Module" has incompatible type "dict[str, Any] | None"; expected "Mapping[str, Any]"  [arg-type]
src/uais/nlp/train_transformer_text.py:112: error: Dict entry 0 has incompatible type "str": "str"; expected "str": "float"  [dict-item]
src/uais/generative/train_wgan.py:63: error: Returning Any from function declared to return "Tensor"  [no-any-return]
src/uais/generative/train_wgan.py:81: error: Returning Any from function declared to return "Tensor"  [no-any-return]
src/uais/generative/train_wgan.py:103: error: Returning Any from function declared to return "Tensor"  [no-any-return]
src/uais/generative/train_wgan.py:207: error: Returning Any from function declared to return "ndarray[tuple[Any, ...], dtype[Any]]"  [no-any-return]
src/uais/fusion/attention/unsupervised_baselines.py:192: error: "None" not callable  [misc]
src/uais/fusion/attention/unsupervised_baselines.py:201: error: Argument 3 to "_normal_only" has incompatible type "ndarray[tuple[Any, ...], dtype[Any]] | None"; expected "ndarray[tuple[Any, ...], dtype[Any]]"  [arg-type]
src/uais/fusion/attention/unsupervised_baselines.py:218: error: Argument 2 to "_percentile_calibrate" has incompatible type "ndarray[tuple[Any, ...], dtype[Any]] | None"; expected "ndarray[tuple[Any, ...], dtype[Any]]"  [arg-type]
src/uais/fusion/attention/unsupervised_baselines.py:245: error: Incompatible types in assignment (expression has type "type[BGMMConfig]", base class "_BaseUnsupervised" defined the type as "None")  [assignment]
src/uais/fusion/attention/unsupervised_baselines.py:262: error: Returning Any from function declared to return "ndarray[tuple[Any, ...], dtype[Any]]"  [no-any-return]
src/uais/fusion/attention/unsupervised_baselines.py:280: error: Incompatible types in assignment (expression has type "type[GMMConfig]", base class "_BaseUnsupervised" defined the type as "None")  [assignment]
src/uais/fusion/attention/unsupervised_baselines.py:296: error: Returning Any from function declared to return "ndarray[tuple[Any, ...], dtype[Any]]"  [no-any-return]
src/uais/fusion/attention/unsupervised_baselines.py:305: error: Incompatible types in assignment (expression has type "type[KMeansConfig]", base class "_BaseUnsupervised" defined the type as "None")  [assignment]
src/uais/fusion/attention/unsupervised_baselines.py:322: error: Returning Any from function declared to return "ndarray[tuple[Any, ...], dtype[Any]]"  [no-any-return]
src/uais/fusion/attention/unsupervised_baselines.py:331: error: Incompatible types in assignment (expression has type "type[IForestConfig]", base class "_BaseUnsupervised" defined the type as "None")  [assignment]
src/uais/fusion/attention/unsupervised_baselines.py:348: error: Returning Any from function declared to return "ndarray[tuple[Any, ...], dtype[Any]]"  [no-any-return]
src/uais/fusion/attention/unsupervised_baselines.py:357: error: Incompatible types in assignment (expression has type "type[OCSVMConfig]", base class "_BaseUnsupervised" defined the type as "None")  [assignment]
src/uais/fusion/attention/unsupervised_baselines.py:371: error: Returning Any from function declared to return "ndarray[tuple[Any, ...], dtype[Any]]"  [no-any-return]
src/uais/fusion/attention/unsupervised_baselines.py:380: error: Incompatible types in assignment (expression has type "type[LOFConfig]", base class "_BaseUnsupervised" defined the type as "None")  [assignment]
src/uais/fusion/attention/unsupervised_baselines.py:395: error: Returning Any from function declared to return "ndarray[tuple[Any, ...], dtype[Any]]"  [no-any-return]
src/uais/fusion/attention/unsupervised_baselines.py:430: error: Returning Any from function declared to return "Tensor"  [no-any-return]
src/uais/fusion/attention/unsupervised_baselines.py:436: error: Incompatible types in assignment (expression has type "type[AEConfig]", base class "_BaseUnsupervised" defined the type as "None")  [assignment]
src/uais/fusion/attention/unsupervised_baselines.py:493: error: "None" not callable  [misc]
src/uais/fusion/attention/unsupervised_baselines.py:495: error: Returning Any from function declared to return "ndarray[tuple[Any, ...], dtype[Any]]"  [no-any-return]
src/uais/fusion/attention/train_attention_fusion.py:80: error: Returning Any from function declared to return "dict[str, float]"  [no-any-return]
src/uais/fusion/attention/train_attention_fusion.py:87: error: Returning Any from function declared to return "Path"  [no-any-return]
src/uais/fusion/attention/m3dm_features.py:78: error: Incompatible types in assignment (expression has type "Image", variable has type "ImageFile")  [assignment]
src/uais/fusion/attention/m3dm_features.py:163: error: Need more than 2 values to unpack (3 expected)  [misc]
src/uais/fusion/attention/m3dm_features.py:249: error: Returning Any from function declared to return "ndarray[tuple[Any, ...], dtype[Any]]"  [no-any-return]
src/uais/fusion/attention/m3dm_features.py:303: error: Returning Any from function declared to return "ndarray[tuple[Any, ...], dtype[Any]]"  [no-any-return]
src/uais/fusion/attention/evaluate_attention_harness.py:45: error: Returning Any from function declared to return "Path"  [no-any-return]
src/uais/fusion/attention/evaluate_attention_harness.py:171: error: Returning Any from function declared to return "dict[str, float]"  [no-any-return]
src/uais/fusion/attention/evaluate_attention_harness.py:247: error: Dict entry 1 has incompatible type "str": "str"; expected "str": "float"  [dict-item]
src/uais/fusion/attention/evaluate_attention_harness.py:248: error: Dict entry 2 has incompatible type "str": "ndarray[tuple[Any, ...], dtype[Any]]"; expected "str": "float"  [dict-item]
src/uais/fusion/attention/evaluate_attention_harness.py:249: error: Dict entry 3 has incompatible type "str": "ndarray[tuple[Any, ...], dtype[Any]]"; expected "str": "float"  [dict-item]
src/uais/fusion/attention/evaluate_attention_harness.py:250: error: Dict entry 4 has incompatible type "str": "ndarray[tuple[Any, ...], dtype[Any]]"; expected "str": "float"  [dict-item]
src/uais/fusion/attention/evaluate_attention_harness.py:251: error: Dict entry 5 has incompatible type "str": "ndarray[tuple[Any, ...], dtype[Any]]"; expected "str": "float"  [dict-item]
src/uais/fusion/attention/evaluate_attention_harness.py:252: error: Dict entry 6 has incompatible type "str": "ndarray[tuple[Any, ...], dtype[Any]]"; expected "str": "float"  [dict-item]
src/uais/fusion/attention/evaluate_attention_harness.py:438: error: Returning Any from function declared to return "float"  [no-any-return]
src/uais/fusion/attention/evaluate_attention_harness.py:506: error: Incompatible types in assignment (expression has type "ndarray[tuple[Any, ...], dtype[Any]]", variable has type "list[float]")  [assignment]
src/uais/fusion/attention/evaluate_attention_harness.py:507: error: "list[float]" has no attribute "sum"  [attr-defined]
src/uais/fusion/attention/evaluate_attention_harness.py:508: error: "list[float]" has no attribute "sum"  [attr-defined]
src/uais/fusion/attention/evaluate_attention_harness.py:732: error: No overload variant of "device" matches argument type "float"  [call-overload]
src/uais/fusion/attention/evaluate_attention_harness.py:732: note: Possible overload variants:
src/uais/fusion/attention/evaluate_attention_harness.py:732: note:     def device(device: str | device | int) -> device
src/uais/fusion/attention/evaluate_attention_harness.py:732: note:     def device(type: str, index: int) -> device
src/uais/fusion/attention/evaluate_attention_harness.py:739: error: Argument 1 to "_bootstrap_summary" has incompatible type "float"; expected "ndarray[tuple[Any, ...], dtype[Any]]"  [arg-type]
src/uais/fusion/attention/evaluate_attention_harness.py:739: error: Argument 2 to "_bootstrap_summary" has incompatible type "float"; expected "ndarray[tuple[Any, ...], dtype[Any]]"  [arg-type]
src/uais/fusion/attention/evaluate_attention_harness.py:744: error: "float" has no attribute "__iter__"; maybe "__int__"? (not iterable)  [attr-defined]
src/uais/fusion/attention/evaluate_attention_harness.py:752: error: Argument 6 to "_evaluate_domain_dropout" has incompatible type "float"; expected "int"  [arg-type]
src/uais/fusion/attention/evaluate_attention_harness.py:800: error: Argument 5 to "_baseline_predictions" has incompatible type "float"; expected "ndarray[tuple[Any, ...], dtype[Any]]"  [arg-type]
src/uais/fusion/attention/evaluate_attention_harness.py:801: error: Argument 6 to "_baseline_predictions" has incompatible type "float"; expected "ndarray[tuple[Any, ...], dtype[Any]]"  [arg-type]
src/uais/fusion/attention/evaluate_attention_harness.py:824: error: Argument 8 to "_interpretability_summary" has incompatible type "float"; expected "int"  [arg-type]
src/uais/fusion/attention/evaluate_attention_harness.py:844: error: Argument 6 to "_collect_predictions_craf" has incompatible type "float"; expected "int"  [arg-type]
src/uais/fusion/attention/evaluate_attention_harness.py:890: error: Argument 1 to "append" of "list" has incompatible type "float"; expected "dict[str, float]"  [arg-type]
src/uais/fusion/attention/evaluate_attention_harness.py:910: error: Argument 1 to "_aggregate_domain_values" has incompatible type "list[object]"; expected "list[dict[str, float]]"  [arg-type]
src/uais/fusion/attention/evaluate_attention_harness.py:911: error: Argument 1 to "_aggregate_domain_values" has incompatible type "list[object]"; expected "list[dict[str, float]]"  [arg-type]
src/uais/fusion/attention/evaluate_attention_harness.py:912: error: Argument 1 to "_aggregate_domain_values" has incompatible type "list[object]"; expected "list[dict[str, float]]"  [arg-type]
src/uais/fusion/attention/evaluate_attention_harness.py:913: error: Dict entry 0 has incompatible type "str": "object"; expected "str": "float"  [dict-item]
src/uais/fusion/attention/evaluate_attention_harness.py:916: error: Dict entry 0 has incompatible type "str": "object"; expected "str": "float"  [dict-item]
src/uais/fusion/attention/evaluate_attention_fusion.py:30: error: Returning Any from function declared to return "Path"  [no-any-return]
src/uais/fusion/attention/evaluate_attention_fusion.py:127: error: Returning Any from function declared to return "dict[str, float]"  [no-any-return]
src/uais/fusion/attention/dim_reduction.py:80: error: Returning Any from function declared to return "ndarray[tuple[Any, ...], dtype[Any]]"  [no-any-return]
src/uais/fusion/attention/dim_reduction.py:85: error: Returning Any from function declared to return "ndarray[tuple[Any, ...], dtype[Any]]"  [no-any-return]
src/uais/fusion/attention/dim_reduction.py:120: error: Returning Any from function declared to return "Tensor"  [no-any-return]
src/uais/fusion/attention/dim_reduction.py:136: error: Returning Any from function declared to return "Tensor"  [no-any-return]
src/uais/fusion/attention/dim_reduction.py:211: error: Returning Any from function declared to return "ndarray[tuple[Any, ...], dtype[Any]]"  [no-any-return]
src/uais/fusion/attention/baselines.py:70: error: Returning Any from function declared to return "Tensor"  [no-any-return]
src/uais/fusion/attention/baselines.py:82: error: Incompatible default for parameter "hidden_dims" (default has type "tuple[int, int]", parameter has type "list[int]")  [assignment]
src/uais/fusion/attention/baselines.py:122: error: Argument 2 to "_flatten_with_mask" has incompatible type "ndarray[tuple[Any, ...], dtype[Any]] | None"; expected "ndarray[tuple[Any, ...], dtype[Any]]"  [arg-type]
src/uais/fusion/attention/baselines.py:123: error: Item "None" of "ndarray[tuple[Any, ...], dtype[Any]] | None" has no attribute "astype"  [union-attr]
src/uais/fusion/attention/baselines.py:262: error: Incompatible types in assignment (expression has type "None", variable has type "float")  [assignment]
src/uais/fusion/attention/baselines.py:278: error: Returning Any from function declared to return "ndarray[tuple[Any, ...], dtype[Any]]"  [no-any-return]
src/uais/fusion/attention/baselines.py:317: error: Incompatible types in assignment (expression has type "None", variable has type "float")  [assignment]
src/uais/fusion/attention/baselines.py:329: error: Returning Any from function declared to return "ndarray[tuple[Any, ...], dtype[Any]]"  [no-any-return]
src/uais/fusion/attention/baselines.py:369: error: Returning Any from function declared to return "ndarray[tuple[Any, ...], dtype[Any]]"  [no-any-return]
src/uais/fusion/attention/baselines.py:406: error: Returning Any from function declared to return "ndarray[tuple[Any, ...], dtype[Any]]"  [no-any-return]
src/uais/fusion/attention/baselines.py:411: error: Returning Any from function declared to return "ndarray[tuple[Any, ...], dtype[Any]]"  [no-any-return]
src/uais/fusion/attention/baselines.py:667: error: Returning Any from function declared to return "dict[str, float]"  [no-any-return]
src/uais/fusion/attention/baselines.py:747: error: Argument 1 to "EarlyFusionMLP" has incompatible type "**dict[str, object]"; expected "list[int]"  [arg-type]
src/uais/fusion/attention/baselines.py:747: error: Argument 1 to "EarlyFusionMLP" has incompatible type "**dict[str, object]"; expected "float"  [arg-type]
src/uais/fusion/attention/baselines.py:747: error: Argument 1 to "EarlyFusionMLP" has incompatible type "**dict[str, object]"; expected "int"  [arg-type]
src/uais/fusion/attention/baselines.py:747: error: Argument 1 to "EarlyFusionMLP" has incompatible type "**dict[str, object]"; expected "device | None"  [arg-type]
src/uais/fusion/attention/attention_utils.py:161: error: Need type annotation for "split_ranges" (hint: "split_ranges: dict[<type>, <type>] = ...")  [var-annotated]
src/uais/fusion/attention/attention_utils.py:379: error: Invalid index type "tuple[Any, int | float]" for "Tensor"; expected type "SupportsIndex | bool | int | slice[Any, Any, Any] | EllipsisType | Tensor | _NestedSequence[bool | int | slice[Any, Any, Any] | EllipsisType | Tensor | None] | None | tuple[SupportsIndex | bool | int | slice[Any, Any, Any] | EllipsisType | Tensor | _NestedSequence[bool | int | slice[Any, Any, Any] | EllipsisType | Tensor | None] | None, ...]"  [index]
src/uais/explainability/vision_gradcam.py:54: error: Returning Any from function declared to return "ndarray[tuple[Any, ...], dtype[Any]]"  [no-any-return]
src/uais/explainability/vision_gradcam.py:67: error: Module has no attribute "jet"  [attr-defined]
src/scripts/run_phase2_rga_v2_gate_sweep.py:89: error: Returning Any from function declared to return "dict[Any, Any]"  [no-any-return]
src/scripts/run_phase2_rga_v2_gate_sweep.py:142: error: Argument 1 to "float" has incompatible type "float | tuple[Any, ...]"; expected "str | Buffer | SupportsFloat | SupportsIndex"  [arg-type]
src/scripts/run_phase2_rga_v2_gate_sweep.py:148: error: Argument 1 to "float" has incompatible type "float | tuple[Any, ...]"; expected "str | Buffer | SupportsFloat | SupportsIndex"  [arg-type]
src/scripts/run_phase2_rga_v2_gate_sweep.py:347: error: Need type annotation for "results"  [var-annotated]
src/scripts/run_phase2_family_d_v2_cell.py:153: error: Unsupported operand types for + ("int" and "object")  [operator]
src/scripts/run_breakthrough_experiment.py:93: error: Returning Any from function declared to return "Path"  [no-any-return]
src/scripts/run_breakthrough_experiment.py:94: error: Returning Any from function declared to return "Path"  [no-any-return]
src/scripts/run_breakthrough_experiment.py:868: error: Returning Any from function declared to return "dict[str, float | str]"  [no-any-return]
src/scripts/run_breakthrough_experiment.py:913: error: Incompatible types in assignment (expression has type "dict[Any, float | None]", target has type "float | str")  [assignment]
src/scripts/run_breakthrough_experiment.py:917: error: Incompatible types in assignment (expression has type "dict[Any, dict[Any, float | None]]", target has type "float | str")  [assignment]
src/scripts/run_breakthrough_experiment.py:1420: error: List comprehension has incompatible type List[object]; expected List[dict[Any, Any]]  [misc]
src/scripts/run_breakthrough_experiment.py:2019: error: Value of type "ndarray[tuple[Any, ...], dtype[Any]] | None" is not indexable  [index]
src/scripts/run_breakthrough_experiment.py:2025: error: Value of type "ndarray[tuple[Any, ...], dtype[Any]] | None" is not indexable  [index]
src/scripts/run_breakthrough_experiment.py:2047: error: Value of type "ndarray[tuple[Any, ...], dtype[Any]] | None" is not indexable  [index]
src/scripts/run_breakthrough_experiment.py:2138: error: Incompatible types in assignment (expression has type "dict[Any, float | None]", target has type "float | str")  [assignment]
src/scripts/run_breakthrough_experiment.py:2141: error: Incompatible types in assignment (expression has type "dict[Any, dict[Any, float | None]]", target has type "float | str")  [assignment]
src/scripts/run_breakthrough_experiment.py:2565: error: Argument 1 to "float" has incompatible type "Any | None"; expected "str | Buffer | SupportsFloat | SupportsIndex"  [arg-type]
src/scripts/family_d_v2_extract_features.py:100: error: Need type annotation for "samples"  [var-annotated]
src/scripts/family_d_v2_extract_features.py:123: error: Item "None" of "IO[bytes] | None" has no attribute "read"  [union-attr]
src/scripts/family_d_v2_extract_features.py:125: error: Item "None" of "IO[bytes] | None" has no attribute "read"  [union-attr]
src/scripts/family_d_v2_extract_features.py:161: error: Argument 2 to "savez_compressed" has incompatible type "**dict[str, ndarray[tuple[Any, ...], dtype[Any]]]"; expected "bool"  [arg-type]
src/scripts/family_d_v2_extract_features.py:162: error: Argument 3 to "savez_compressed" has incompatible type "**dict[str, object]"; expected "bool"  [arg-type]
src/scripts/family_d_v2_extract_features.py:162: error: Argument 3 to "savez_compressed" has incompatible type "**dict[str, object]"; expected "Buffer | _SupportsArray[dtype[Any]] | _NestedSequence[_SupportsArray[dtype[Any]]] | complex | bytes | str | _NestedSequence[complex | bytes | str]"  [arg-type]
src/scripts/family_d_v2_extract_features.py:163: error: Argument 4 to "savez_compressed" has incompatible type "**dict[str, object]"; expected "bool"  [arg-type]
src/scripts/family_d_v2_extract_features.py:163: error: Argument 4 to "savez_compressed" has incompatible type "**dict[str, object]"; expected "Buffer | _SupportsArray[dtype[Any]] | _NestedSequence[_SupportsArray[dtype[Any]]] | complex | bytes | str | _NestedSequence[complex | bytes | str]"  [arg-type]
src/scripts/eval_gradient_adversarial.py:111: error: Incompatible default for parameter "epsilons" (default has type "tuple[float, float, float, float]", parameter has type "list[float]")  [assignment]
src/scripts/eval_gradient_adversarial.py:174: error: "object" has no attribute "append"  [attr-defined]
src/scripts/eval_gradient_adversarial.py:192: error: "object" has no attribute "append"  [attr-defined]
src/uais/sequence/ablation.py:139: error: Need type annotation for "history"  [var-annotated]
src/uais/sequence/ablation.py:140: error: Item "float" of "float | dict[Any, Any]" has no attribute "get"  [union-attr]
src/uais/nlp/train_sentiment_model.py:23: error: Argument 4 to "train_transformer_text" has incompatible type "**dict[str, object]"; expected "int"  [arg-type]
src/uais/nlp/train_sentiment_model.py:23: error: Argument 4 to "train_transformer_text" has incompatible type "**dict[str, object]"; expected "float"  [arg-type]
src/uais/nlp/train_sentiment_model.py:23: error: Argument 4 to "train_transformer_text" has incompatible type "**dict[str, object]"; expected "str"  [arg-type]
Found 282 errors in 75 files (checked 233 source files)
