warning: The top-level linter settings are deprecated in favour of their counterparts in the `lint` section. Please update the following options in `pyproject.toml`:
  - 'ignore' -> 'lint.ignore'
  - 'select' -> 'lint.select'
  - 'per-file-ignores' -> 'lint.per-file-ignores'
deploy/api/auth.py:88:9: B904 Within an `except` clause, raise exceptions with `raise ... from err` or `raise ... from None` to distinguish them from errors in exception handling
deploy/api/main.py:99:9: I001 [*] Import block is un-sorted or un-formatted
deploy/api/main.py:408:9: B904 Within an `except` clause, raise exceptions with `raise ... from err` or `raise ... from None` to distinguish them from errors in exception handling
deploy/api/main.py:429:9: B904 Within an `except` clause, raise exceptions with `raise ... from err` or `raise ... from None` to distinguish them from errors in exception handling
deploy/api/main.py:451:9: B904 Within an `except` clause, raise exceptions with `raise ... from err` or `raise ... from None` to distinguish them from errors in exception handling
deploy/api/main.py:500:9: B904 Within an `except` clause, raise exceptions with `raise ... from err` or `raise ... from None` to distinguish them from errors in exception handling
deploy/api/main.py:531:9: B904 Within an `except` clause, raise exceptions with `raise ... from err` or `raise ... from None` to distinguish them from errors in exception handling
deploy/api/main.py:572:9: B904 Within an `except` clause, raise exceptions with `raise ... from err` or `raise ... from None` to distinguish them from errors in exception handling
src/scripts/build_metrics_manifest.py:207:27: B023 Function definition does not bind loop variable `cid`
src/scripts/emit_locked_audited_statistics.py:215:55: B007 Loop control variable `pairing` not used within loop body
src/scripts/emit_locked_audited_statistics.py:367:47: B007 Loop control variable `status` not used within loop body
src/scripts/emit_locked_audited_statistics.py:367:55: B007 Loop control variable `pairing` not used within loop body
src/scripts/emit_locked_audited_statistics.py:367:64: B007 Loop control variable `holm` not used within loop body
src/scripts/emit_rga_plus_validation_frozen_selection.py:231:17: B023 Function definition does not bind loop variable `cs`
src/scripts/emit_switching_certificate_t5_table.py:45:18: invalid-syntax: Cannot use an escape sequence (backslash) in f-strings on Python 3.9 (syntax was added in Python 3.12)
src/scripts/emit_switching_certificate_t5_table.py:45:19: invalid-syntax: Cannot use an escape sequence (backslash) in f-strings on Python 3.9 (syntax was added in Python 3.12)
src/scripts/prepare_mvtec3d_fusion_benchmark.py:278:13: B007 Loop control variable `key` not used within loop body
src/scripts/prepare_mvtec_loco_fusion_benchmark.py:123:9: B007 Loop control variable `key` not used within loop body
src/scripts/prepare_real3d_fusion_benchmark.py:434:9: B007 Loop control variable `j` not used within loop body
src/scripts/prepare_real3d_fusion_benchmark.py:446:13: B007 Loop control variable `key` not used within loop body
src/scripts/prepare_visa_fusion_benchmark.py:143:13: B007 Loop control variable `key` not used within loop body
src/scripts/run_breakthrough_experiment.py:2300:44: B023 Function definition does not bind loop variable `model`
src/scripts/run_breakthrough_experiment.py:2303:28: B023 Function definition does not bind loop variable `estimator`
src/scripts/run_breakthrough_experiment.py:2311:25: B023 Function definition does not bind loop variable `model`
src/scripts/run_breakthrough_experiment.py:2312:25: B023 Function definition does not bind loop variable `estimator`
src/scripts/run_cv_benchmark.py:44:1: E402 Module level import not at top of file
src/scripts/run_cv_benchmark.py:46:1: E402 Module level import not at top of file
src/scripts/run_cv_benchmark.py:52:1: E402 Module level import not at top of file
src/scripts/run_cv_benchmark.py:57:1: E402 Module level import not at top of file
src/scripts/run_phase2_b_mech_1_inference.py:15:1: E402 Module level import not at top of file
src/scripts/run_phase2_mixture_shift.py:104:65: F401 `uais.fusion.attention.reliability_estimator.CategoryAwareReliabilityEstimator` imported but unused; consider using `importlib.util.find_spec` to test for availability
src/uais/fusion/attention/__init__.py:12:1: I001 [*] Import block is un-sorted or un-formatted
src/uais/fusion/run_fusion.py:94:12: E741 Ambiguous variable name: `l`
tests/test_phase2_family_a_k5_primary_surface.py:45:17: B904 Within an `except` clause, raise exceptions with `raise ... from err` or `raise ... from None` to distinguish them from errors in exception handling
Found 34 errors.
[*] 2 fixable with the `--fix` option.
