\BOOKMARK [0][-]{chapter*.1}{\376\377\000A\000b\000s\000t\000r\000a\000c\000t}{}% 1
\BOOKMARK [0][-]{chapter*.2}{\376\377\000H\000o\000w\000\040\000t\000o\000\040\000R\000e\000a\000d\000\040\000T\000h\000i\000s\000\040\000M\000a\000n\000u\000s\000c\000r\000i\000p\000t}{}% 2
\BOOKMARK [0][-]{chapter.1}{\376\377\000I\000n\000t\000r\000o\000d\000u\000c\000t\000i\000o\000n}{}% 3
\BOOKMARK [1][-]{section.1.1}{\376\377\000T\000h\000e\000\040\000D\000e\000p\000l\000o\000y\000m\000e\000n\000t\000\040\000P\000r\000o\000b\000l\000e\000m}{chapter.1}% 4
\BOOKMARK [1][-]{section.1.2}{\376\377\000T\000h\000e\000\040\000D\000o\000u\000b\000l\000e\000-\000E\000d\000g\000e\000d\000\040\000N\000a\000t\000u\000r\000e\000\040\000o\000f\000\040\000T\000e\000s\000t\000-\000T\000i\000m\000e\000\040\000A\000d\000a\000p\000t\000a\000t\000i\000o\000n}{chapter.1}% 5
\BOOKMARK [1][-]{section.1.3}{\376\377\000T\000h\000e\000\040\000C\000e\000n\000t\000r\000a\000l\000\040\000Q\000u\000e\000s\000t\000i\000o\000n}{chapter.1}% 6
\BOOKMARK [1][-]{section.1.4}{\376\377\000T\000h\000e\000\040\000T\000r\000i\000c\000h\000o\000t\000o\000m\000y\000\040\000a\000n\000d\000\040\000I\000t\000s\000\040\000F\000o\000r\000m\000a\000l\000i\000z\000a\000t\000i\000o\000n}{chapter.1}% 7
\BOOKMARK [1][-]{section.1.5}{\376\377\000C\000o\000n\000t\000r\000i\000b\000u\000t\000i\000o\000n\000s}{chapter.1}% 8
\BOOKMARK [1][-]{section.1.6}{\376\377\000H\000o\000n\000e\000s\000t\000\040\000S\000c\000o\000p\000e}{chapter.1}% 9
\BOOKMARK [1][-]{section.1.7}{\376\377\000C\000h\000a\000p\000t\000e\000r\000\040\000R\000o\000a\000d\000m\000a\000p}{chapter.1}% 10
\BOOKMARK [0][-]{chapter.2}{\376\377\000B\000a\000c\000k\000g\000r\000o\000u\000n\000d\000\040\000a\000n\000d\000\040\000R\000e\000l\000a\000t\000e\000d\000\040\000W\000o\000r\000k}{}% 11
\BOOKMARK [1][-]{section.2.1}{\376\377\000T\000e\000s\000t\000-\000T\000i\000m\000e\000\040\000A\000d\000a\000p\000t\000a\000t\000i\000o\000n\000:\000\040\000M\000e\000c\000h\000a\000n\000i\000s\000m\000s\000\040\000a\000n\000d\000\040\000M\000e\000t\000h\000o\000d\000s}{chapter.2}% 12
\BOOKMARK [1][-]{section.2.2}{\376\377\000T\000T\000A\000\040\000F\000a\000i\000l\000u\000r\000e\000,\000\040\000C\000o\000l\000l\000a\000p\000s\000e\000,\000\040\000a\000n\000d\000\040\000E\000v\000a\000l\000u\000a\000t\000i\000o\000n}{chapter.2}% 13
\BOOKMARK [1][-]{section.2.3}{\376\377\000G\000u\000a\000r\000d\000e\000d\000\040\000a\000n\000d\000\040\000P\000r\000o\000t\000e\000c\000t\000e\000d\000\040\000A\000d\000a\000p\000t\000a\000t\000i\000o\000n}{chapter.2}% 14
\BOOKMARK [1][-]{section.2.4}{\376\377\000L\000a\000b\000e\000l\000-\000F\000r\000e\000e\000\040\000A\000c\000c\000u\000r\000a\000c\000y\000\040\000E\000s\000t\000i\000m\000a\000t\000i\000o\000n}{chapter.2}% 15
\BOOKMARK [1][-]{section.2.5}{\376\377\000U\000n\000s\000u\000p\000e\000r\000v\000i\000s\000e\000d\000\040\000R\000i\000s\000k\000\040\000E\000s\000t\000i\000m\000a\000t\000i\000o\000n\000\040\000a\000n\000d\000\040\000I\000d\000e\000n\000t\000i\000f\000i\000a\000b\000i\000l\000i\000t\000y}{chapter.2}% 16
\BOOKMARK [1][-]{section.2.6}{\376\377\000S\000e\000l\000e\000c\000t\000i\000v\000e\000\040\000P\000r\000e\000d\000i\000c\000t\000i\000o\000n\000\040\000a\000n\000d\000\040\000A\000b\000s\000t\000e\000n\000t\000i\000o\000n}{chapter.2}% 17
\BOOKMARK [1][-]{section.2.7}{\376\377\000C\000o\000n\000f\000o\000r\000m\000a\000l\000\040\000P\000r\000e\000d\000i\000c\000t\000i\000o\000n\000\040\000a\000n\000d\000\040\000A\000n\000y\000t\000i\000m\000e\000-\000V\000a\000l\000i\000d\000\040\000I\000n\000f\000e\000r\000e\000n\000c\000e}{chapter.2}% 18
\BOOKMARK [1][-]{section.2.8}{\376\377\000B\000e\000n\000c\000h\000m\000a\000r\000k\000s\000,\000\040\000R\000o\000b\000u\000s\000t\000n\000e\000s\000s\000,\000\040\000a\000n\000d\000\040\000D\000i\000s\000t\000r\000i\000b\000u\000t\000i\000o\000n\000\040\000S\000h\000i\000f\000t}{chapter.2}% 19
\BOOKMARK [1][-]{section.2.9}{\376\377\000P\000o\000s\000i\000t\000i\000o\000n\000i\000n\000g\000:\000\040\000T\000h\000e\000\040\000G\000a\000p\000\040\000K\000-\000B\000o\000u\000n\000d\000\040\000F\000i\000l\000l\000s}{chapter.2}% 20
\BOOKMARK [0][-]{chapter.3}{\376\377\000P\000r\000o\000b\000l\000e\000m\000\040\000F\000o\000r\000m\000u\000l\000a\000t\000i\000o\000n\000\040\000a\000n\000d\000\040\000t\000h\000e\000\040\000K\000n\000o\000w\000a\000b\000i\000l\000i\000t\000y\000\040\000T\000r\000i\000c\000h\000o\000t\000o\000m\000y}{}% 21
\BOOKMARK [1][-]{section.3.1}{\376\377\000T\000h\000e\000\040\000d\000e\000p\000l\000o\000y\000m\000e\000n\000t\000\040\000p\000r\000o\000t\000o\000c\000o\000l}{chapter.3}% 22
\BOOKMARK [1][-]{section.3.2}{\376\377\000T\000h\000e\000\040\000a\000d\000a\000p\000t\000a\000t\000i\000o\000n\000\040\000b\000e\000n\000e\000f\000i\000t}{chapter.3}% 23
\BOOKMARK [1][-]{section.3.3}{\376\377\000L\000a\000b\000e\000l\000-\000f\000r\000e\000e\000\040\000o\000b\000s\000e\000r\000v\000a\000b\000l\000e\000\040\000e\000v\000i\000d\000e\000n\000c\000e}{chapter.3}% 24
\BOOKMARK [1][-]{section.3.4}{\376\377\000T\000h\000e\000\040\000k\000n\000o\000w\000a\000b\000i\000l\000i\000t\000y\000\040\000t\000r\000i\000c\000h\000o\000t\000o\000m\000y}{chapter.3}% 25
\BOOKMARK [1][-]{section.3.5}{\376\377\000D\000e\000c\000i\000s\000i\000o\000n\000\040\000r\000u\000l\000e\000s\000,\000\040\000t\000h\000e\000\040\000o\000r\000a\000c\000l\000e\000,\000\040\000a\000n\000d\000\040\000e\000r\000r\000o\000r\000\040\000r\000a\000t\000e\000s}{chapter.3}% 26
\BOOKMARK [1][-]{section.3.6}{\376\377\000T\000h\000r\000e\000e\000\040\000w\000o\000r\000k\000e\000d\000\040\000e\000n\000v\000i\000r\000o\000n\000m\000e\000n\000t\000s}{chapter.3}% 27
\BOOKMARK [1][-]{section.3.7}{\376\377\000S\000t\000a\000n\000d\000i\000n\000g\000\040\000a\000s\000s\000u\000m\000p\000t\000i\000o\000n\000s\000,\000\040\000a\000n\000d\000\040\000w\000h\000a\000t\000\040\000e\000a\000c\000h\000\040\000o\000n\000e\000\040\000b\000u\000y\000s}{chapter.3}% 28
\BOOKMARK [1][-]{section.3.8}{\376\377\000A\000\040\000r\000e\000a\000d\000e\000r\000'\000s\000\040\000m\000a\000p\000\040\000f\000r\000o\000m\000\040\000q\000u\000e\000s\000t\000i\000o\000n\000s\000\040\000t\000o\000\040\000r\000e\000s\000u\000l\000t\000s}{chapter.3}% 29
\BOOKMARK [0][-]{chapter.4}{\376\377\000T\000h\000e\000\040\000U\000n\000k\000n\000o\000w\000a\000b\000l\000e\000\040\000R\000e\000g\000i\000m\000e\000:\000\040\000N\000o\000n\000-\000I\000d\000e\000n\000t\000i\000f\000i\000a\000b\000i\000l\000i\000t\000y\000\040\000a\000n\000d\000\040\000t\000h\000e\000\040\000M\000i\000n\000i\000m\000a\000x\000\040\000F\000l\000o\000o\000r}{}% 30
\BOOKMARK [1][-]{section.4.1}{\376\377\000T\000h\000e\000\040\000n\000o\000n\000-\000i\000d\000e\000n\000t\000i\000f\000i\000a\000b\000i\000l\000i\000t\000y\000\040\000t\000h\000e\000o\000r\000e\000m}{chapter.4}% 31
\BOOKMARK [1][-]{section.4.2}{\376\377\000T\000h\000e\000\040\000e\000x\000p\000l\000i\000c\000i\000t\000\040\000w\000i\000t\000n\000e\000s\000s\000,\000\040\000i\000n\000\040\000f\000u\000l\000l}{chapter.4}% 32
\BOOKMARK [2][-]{subsection.4.2.1}{\376\377\000C\000o\000n\000s\000t\000r\000u\000c\000t\000i\000o\000n\000\040\000a\000n\000d\000\040\000v\000e\000r\000i\000f\000i\000c\000a\000t\000i\000o\000n}{section.4.2}% 33
\BOOKMARK [2][-]{subsection.4.2.2}{\376\377\000E\000m\000p\000i\000r\000i\000c\000a\000l\000\040\000r\000e\000a\000l\000i\000z\000a\000t\000i\000o\000n}{section.4.2}% 34
\BOOKMARK [1][-]{section.4.3}{\376\377\000T\000h\000e\000\040\000q\000u\000a\000n\000t\000i\000t\000a\000t\000i\000v\000e\000\040\000f\000l\000o\000o\000r\000:\000\040\000a\000\040\000L\000e\000\040\000C\000a\000m\000\040\000t\000w\000o\000-\000p\000o\000i\000n\000t\000\040\000b\000o\000u\000n\000d}{chapter.4}% 35
\BOOKMARK [2][-]{subsection.4.3.1}{\376\377\000N\000u\000m\000e\000r\000i\000c\000a\000l\000\040\000v\000a\000l\000i\000d\000a\000t\000i\000o\000n\000\040\000o\000f\000\040\000t\000h\000e\000\040\000f\000l\000o\000o\000r}{section.4.3}% 36
\BOOKMARK [1][-]{section.4.4}{\376\377\000T\000h\000e\000\040\000B\000a\000y\000e\000s\000\040\000g\000a\000t\000e\000\040\000a\000n\000d\000\040\000t\000h\000e\000\040\000p\000l\000u\000g\000-\000i\000n\000\040\000r\000e\000g\000r\000e\000t\000\040\000i\000d\000e\000n\000t\000i\000t\000y}{chapter.4}% 37
\BOOKMARK [2][-]{subsection.4.4.1}{\376\377\000N\000u\000m\000e\000r\000i\000c\000a\000l\000\040\000v\000a\000l\000i\000d\000a\000t\000i\000o\000n\000\040\000o\000f\000\040\000t\000h\000e\000\040\000i\000d\000e\000n\000t\000i\000t\000y}{section.4.4}% 38
\BOOKMARK [1][-]{section.4.5}{\376\377\000R\000e\000m\000a\000r\000k\000s\000:\000\040\000s\000c\000o\000p\000e\000,\000\040\000m\000e\000c\000h\000a\000n\000i\000s\000m\000,\000\040\000a\000n\000d\000\040\000w\000h\000a\000t\000\040\000a\000b\000s\000t\000e\000n\000t\000i\000o\000n\000\040\000b\000u\000y\000s}{chapter.4}% 39
\BOOKMARK [0][-]{chapter.5}{\376\377\000C\000e\000r\000t\000i\000f\000i\000c\000a\000t\000e\000s\000:\000\040\000W\000h\000e\000n\000\040\000t\000h\000e\000\040\000B\000o\000u\000n\000d\000a\000r\000y\000\040\000C\000a\000n\000\040\000B\000e\000\040\000C\000r\000o\000s\000s\000e\000d\000\040\000S\000a\000f\000e\000l\000y}{}% 40
\BOOKMARK [1][-]{section.5.1}{\376\377\000F\000r\000o\000m\000\040\000I\000m\000p\000o\000s\000s\000i\000b\000i\000l\000i\000t\000y\000\040\000t\000o\000\040\000C\000o\000n\000d\000i\000t\000i\000o\000n\000a\000l\000\040\000P\000o\000s\000s\000i\000b\000i\000l\000i\000t\000y}{chapter.5}% 41
\BOOKMARK [1][-]{section.5.2}{\376\377\000T\000h\000e\000\040\000F\000i\000n\000i\000t\000e\000-\000S\000a\000m\000p\000l\000e\000\040\000C\000e\000r\000t\000i\000f\000i\000c\000a\000t\000e}{chapter.5}% 42
\BOOKMARK [2][-]{subsection.5.2.1}{\376\377\000D\000i\000s\000c\000h\000a\000r\000g\000i\000n\000g\000\040\000t\000h\000e\000\040\000R\000a\000d\000i\000u\000s\000\040\000I\000:\000\040\000E\000m\000p\000i\000r\000i\000c\000a\000l\000-\000B\000e\000r\000n\000s\000t\000e\000i\000n\000\040\000C\000o\000n\000c\000e\000n\000t\000r\000a\000t\000i\000o\000n}{section.5.2}% 43
\BOOKMARK [2][-]{subsection.5.2.2}{\376\377\000M\000a\000n\000d\000a\000t\000o\000r\000y\000\040\000A\000b\000s\000t\000e\000n\000t\000i\000o\000n\000\040\000a\000n\000d\000\040\000t\000h\000e\000\040\000C\000o\000s\000t\000\040\000o\000f\000\040\000C\000e\000r\000t\000a\000i\000n\000t\000y}{section.5.2}% 44
\BOOKMARK [2][-]{subsection.5.2.3}{\376\377\000D\000i\000s\000c\000h\000a\000r\000g\000i\000n\000g\000\040\000t\000h\000e\000\040\000R\000a\000d\000i\000u\000s\000\040\000I\000I\000:\000\040\000T\000h\000e\000\040\000S\000p\000l\000i\000t\000-\000C\000o\000n\000f\000o\000r\000m\000a\000l\000\040\000V\000a\000r\000i\000a\000n\000t}{section.5.2}% 45
\BOOKMARK [1][-]{section.5.3}{\376\377\000T\000h\000e\000\040\000A\000n\000y\000t\000i\000m\000e\000-\000V\000a\000l\000i\000d\000\040\000C\000e\000r\000t\000i\000f\000i\000c\000a\000t\000e\000:\000\040\000T\000e\000s\000t\000i\000n\000g\000\040\000b\000y\000\040\000B\000e\000t\000t\000i\000n\000g}{chapter.5}% 46
\BOOKMARK [2][-]{subsection.5.3.1}{\376\377\000W\000e\000a\000l\000t\000h\000,\000\040\000S\000u\000p\000e\000r\000m\000a\000r\000t\000i\000n\000g\000a\000l\000e\000s\000,\000\040\000a\000n\000d\000\040\000V\000i\000l\000l\000e\000'\000s\000\040\000I\000n\000e\000q\000u\000a\000l\000i\000t\000y}{section.5.3}% 47
\BOOKMARK [2][-]{subsection.5.3.2}{\376\377\000T\000h\000e\000\040\000A\000n\000y\000t\000i\000m\000e\000\040\000C\000e\000r\000t\000i\000f\000i\000c\000a\000t\000e}{section.5.3}% 48
\BOOKMARK [2][-]{subsection.5.3.3}{\376\377\000T\000h\000e\000\040\000V\000a\000l\000i\000d\000a\000t\000o\000r\000:\000\040\000M\000e\000a\000s\000u\000r\000e\000d\000\040\000A\000n\000y\000t\000i\000m\000e\000\040\000E\000r\000r\000o\000r\000\040\000a\000n\000d\000\040\000P\000o\000w\000e\000r}{section.5.3}% 49
\BOOKMARK [1][-]{section.5.4}{\376\377\000A\000\040\000P\000r\000o\000v\000a\000b\000l\000y\000\040\000K\000n\000o\000w\000a\000b\000l\000e\000\040\000R\000e\000g\000i\000m\000e\000:\000\040\000C\000o\000v\000a\000r\000i\000a\000t\000e\000\040\000S\000h\000i\000f\000t}{chapter.5}% 50
\BOOKMARK [1][-]{section.5.5}{\376\377\000T\000h\000e\000\040\000D\000i\000s\000a\000g\000r\000e\000e\000m\000e\000n\000t\000\040\000R\000e\000g\000i\000o\000n\000:\000\040\000W\000h\000e\000r\000e\000\040\000t\000h\000e\000\040\000S\000i\000g\000n\000\040\000o\000f\000\040\000B\000e\000n\000e\000f\000i\000t\000\040\000L\000i\000v\000e\000s}{chapter.5}% 51
\BOOKMARK [2][-]{subsection.5.5.1}{\376\377\000N\000u\000m\000e\000r\000i\000c\000a\000l\000\040\000V\000a\000l\000i\000d\000a\000t\000i\000o\000n\000\040\000o\000f\000\040\000t\000h\000e\000\040\000I\000d\000e\000n\000t\000i\000t\000i\000e\000s}{section.5.5}% 52
\BOOKMARK [2][-]{subsection.5.5.2}{\376\377\000D\000i\000s\000a\000g\000r\000e\000e\000m\000e\000n\000t\000\040\000a\000s\000\040\000t\000h\000e\000\040\000D\000e\000c\000i\000s\000i\000v\000e\000\040\000E\000v\000i\000d\000e\000n\000c\000e\000\040\000C\000o\000o\000r\000d\000i\000n\000a\000t\000e}{section.5.5}% 53
\BOOKMARK [1][-]{section.5.6}{\376\377\000T\000h\000e\000\040\000O\000p\000e\000n\000\040\000P\000r\000o\000b\000l\000e\000m\000:\000\040\000L\000a\000b\000e\000l\000-\000F\000r\000e\000e\000\040\000B\000r\000a\000c\000k\000e\000t\000i\000n\000g}{chapter.5}% 54
\BOOKMARK [2][-]{subsection.5.6.1}{\376\377\000W\000h\000y\000\040\000C\000u\000r\000r\000e\000n\000t\000\040\000T\000e\000c\000h\000n\000i\000q\000u\000e\000s\000\040\000D\000o\000\040\000N\000o\000t\000\040\000R\000e\000s\000o\000l\000v\000e\000\040\000I\000t}{section.5.6}% 55
\BOOKMARK [2][-]{subsection.5.6.2}{\376\377\000W\000h\000a\000t\000\040\000I\000s\000\040\000A\000c\000t\000u\000a\000l\000l\000y\000\040\000P\000r\000o\000v\000e\000d}{section.5.6}% 56
\BOOKMARK [2][-]{subsection.5.6.3}{\376\377\000W\000h\000a\000t\000\040\000a\000\040\000R\000e\000s\000o\000l\000u\000t\000i\000o\000n\000\040\000W\000o\000u\000l\000d\000\040\000B\000u\000y}{section.5.6}% 57
\BOOKMARK [1][-]{section.5.7}{\376\377\000S\000y\000n\000t\000h\000e\000s\000i\000s\000:\000\040\000T\000h\000e\000\040\000C\000e\000r\000t\000i\000f\000i\000e\000d\000\040\000M\000a\000p\000\040\000o\000f\000\040\000R\000e\000g\000i\000m\000e\000s}{chapter.5}% 58
\BOOKMARK [0][-]{chapter.6}{\376\377\000K\000G\000A\000:\000\040\000K\000n\000o\000w\000a\000b\000i\000l\000i\000t\000y\000-\000G\000u\000i\000d\000e\000d\000\040\000A\000d\000a\000p\000t\000a\000t\000i\000o\000n\000\040\000i\000n\000\040\000P\000r\000a\000c\000t\000i\000c\000e}{}% 59
\BOOKMARK [1][-]{section.6.1}{\376\377\000D\000e\000s\000i\000g\000n\000\040\000g\000o\000a\000l\000s\000\040\000a\000n\000d\000\040\000m\000e\000c\000h\000a\000n\000i\000s\000m\000-\000a\000g\000n\000o\000s\000t\000i\000c\000\040\000w\000r\000a\000p\000p\000e\000r\000\040\000a\000r\000c\000h\000i\000t\000e\000c\000t\000u\000r\000e}{chapter.6}% 60
\BOOKMARK [1][-]{section.6.2}{\376\377\000L\000a\000b\000e\000l\000-\000f\000r\000e\000e\000\040\000e\000v\000i\000d\000e\000n\000c\000e\000\040\000c\000o\000m\000p\000u\000t\000a\000t\000i\000o\000n}{chapter.6}% 61
\BOOKMARK [1][-]{section.6.3}{\376\377\000C\000e\000r\000t\000i\000f\000i\000c\000a\000t\000e\000\040\000e\000s\000t\000i\000m\000a\000t\000o\000r\000s}{chapter.6}% 62
\BOOKMARK [2][-]{subsection.6.3.1}{\376\377\000E\000m\000p\000i\000r\000i\000c\000a\000l\000\040\000B\000e\000r\000n\000s\000t\000e\000i\000n\000\040\000\050\000e\000b\000e\000r\000n\000\051\000\040\040\024\000\040\000t\000h\000e\000\040\000d\000e\000f\000a\000u\000l\000t}{section.6.3}% 63
\BOOKMARK [2][-]{subsection.6.3.2}{\376\377\000H\000o\000e\000f\000f\000d\000i\000n\000g\000\040\000\050\000h\000o\000e\000f\000f\000d\000i\000n\000g\000\051\000\040\040\024\000\040\000d\000i\000s\000t\000r\000i\000b\000u\000t\000i\000o\000n\000-\000f\000r\000e\000e\000\040\000b\000a\000s\000e\000l\000i\000n\000e}{section.6.3}% 64
\BOOKMARK [2][-]{subsection.6.3.3}{\376\377\000S\000p\000l\000i\000t\000-\000c\000o\000n\000f\000o\000r\000m\000a\000l\000\040\000\050\000c\000o\000n\000f\000o\000r\000m\000a\000l\000\051\000\040\040\024\000\040\000c\000r\000o\000s\000s\000-\000t\000a\000s\000k\000\040\000e\000s\000t\000i\000m\000a\000t\000o\000r}{section.6.3}% 65
\BOOKMARK [2][-]{subsection.6.3.4}{\376\377\000A\000n\000y\000t\000i\000m\000e\000\040\000e\000-\000v\000a\000l\000u\000e\000\040\000\050\000e\000v\000a\000l\000u\000e\000\051\000\040\040\024\000\040\000T\000h\000e\000o\000r\000e\000m\000\040\0003\000b}{section.6.3}% 66
\BOOKMARK [1][-]{section.6.4}{\376\377\000D\000e\000c\000i\000s\000i\000o\000n\000\040\000p\000o\000l\000i\000c\000y\000\040\000a\000n\000d\000\040\000t\000h\000e\000\040\000f\000a\000l\000s\000e\000-\000a\000d\000a\000p\000t\000\040\000g\000u\000a\000r\000a\000n\000t\000e\000e}{chapter.6}% 67
\BOOKMARK [1][-]{section.6.5}{\376\377\000T\000h\000e\000\040\000k\000g\000a\000\040\000p\000a\000c\000k\000a\000g\000e\000\040\000A\000P\000I}{chapter.6}% 68
\BOOKMARK [1][-]{section.6.6}{\376\377\000F\000u\000l\000l\000\040\000d\000e\000p\000l\000o\000y\000m\000e\000n\000t\000\040\000p\000s\000e\000u\000d\000o\000c\000o\000d\000e}{chapter.6}% 69
\BOOKMARK [1][-]{section.6.7}{\376\377\000O\000p\000e\000r\000a\000t\000i\000o\000n\000a\000l\000\040\000g\000u\000i\000d\000a\000n\000c\000e}{chapter.6}% 70
\BOOKMARK [1][-]{section.6.8}{\376\377\000T\000h\000e\000\040\000s\000e\000r\000v\000e\000d\000\040\000H\000T\000T\000P\000\040\000i\000n\000t\000e\000r\000f\000a\000c\000e}{chapter.6}% 71
\BOOKMARK [1][-]{section.6.9}{\376\377\000T\000h\000r\000e\000a\000t\000s\000,\000\040\000l\000i\000m\000i\000t\000a\000t\000i\000o\000n\000s\000,\000\040\000a\000n\000d\000\040\000w\000h\000a\000t\000\040\000K\000G\000A\000\040\000d\000o\000e\000s\000\040\000n\000o\000t\000\040\000g\000u\000a\000r\000a\000n\000t\000e\000e}{chapter.6}% 72
\BOOKMARK [0][-]{chapter.7}{\376\377\000E\000x\000p\000e\000r\000i\000m\000e\000n\000t\000s\000\040\000I\000:\000\040\000T\000h\000e\000\040\000A\000n\000o\000m\000a\000l\000y\000-\000R\000o\000u\000t\000i\000n\000g\000\040\000B\000e\000n\000c\000h\000m\000a\000r\000k}{}% 73
\BOOKMARK [1][-]{section.7.1}{\376\377\000T\000h\000e\000\040\0001\0002\0003\000-\000T\000a\000s\000k\000\040\000S\000c\000o\000r\000e\000\040\000A\000r\000c\000h\000i\000v\000e}{chapter.7}% 74
\BOOKMARK [2][-]{subsection.7.1.1}{\376\377\000P\000r\000o\000v\000e\000n\000a\000n\000c\000e\000\040\000a\000n\000d\000\040\000C\000o\000n\000s\000t\000r\000u\000c\000t\000i\000o\000n}{section.7.1}% 75
\BOOKMARK [2][-]{subsection.7.1.2}{\376\377\000E\000v\000a\000l\000u\000a\000t\000i\000o\000n\000\040\000M\000e\000t\000h\000o\000d\000o\000l\000o\000g\000y}{section.7.1}% 76
\BOOKMARK [2][-]{subsection.7.1.3}{\376\377\000W\000h\000y\000\040\000A\000n\000o\000m\000a\000l\000y\000\040\000R\000o\000u\000t\000i\000n\000g\000\040\000I\000s\000\040\000a\000\040\000C\000l\000e\000a\000n\000\040\000T\000e\000s\000t\000b\000e\000d\000\040\000f\000o\000r\000\040\000t\000h\000e\000\040\000T\000r\000i\000c\000h\000o\000t\000o\000m\000y}{section.7.1}% 77
\BOOKMARK [1][-]{section.7.2}{\376\377\000T\000h\000e\000\040\000K\000n\000o\000w\000a\000b\000i\000l\000i\000t\000y\000\040\000T\000r\000i\000c\000h\000o\000t\000o\000m\000y\000\040\000S\000u\000i\000t\000e}{chapter.7}% 78
\BOOKMARK [2][-]{subsection.7.2.1}{\376\377\000S\000e\000t\000u\000p\000\040\000a\000n\000d\000\040\000P\000r\000o\000t\000o\000c\000o\000l}{section.7.2}% 79
\BOOKMARK [2][-]{subsection.7.2.2}{\376\377\000D\000e\000c\000i\000s\000i\000o\000n\000\040\000D\000i\000s\000t\000r\000i\000b\000u\000t\000i\000o\000n}{section.7.2}% 80
\BOOKMARK [2][-]{subsection.7.2.3}{\376\377\000A\000d\000a\000p\000t\000\040\000P\000r\000e\000c\000i\000s\000i\000o\000n\000\040\000a\000n\000d\000\040\000S\000a\000f\000e\000t\000y}{section.7.2}% 81
\BOOKMARK [2][-]{subsection.7.2.4}{\376\377\000A\000b\000s\000t\000a\000i\000n\000-\000W\000h\000e\000r\000e\000-\000B\000e\000n\000e\000f\000i\000t\000-\000I\000s\000-\000S\000m\000a\000l\000l\000:\000\040\000S\000a\000f\000e\000t\000y\000\040\000C\000o\000n\000c\000e\000n\000t\000r\000a\000t\000i\000o\000n}{section.7.2}% 82
\BOOKMARK [2][-]{subsection.7.2.5}{\376\377\000I\000n\000t\000e\000r\000p\000r\000e\000t\000a\000t\000i\000o\000n\000:\000\040\000H\000e\000l\000p\000f\000u\000l\000-\000D\000o\000m\000i\000n\000a\000t\000e\000d\000\040\000R\000e\000g\000i\000m\000e}{section.7.2}% 83
\BOOKMARK [1][-]{section.7.3}{\376\377\000T\000h\000e\000\040\000H\000a\000r\000m\000f\000u\000l\000-\000F\000u\000s\000i\000o\000n\000\040\000R\000e\000g\000i\000m\000e}{chapter.7}% 84
\BOOKMARK [2][-]{subsection.7.3.1}{\376\377\000S\000e\000t\000u\000p\000\040\000a\000n\000d\000\040\000P\000r\000o\000t\000o\000c\000o\000l}{section.7.3}% 85
\BOOKMARK [2][-]{subsection.7.3.2}{\376\377\000R\000e\000s\000u\000l\000t\000s}{section.7.3}% 86
\BOOKMARK [2][-]{subsection.7.3.3}{\376\377\000I\000n\000t\000e\000r\000p\000r\000e\000t\000a\000t\000i\000o\000n}{section.7.3}% 87
\BOOKMARK [2][-]{subsection.7.3.4}{\376\377\000T\000h\000r\000e\000a\000t\000s\000\040\000S\000p\000e\000c\000i\000f\000i\000c\000\040\000t\000o\000\040\000T\000h\000i\000s\000\040\000S\000u\000b\000-\000e\000x\000p\000e\000r\000i\000m\000e\000n\000t}{section.7.3}% 88
\BOOKMARK [1][-]{section.7.4}{\376\377\000T\000h\000e\000\040\000M\000i\000x\000e\000d\000\040\000R\000e\000g\000i\000m\000e}{chapter.7}% 89
\BOOKMARK [2][-]{subsection.7.4.1}{\376\377\000C\000o\000n\000s\000t\000r\000u\000c\000t\000i\000o\000n}{section.7.4}% 90
\BOOKMARK [2][-]{subsection.7.4.2}{\376\377\000D\000e\000c\000i\000s\000i\000o\000n\000\040\000D\000i\000s\000t\000r\000i\000b\000u\000t\000i\000o\000n\000\040\000b\000y\000\040\000T\000r\000u\000e\000\040\000R\000e\000g\000i\000m\000e}{section.7.4}% 91
\BOOKMARK [2][-]{subsection.7.4.3}{\376\377\000P\000o\000l\000i\000c\000y\000\040\000A\000U\000R\000O\000C\000\040\000C\000o\000m\000p\000a\000r\000i\000s\000o\000n}{section.7.4}% 92
\BOOKMARK [2][-]{subsection.7.4.4}{\376\377\000N\000o\000n\000-\000i\000d\000e\000n\000t\000i\000f\000i\000a\000b\000i\000l\000i\000t\000y\000\040\000o\000n\000\040\000t\000h\000e\000\040\000C\000l\000e\000a\000n\000/\000C\000o\000v\000e\000r\000t\000\040\000B\000o\000u\000n\000d\000a\000r\000y}{section.7.4}% 93
\BOOKMARK [2][-]{subsection.7.4.5}{\376\377\000I\000n\000t\000e\000r\000p\000r\000e\000t\000a\000t\000i\000o\000n}{section.7.4}% 94
\BOOKMARK [1][-]{section.7.5}{\376\377\000S\000t\000a\000t\000i\000s\000t\000i\000c\000a\000l\000\040\000R\000i\000g\000o\000r\000:\000\040\000E\000i\000g\000h\000t\000\040\000S\000e\000e\000d\000s\000\040\000a\000n\000d\000\040\000P\000a\000i\000r\000e\000d\000\040\000t\000-\000T\000e\000s\000t\000s}{chapter.7}% 95
\BOOKMARK [2][-]{subsection.7.5.1}{\376\377\000P\000r\000o\000t\000o\000c\000o\000l}{section.7.5}% 96
\BOOKMARK [2][-]{subsection.7.5.2}{\376\377\000P\000e\000r\000-\000S\000e\000e\000d\000\040\000A\000g\000g\000r\000e\000g\000a\000t\000e\000\040\000R\000e\000s\000u\000l\000t\000s}{section.7.5}% 97
\BOOKMARK [2][-]{subsection.7.5.3}{\376\377\000P\000a\000i\000r\000e\000d\000\040\000t\000-\000T\000e\000s\000t\000s}{section.7.5}% 98
\BOOKMARK [1][-]{section.7.6}{\376\377\000A\000b\000l\000a\000t\000i\000o\000n\000s}{chapter.7}% 99
\BOOKMARK [2][-]{subsection.7.6.1}{\376\377\000E\000v\000i\000d\000e\000n\000c\000e\000-\000C\000o\000m\000p\000o\000n\000e\000n\000t\000\040\000K\000n\000o\000c\000k\000o\000u\000t}{section.7.6}% 100
\BOOKMARK [2][-]{subsection.7.6.2}{\376\377\000A\000l\000p\000h\000a\000\040\000S\000w\000e\000e\000p\000:\000\040\000S\000a\000f\000e\000t\000y\000-\000C\000o\000v\000e\000r\000a\000g\000e\000\040\000T\000r\000a\000d\000e\000o\000f\000f}{section.7.6}% 101
\BOOKMARK [2][-]{subsection.7.6.3}{\376\377\000B\000a\000t\000c\000h\000-\000S\000i\000z\000e\000\040\000S\000w\000e\000e\000p}{section.7.6}% 102
\BOOKMARK [2][-]{subsection.7.6.4}{\376\377\000I\000n\000t\000e\000r\000p\000r\000e\000t\000a\000t\000i\000o\000n}{section.7.6}% 103
\BOOKMARK [1][-]{section.7.7}{\376\377\000R\000e\000g\000r\000e\000s\000s\000i\000o\000n\000\040\000U\000n\000d\000e\000r\000\040\000C\000o\000v\000a\000r\000i\000a\000t\000e\000\040\000S\000h\000i\000f\000t}{chapter.7}% 104
\BOOKMARK [2][-]{subsection.7.7.1}{\376\377\000S\000e\000t\000u\000p}{section.7.7}% 105
\BOOKMARK [2][-]{subsection.7.7.2}{\376\377\000R\000e\000s\000u\000l\000t\000s}{section.7.7}% 106
\BOOKMARK [2][-]{subsection.7.7.3}{\376\377\000C\000o\000n\000n\000e\000c\000t\000i\000o\000n\000\040\000t\000o\000\040\000T\000h\000e\000o\000r\000e\000m\000\040\0005\000.\0003}{section.7.7}% 107
\BOOKMARK [2][-]{subsection.7.7.4}{\376\377\000I\000n\000t\000e\000r\000p\000r\000e\000t\000a\000t\000i\000o\000n}{section.7.7}% 108
\BOOKMARK [1][-]{section.7.8}{\376\377\000T\000h\000e\000\040\000C\000l\000e\000a\000n\000\040\000N\000o\000n\000-\000i\000d\000e\000n\000t\000i\000f\000i\000a\000b\000i\000l\000i\000t\000y\000\040\000W\000i\000t\000n\000e\000s\000s}{chapter.7}% 109
\BOOKMARK [2][-]{subsection.7.8.1}{\376\377\000S\000e\000t\000u\000p}{section.7.8}% 110
\BOOKMARK [2][-]{subsection.7.8.2}{\376\377\000R\000e\000s\000u\000l\000t\000s}{section.7.8}% 111
\BOOKMARK [2][-]{subsection.7.8.3}{\376\377\000I\000n\000t\000e\000r\000p\000r\000e\000t\000a\000t\000i\000o\000n\000:\000\040\000E\000m\000p\000i\000r\000i\000c\000a\000l\000\040\000R\000e\000a\000l\000i\000z\000a\000t\000i\000o\000n\000\040\000o\000f\000\040\000T\000h\000e\000o\000r\000e\000m\000\040\0004\000.\0001}{section.7.8}% 112
\BOOKMARK [1][-]{section.7.9}{\376\377\000C\000r\000o\000s\000s\000-\000E\000x\000p\000e\000r\000i\000m\000e\000n\000t\000\040\000R\000e\000g\000r\000e\000t\000\040\000S\000y\000n\000t\000h\000e\000s\000i\000s}{chapter.7}% 113
\BOOKMARK [2][-]{subsection.7.9.1}{\376\377\000S\000u\000m\000m\000a\000r\000y\000\040\000T\000a\000b\000l\000e}{section.7.9}% 114
\BOOKMARK [2][-]{subsection.7.9.2}{\376\377\000I\000n\000t\000e\000r\000p\000r\000e\000t\000a\000t\000i\000o\000n}{section.7.9}% 115
\BOOKMARK [1][-]{section.7.10}{\376\377\000T\000h\000r\000e\000a\000t\000s\000\040\000t\000o\000\040\000V\000a\000l\000i\000d\000i\000t\000y}{chapter.7}% 116
\BOOKMARK [0][-]{chapter.8}{\376\377\000E\000x\000p\000e\000r\000i\000m\000e\000n\000t\000s\000\040\000I\000I\000:\000\040\000D\000e\000e\000p\000\040\000T\000e\000s\000t\000-\000T\000i\000m\000e\000\040\000A\000d\000a\000p\000t\000a\000t\000i\000o\000n}{}% 117
\BOOKMARK [1][-]{section.8.1}{\376\377\000E\000x\000p\000e\000r\000i\000m\000e\000n\000t\000a\000l\000\040\000S\000e\000t\000u\000p}{chapter.8}% 118
\BOOKMARK [1][-]{section.8.2}{\376\377\000T\000h\000e\000\040\000D\000e\000c\000i\000s\000i\000v\000e\000\040\000C\000I\000F\000A\000R\000+\000T\000e\000n\000t\000\040\000R\000u\000n}{chapter.8}% 119
\BOOKMARK [1][-]{section.8.3}{\376\377\000T\000h\000e\000\040\000P\000r\000e\000-\000R\000e\000g\000i\000s\000t\000e\000r\000e\000d\000\040\000S\000t\000r\000e\000s\000s\000\040\000G\000r\000i\000d}{chapter.8}% 120
\BOOKMARK [2][-]{subsection.8.3.1}{\376\377\000G\000r\000i\000d\000\040\000d\000e\000s\000i\000g\000n}{section.8.3}% 121
\BOOKMARK [2][-]{subsection.8.3.2}{\376\377\000P\000e\000r\000-\000m\000e\000t\000h\000o\000d\000\040\000o\000u\000t\000c\000o\000m\000e\000s}{section.8.3}% 122
\BOOKMARK [2][-]{subsection.8.3.3}{\376\377\000B\000o\000o\000t\000s\000t\000r\000a\000p\000\040\000c\000o\000n\000f\000i\000d\000e\000n\000c\000e\000\040\000i\000n\000t\000e\000r\000v\000a\000l\000s}{section.8.3}% 123
\BOOKMARK [2][-]{subsection.8.3.4}{\376\377\000T\000h\000e\000\040\000P\000a\000r\000e\000t\000o\000\040\000f\000r\000o\000n\000t}{section.8.3}% 124
\BOOKMARK [1][-]{section.8.4}{\376\377\000T\000h\000e\000\040\0006\0005\000-\000C\000e\000l\000l\000\040\000P\000e\000r\000-\000C\000o\000r\000r\000u\000p\000t\000i\000o\000n\000\040\000S\000u\000i\000t\000e}{chapter.8}% 125
\BOOKMARK [2][-]{subsection.8.4.1}{\376\377\000A\000\040\000h\000e\000l\000p\000f\000u\000l\000-\000d\000o\000m\000i\000n\000a\000t\000e\000d\000\040\000c\000o\000n\000t\000r\000o\000l}{section.8.4}% 126
\BOOKMARK [2][-]{subsection.8.4.2}{\376\377\000I\000n\000t\000e\000r\000p\000r\000e\000t\000a\000t\000i\000o\000n\000:\000\040\000c\000e\000r\000t\000i\000f\000i\000c\000a\000t\000e\000\040\000v\000a\000l\000u\000e\000\040\000i\000n\000\040\000h\000e\000l\000p\000f\000u\000l\000\040\000r\000e\000g\000i\000m\000e\000s}{section.8.4}% 127
\BOOKMARK [1][-]{section.8.5}{\376\377\000O\000n\000l\000i\000n\000e\000\040\000C\000o\000n\000t\000i\000n\000u\000a\000l\000\040\000A\000d\000a\000p\000t\000a\000t\000i\000o\000n}{chapter.8}% 128
\BOOKMARK [2][-]{subsection.8.5.1}{\376\377\000M\000o\000t\000i\000v\000a\000t\000i\000o\000n\000\040\000a\000n\000d\000\040\000s\000t\000r\000e\000a\000m\000\040\000d\000e\000s\000i\000g\000n}{section.8.5}% 129
\BOOKMARK [2][-]{subsection.8.5.2}{\376\377\000R\000e\000s\000u\000l\000t\000s\000:\000\040\000a\000l\000w\000a\000y\000s\000-\000a\000d\000a\000p\000t\000\040\000c\000o\000l\000l\000a\000p\000s\000e\000s\000;\000\040\000K\000G\000A\000\040\000d\000o\000e\000s\000\040\000n\000o\000t}{section.8.5}% 130
\BOOKMARK [1][-]{section.8.6}{\376\377\000I\000m\000a\000g\000e\000n\000e\000t\000t\000e\000\040\000a\000n\000d\000\040\000I\000m\000a\000g\000e\000N\000e\000t\000-\000S\000c\000a\000l\000e\000\040\000S\000t\000a\000t\000u\000s}{chapter.8}% 131
\BOOKMARK [1][-]{section.8.7}{\376\377\000N\000a\000t\000u\000r\000a\000l\000-\000S\000h\000i\000f\000t\000\040\000H\000e\000l\000d\000-\000O\000u\000t\000\040\000W\000i\000n\000:\000\040\000O\000f\000f\000i\000c\000e\000-\000H\000o\000m\000e}{chapter.8}% 132
\BOOKMARK [1][-]{section.8.8}{\376\377\000M\000u\000l\000t\000i\000-\000S\000e\000e\000d\000\040\000C\000o\000n\000f\000i\000r\000m\000a\000t\000i\000o\000n\000\040\000a\000n\000d\000\040\000t\000h\000e\000\040\000P\000r\000e\000-\000R\000e\000g\000i\000s\000t\000e\000r\000e\000d\000\040\000N\000a\000t\000u\000r\000a\000l\000-\000S\000h\000i\000f\000t\000\040\000B\000a\000t\000t\000e\000r\000y}{chapter.8}% 133
\BOOKMARK [1][-]{section.8.9}{\376\377\000S\000y\000n\000t\000h\000e\000s\000i\000s\000:\000\040\000W\000h\000e\000n\000\040\000D\000o\000e\000s\000\040\000D\000e\000e\000p\000\040\000T\000T\000A\000\040\000N\000e\000e\000d\000\040\000a\000\040\000G\000a\000t\000e\000?}{chapter.8}% 134
\BOOKMARK [0][-]{chapter.9}{\376\377\000A\000\040\000W\000o\000r\000k\000e\000d\000\040\000I\000n\000s\000t\000a\000n\000t\000i\000a\000t\000i\000o\000n\000:\000\040\000R\000e\000l\000i\000a\000b\000i\000l\000i\000t\000y\000-\000G\000a\000t\000e\000d\000\040\000M\000u\000l\000t\000i\000m\000o\000d\000a\000l\000\040\000F\000u\000s\000i\000o\000n\000\040\000\050\000E\000L\000A\000R\000A\000\051}{}% 135
\BOOKMARK [1][-]{section.9.1}{\376\377\000T\000h\000e\000\040\000F\000u\000s\000i\000o\000n\000\040\000a\000n\000d\000\040\000R\000o\000u\000t\000i\000n\000g\000\040\000P\000r\000o\000b\000l\000e\000m}{chapter.9}% 136
\BOOKMARK [1][-]{section.9.2}{\376\377\000T\000h\000e\000\040\000V\000e\000r\000i\000f\000i\000e\000d\000\040\000E\000L\000A\000R\000A\000\040\000C\000l\000a\000i\000m}{chapter.9}% 137
\BOOKMARK [2][-]{subsection.9.2.1}{\376\377\000S\000t\000a\000c\000k\000i\000n\000g\000\040\000b\000e\000a\000t\000s\000\040\000s\000e\000l\000e\000c\000t\000i\000o\000n\000\040\000\050\000p\000o\000s\000i\000t\000i\000v\000e\000\040\000r\000e\000s\000u\000l\000t\000\051}{section.9.2}% 138
\BOOKMARK [2][-]{subsection.9.2.2}{\376\377\000R\000e\000l\000i\000a\000b\000i\000l\000i\000t\000y\000\040\000r\000o\000u\000t\000i\000n\000g\000\040\000a\000d\000d\000s\000\040\000n\000o\000t\000h\000i\000n\000g\000\040\000o\000n\000\040\000s\000i\000n\000g\000l\000e\000-\000i\000n\000p\000u\000t\000\040\000d\000a\000t\000a\000\040\000\050\000h\000o\000n\000e\000s\000t\000\040\000n\000e\000g\000a\000t\000i\000v\000e\000\051}{section.9.2}% 139
\BOOKMARK [2][-]{subsection.9.2.3}{\376\377\000R\000o\000u\000t\000i\000n\000g\000\040\000w\000i\000n\000s\000\040\000w\000h\000e\000r\000e\000\040\000i\000t\000\040\000s\000t\000r\000u\000c\000t\000u\000r\000a\000l\000l\000y\000\040\000s\000h\000o\000u\000l\000d\000:\000\040\000i\000n\000d\000e\000p\000e\000n\000d\000e\000n\000t\000\040\000m\000o\000d\000a\000l\000i\000t\000y\000\040\000f\000a\000i\000l\000u\000r\000e}{section.9.2}% 140
\BOOKMARK [2][-]{subsection.9.2.4}{\376\377\000C\000o\000n\000t\000r\000o\000l\000l\000e\000d\000\040\000c\000o\000n\000f\000i\000r\000m\000a\000t\000i\000o\000n\000:\000\040\000a\000\040\000s\000i\000g\000n\000i\000f\000i\000c\000a\000n\000t\000\040\000b\000e\000a\000t\000s\000-\000b\000o\000t\000h\000\040\000u\000n\000d\000e\000r\000\040\000d\000e\000t\000e\000c\000t\000a\000b\000l\000e\000\040\000m\000o\000d\000a\000l\000i\000t\000y\000\040\000f\000a\000i\000l\000u\000r\000e}{section.9.2}% 141
\BOOKMARK [1][-]{section.9.3}{\376\377\000T\000h\000e\000\040\000T\0001\040\023\000T\0009\000\040\000+\000\040\000G\000D\000R\000\040\000T\000h\000e\000o\000r\000e\000m\000\040\000S\000t\000a\000c\000k}{chapter.9}% 142
\BOOKMARK [1][-]{section.9.4}{\376\377\000H\000o\000w\000\040\000E\000L\000A\000R\000A\000\040\000I\000n\000s\000t\000a\000n\000t\000i\000a\000t\000e\000s\000\040\000t\000h\000e\000\040\000E\000v\000i\000d\000e\000n\000c\000e\000\040\000Z}{chapter.9}% 143
\BOOKMARK [1][-]{section.9.5}{\376\377\000W\000h\000a\000t\000\040\000G\000e\000n\000e\000r\000a\000l\000i\000s\000e\000s\000\040\000a\000n\000d\000\040\000W\000h\000a\000t\000\040\000I\000s\000\040\000D\000o\000m\000a\000i\000n\000-\000S\000p\000e\000c\000i\000f\000i\000c}{chapter.9}% 144
\BOOKMARK [0][-]{chapter.10}{\376\377\000D\000i\000s\000c\000u\000s\000s\000i\000o\000n\000,\000\040\000L\000i\000m\000i\000t\000a\000t\000i\000o\000n\000s\000,\000\040\000a\000n\000d\000\040\000C\000o\000n\000c\000l\000u\000s\000i\000o\000n}{}% 145
\BOOKMARK [1][-]{section.10.1}{\376\377\000W\000h\000e\000n\000\040\000t\000o\000\040\000D\000e\000p\000l\000o\000y\000\040\000K\000-\000B\000o\000u\000n\000d}{chapter.10}% 146
\BOOKMARK [1][-]{section.10.2}{\376\377\000L\000i\000m\000i\000t\000a\000t\000i\000o\000n\000s\000\040\000a\000n\000d\000\040\000H\000o\000n\000e\000s\000t\000\040\000S\000c\000o\000p\000e}{chapter.10}% 147
\BOOKMARK [1][-]{section.10.3}{\376\377\000W\000h\000a\000t\000\040\000W\000o\000u\000l\000d\000\040\000F\000a\000l\000s\000i\000f\000y\000\040\000t\000h\000e\000\040\000F\000r\000a\000m\000e\000w\000o\000r\000k}{chapter.10}% 148
\BOOKMARK [1][-]{section.10.4}{\376\377\000F\000u\000t\000u\000r\000e\000\040\000W\000o\000r\000k}{chapter.10}% 149
\BOOKMARK [1][-]{section.10.5}{\376\377\000C\000o\000n\000c\000l\000u\000s\000i\000o\000n}{chapter.10}% 150
\BOOKMARK [0][-]{appendix.A}{\376\377\000R\000e\000p\000r\000o\000d\000u\000c\000i\000b\000i\000l\000i\000t\000y\000\040\000a\000n\000d\000\040\000E\000n\000g\000i\000n\000e\000e\000r\000i\000n\000g}{}% 151
\BOOKMARK [1][-]{section.A.1}{\376\377\000R\000e\000p\000o\000s\000i\000t\000o\000r\000y\000\040\000l\000a\000y\000o\000u\000t}{appendix.A}% 152
\BOOKMARK [1][-]{section.A.2}{\376\377\000F\000u\000l\000l\000\040\000r\000e\000p\000r\000o\000d\000u\000c\000t\000i\000o\000n\000\040\000p\000a\000t\000h}{appendix.A}% 153
\BOOKMARK [1][-]{section.A.3}{\376\377\000H\000e\000r\000m\000e\000t\000i\000c\000\040\000s\000m\000o\000k\000e\000\040\000p\000a\000t\000h}{appendix.A}% 154
\BOOKMARK [1][-]{section.A.4}{\376\377\000I\000n\000t\000e\000g\000r\000i\000t\000y\000\040\000m\000a\000n\000i\000f\000e\000s\000t\000s}{appendix.A}% 155
\BOOKMARK [2][-]{subsection.A.4.1}{\376\377\000M\000o\000d\000e\000l\000\040\000a\000r\000t\000i\000f\000a\000c\000t\000\040\000m\000a\000n\000i\000f\000e\000s\000t\000\040\000\050\000m\000o\000d\000e\000l\000s\000/\000M\000A\000N\000I\000F\000E\000S\000T\000.\000j\000s\000o\000n\000\051}{section.A.4}% 156
\BOOKMARK [2][-]{subsection.A.4.2}{\376\377\000S\000c\000o\000r\000e\000-\000a\000r\000c\000h\000i\000v\000e\000\040\000m\000a\000n\000i\000f\000e\000s\000t\000\040\000\050\000d\000a\000t\000a\000/\000M\000A\000N\000I\000F\000E\000S\000T\000.\000j\000s\000o\000n\000\051}{section.A.4}% 157
\BOOKMARK [1][-]{section.A.5}{\376\377\000T\000h\000e\000\040\000k\000g\000a\000\040\000p\000a\000c\000k\000a\000g\000e\000:\000\040\000i\000n\000s\000t\000a\000l\000l\000\040\000a\000n\000d\000\040\000t\000e\000s\000t}{appendix.A}% 158
\BOOKMARK [1][-]{section.A.6}{\376\377\000C\000I\000\040\000w\000o\000r\000k\000f\000l\000o\000w\000\040\000\050\000.\000g\000i\000t\000h\000u\000b\000/\000w\000o\000r\000k\000f\000l\000o\000w\000s\000/\000k\000b\000o\000u\000n\000d\000-\000c\000i\000.\000y\000m\000l\000\051}{appendix.A}% 159
\BOOKMARK [1][-]{section.A.7}{\376\377\000E\000x\000e\000c\000u\000t\000e\000d\000\040\000n\000o\000t\000e\000b\000o\000o\000k\000s\000\040\000\050\0000\0000\040\023\0000\0009\000\051}{appendix.A}% 160
\BOOKMARK [1][-]{section.A.8}{\376\377\000E\000n\000v\000i\000r\000o\000n\000m\000e\000n\000t\000\040\000n\000o\000t\000e\000s}{appendix.A}% 161
\BOOKMARK [1][-]{section.A.9}{\376\377\000H\000o\000w\000\040\000t\000o\000\040\000r\000e\000p\000r\000o\000d\000u\000c\000e\000:\000\040\000c\000h\000e\000c\000k\000l\000i\000s\000t}{appendix.A}% 162
\BOOKMARK [0][-]{appendix.B}{\376\377\000C\000o\000m\000p\000l\000e\000t\000e\000\040\000R\000e\000s\000u\000l\000t\000\040\000T\000a\000b\000l\000e\000s}{}% 163
\BOOKMARK [1][-]{section.B.1}{\376\377\000P\000e\000r\000-\000S\000e\000e\000d\000\040\000R\000i\000g\000o\000r\000\040\000T\000a\000b\000l\000e\000\040\000\050\000M\000i\000x\000e\000d\000\040\000R\000e\000g\000i\000m\000e\000,\000\040\0008\000\040\000S\000e\000e\000d\000s\000\051}{appendix.B}% 164
\BOOKMARK [1][-]{section.B.2}{\376\377\000F\000u\000l\000l\000\040\000A\000b\000l\000a\000t\000i\000o\000n\000\040\000G\000r\000i\000d}{appendix.B}% 165
\BOOKMARK [2][-]{subsection.B.2.1}{\376\377\000E\000v\000i\000d\000e\000n\000c\000e\000-\000D\000r\000o\000p\000\040\000A\000b\000l\000a\000t\000i\000o\000n\000\040\000\050\000F\000u\000l\000l\000\040\000G\000r\000i\000d\000\051}{section.B.2}% 166
\BOOKMARK [2][-]{subsection.B.2.2}{\376\377\000A\000l\000p\000h\000a\000\040\000S\000w\000e\000e\000p\000\040\000\050\000F\000u\000l\000l\000\040\000G\000r\000i\000d\000\051}{section.B.2}% 167
\BOOKMARK [2][-]{subsection.B.2.3}{\376\377\000B\000a\000t\000c\000h\000-\000S\000i\000z\000e\000\040\000S\000w\000e\000e\000p\000\040\000\050\000F\000u\000l\000l\000\040\000G\000r\000i\000d\000\051}{section.B.2}% 168
\BOOKMARK [1][-]{section.B.3}{\376\377\000R\000e\000g\000r\000e\000s\000s\000i\000o\000n\000\040\000C\000o\000v\000a\000r\000i\000a\000t\000e\000-\000S\000h\000i\000f\000t\000\040\000D\000e\000c\000i\000s\000i\000o\000n\000\040\000S\000u\000m\000m\000a\000r\000y}{appendix.B}% 169
\BOOKMARK [1][-]{section.B.4}{\376\377\000M\000i\000x\000e\000d\000-\000R\000e\000g\000i\000m\000e\000\040\000F\000u\000l\000l\000\040\000M\000e\000t\000r\000i\000c\000s}{appendix.B}% 170
\BOOKMARK [1][-]{section.B.5}{\376\377\000H\000a\000r\000m\000f\000u\000l\000-\000F\000u\000s\000i\000o\000n\000\040\000R\000e\000g\000i\000m\000e\000\040\000F\000u\000l\000l\000\040\000M\000e\000t\000r\000i\000c\000s}{appendix.B}% 171
\BOOKMARK [1][-]{section.B.6}{\376\377\000C\000l\000e\000a\000n\000\040\000N\000o\000n\000-\000i\000d\000e\000n\000t\000i\000f\000i\000a\000b\000i\000l\000i\000t\000y\000\040\000W\000i\000t\000n\000e\000s\000s\000:\000\040\000F\000u\000l\000l\000\040\000M\000e\000t\000r\000i\000c\000s}{appendix.B}% 172
\BOOKMARK [1][-]{section.B.7}{\376\377\000K\000n\000o\000w\000a\000b\000i\000l\000i\000t\000y\000\040\000T\000r\000i\000c\000h\000o\000t\000o\000m\000y\000\040\000S\000u\000i\000t\000e\000:\000\040\000F\000u\000l\000l\000\040\000M\000e\000t\000r\000i\000c\000s}{appendix.B}% 173
\BOOKMARK [1][-]{section.B.8}{\376\377\000A\000l\000l\000\040\0006\0005\000\040\000C\000I\000F\000A\000R\000-\0001\0000\000-\000C\000\040\000C\000e\000l\000l\000s}{appendix.B}% 174
\BOOKMARK [0][-]{appendix.C}{\376\377\000N\000o\000t\000a\000t\000i\000o\000n\000\040\000a\000n\000d\000\040\000G\000l\000o\000s\000s\000a\000r\000y}{}% 175
\BOOKMARK [1][-]{section.C.1}{\376\377\000N\000o\000t\000a\000t\000i\000o\000n\000\040\000t\000a\000b\000l\000e}{appendix.C}% 176
\BOOKMARK [1][-]{section.C.2}{\376\377\000G\000l\000o\000s\000s\000a\000r\000y}{appendix.C}% 177
\BOOKMARK [1][-]{section.C.3}{\376\377\000T\000h\000e\000\040\000e\000x\000a\000c\000t\000\040\000b\000e\000n\000e\000f\000i\000t\000-\000s\000i\000g\000n\000\040\000f\000r\000o\000n\000t\000i\000e\000r}{appendix.C}% 178
\BOOKMARK [2][-]{subsection.C.3.1}{\376\377\000A\000\040\000s\000h\000a\000r\000e\000d\000\040\000q\000u\000a\000n\000t\000i\000t\000y\000:\000\040\000a\000g\000r\000e\000e\000m\000e\000n\000t\000-\000o\000n\000-\000t\000h\000e\000-\000l\000i\000n\000e\000\040\000i\000s\000\040\000t\000h\000e\000\040\000s\000a\000m\000e\000\040\000d\000r\000i\000f\000t}{section.C.3}% 179
\BOOKMARK [2][-]{subsection.C.3.2}{\376\377\000F\000u\000r\000t\000h\000e\000r\000\040\000r\000e\000s\000u\000l\000t\000s\000:\000\040\000b\000r\000a\000c\000k\000e\000t\000i\000n\000g\000,\000\040\000r\000o\000u\000t\000e\000r\000\040\000g\000e\000n\000e\000r\000a\000l\000i\000z\000a\000t\000i\000o\000n\000,\000\040\000a\000n\000d\000\040\000n\000o\000n\000-\000s\000t\000a\000t\000i\000o\000n\000a\000r\000i\000t\000y}{section.C.3}% 180
\BOOKMARK [2][-]{subsection.C.3.3}{\376\377\000M\000a\000k\000i\000n\000g\000\040\000t\000h\000e\000\040\000d\000r\000i\000f\000t\000\040\000r\000a\000d\000i\000u\000s\000\040\000o\000b\000s\000e\000r\000v\000a\000b\000l\000e\000:\000\040\000a\000\040\000s\000m\000o\000o\000t\000h\000\040\000s\000o\000u\000r\000c\000e\040\023\000t\000a\000r\000g\000e\000t\000\040\000d\000r\000i\000f\000t\000\040\000b\000r\000a\000c\000k\000e\000t}{section.C.3}% 181
\BOOKMARK [2][-]{subsection.C.3.4}{\376\377\000T\000w\000o\000\040\000n\000e\000w\000\040\000r\000o\000w\000s\000,\000\040\000o\000n\000e\000\040\000r\000e\000a\000c\000h\000:\000\040\000w\000h\000e\000r\000e\000\040\000v\0000\000.\0005\000\040\000l\000e\000a\000v\000e\000s\000\040\000C\000o\000n\000j\000e\000c\000t\000u\000r\000e\000\040\0005\000.\0001}{section.C.3}% 182
\BOOKMARK [2][-]{subsection.C.3.5}{\376\377\000R\000e\000l\000a\000x\000i\000n\000g\000\040\000D\000e\000f\000i\000n\000i\000t\000i\000o\000n\000\040\000C\000.\0004\000:\000\040\000b\000o\000u\000n\000d\000e\000d\000-\000r\000e\000s\000i\000d\000u\000a\000l\000\040\000s\000i\000g\000n\000\040\000i\000d\000e\000n\000t\000i\000f\000i\000a\000b\000i\000l\000i\000t\000y\000\040\000w\000i\000t\000h\000\040\000a\000n\000\040\000o\000b\000s\000e\000r\000v\000a\000b\000l\000e\000\040\000d\000i\000a\000g\000n\000o\000s\000t\000i\000c}{section.C.3}% 183
\BOOKMARK [1][-]{section.C.4}{\376\377\000O\000n\000e\000\040\000b\000i\000t\000,\000\040\000a\000u\000d\000i\000t\000e\000d\000:\000\040\000w\000h\000a\000t\000\040\000l\000a\000b\000e\000l\000-\000f\000r\000e\000e\000\040\000e\000v\000i\000d\000e\000n\000c\000e\000\040\000c\000a\000n\000\040\000a\000n\000d\000\040\000c\000a\000n\000n\000o\000t\000\040\000s\000u\000p\000p\000l\000y}{appendix.C}% 184
\BOOKMARK [2][-]{subsection.C.4.1}{\376\377\000T\000h\000e\000\040\000c\000o\000r\000r\000e\000c\000t\000e\000d\000\040\000s\000t\000r\000u\000c\000t\000u\000r\000a\000l\000\040\000h\000y\000p\000o\000t\000h\000e\000s\000i\000s}{section.C.4}% 185
\BOOKMARK [2][-]{subsection.C.4.2}{\376\377\000T\000h\000e\000\040\000o\000n\000e\000-\000b\000i\000t\000\040\000t\000h\000e\000o\000r\000e\000m}{section.C.4}% 186
\BOOKMARK [2][-]{subsection.C.4.3}{\376\377\000T\000h\000e\000\040\000b\000u\000d\000g\000e\000t\000\040\000a\000u\000d\000i\000t\000:\000\040\000f\000a\000l\000s\000i\000f\000i\000a\000b\000l\000e\000,\000\040\000n\000e\000v\000e\000r\000\040\000v\000e\000r\000i\000f\000i\000a\000b\000l\000e}{section.C.4}% 187
\BOOKMARK [2][-]{subsection.C.4.4}{\376\377\000T\000h\000e\000\040\000e\000v\000i\000d\000e\000n\000c\000e\000-\000c\000h\000a\000n\000n\000e\000l\000\040\000r\000a\000t\000e}{section.C.4}% 188
\BOOKMARK [2][-]{subsection.C.4.5}{\376\377\000C\000o\000n\000s\000o\000l\000i\000d\000a\000t\000i\000o\000n\000\040\000a\000n\000d\000\040\000w\000h\000a\000t\000\040\000r\000e\000m\000a\000i\000n\000s\000\040\000o\000p\000e\000n}{section.C.4}% 189
\BOOKMARK [2][-]{subsection.C.4.6}{\376\377\000C\000l\000o\000s\000i\000n\000g\000\040\000C\000o\000n\000j\000e\000c\000t\000u\000r\000e\000\040\0005\000.\0001\000:\000\040\000t\000h\000e\000\040\000t\000e\000s\000t\000a\000b\000i\000l\000i\000t\000y\000\040\000d\000i\000c\000h\000o\000t\000o\000m\000y}{section.C.4}% 190
