This is pdfTeX, Version 3.141592653-2.6-1.40.27 (TeX Live 2025/Homebrew) (preloaded format=pdflatex 2026.1.29)  19 JUN 2026 23:06
entering extended mode
 restricted \write18 enabled.
 %&-line parsing enabled.
**main.tex
(./main.tex
LaTeX2e <2024-11-01> patch level 2
L3 programming layer <2025-01-18>

(/opt/homebrew/Cellar/texlive/20250308_2/share/texmf-dist/tex/latex/base/book.c
ls
Document Class: book 2024/06/29 v1.4n Standard LaTeX document class

(/opt/homebrew/Cellar/texlive/20250308_2/share/texmf-dist/tex/latex/base/bk11.c
lo
File: bk11.clo 2024/06/29 v1.4n Standard LaTeX file (size option)
)
\c@part=\count196
\c@chapter=\count197
\c@section=\count198
\c@subsection=\count199
\c@subsubsection=\count266
\c@paragraph=\count267
\c@subparagraph=\count268
\c@figure=\count269
\c@table=\count270
\abovecaptionskip=\skip49
\belowcaptionskip=\skip50
\bibindent=\dimen141
)
(/opt/homebrew/Cellar/texlive/20250308_2/share/texmf-dist/tex/latex/base/fonten
c.sty
Package: fontenc 2021/04/29 v2.0v Standard LaTeX package
)
(/opt/homebrew/Cellar/texlive/20250308_2/share/texmf-dist/tex/latex/lm/lmodern.
sty
Package: lmodern 2015/05/01 v1.6.1 Latin Modern Fonts
LaTeX Font Info:    Overwriting symbol font `operators' in version `normal'
(Font)                  OT1/cmr/m/n --> OT1/lmr/m/n on input line 22.
LaTeX Font Info:    Overwriting symbol font `letters' in version `normal'
(Font)                  OML/cmm/m/it --> OML/lmm/m/it on input line 23.
LaTeX Font Info:    Overwriting symbol font `symbols' in version `normal'
(Font)                  OMS/cmsy/m/n --> OMS/lmsy/m/n on input line 24.
LaTeX Font Info:    Overwriting symbol font `largesymbols' in version `normal'
(Font)                  OMX/cmex/m/n --> OMX/lmex/m/n on input line 25.
LaTeX Font Info:    Overwriting symbol font `operators' in version `bold'
(Font)                  OT1/cmr/bx/n --> OT1/lmr/bx/n on input line 26.
LaTeX Font Info:    Overwriting symbol font `letters' in version `bold'
(Font)                  OML/cmm/b/it --> OML/lmm/b/it on input line 27.
LaTeX Font Info:    Overwriting symbol font `symbols' in version `bold'
(Font)                  OMS/cmsy/b/n --> OMS/lmsy/b/n on input line 28.
LaTeX Font Info:    Overwriting symbol font `largesymbols' in version `bold'
(Font)                  OMX/cmex/m/n --> OMX/lmex/m/n on input line 29.
LaTeX Font Info:    Overwriting math alphabet `\mathbf' in version `normal'
(Font)                  OT1/cmr/bx/n --> OT1/lmr/bx/n on input line 31.
LaTeX Font Info:    Overwriting math alphabet `\mathsf' in version `normal'
(Font)                  OT1/cmss/m/n --> OT1/lmss/m/n on input line 32.
LaTeX Font Info:    Overwriting math alphabet `\mathit' in version `normal'
(Font)                  OT1/cmr/m/it --> OT1/lmr/m/it on input line 33.
LaTeX Font Info:    Overwriting math alphabet `\mathtt' in version `normal'
(Font)                  OT1/cmtt/m/n --> OT1/lmtt/m/n on input line 34.
LaTeX Font Info:    Overwriting math alphabet `\mathbf' in version `bold'
(Font)                  OT1/cmr/bx/n --> OT1/lmr/bx/n on input line 35.
LaTeX Font Info:    Overwriting math alphabet `\mathsf' in version `bold'
(Font)                  OT1/cmss/bx/n --> OT1/lmss/bx/n on input line 36.
LaTeX Font Info:    Overwriting math alphabet `\mathit' in version `bold'
(Font)                  OT1/cmr/bx/it --> OT1/lmr/bx/it on input line 37.
LaTeX Font Info:    Overwriting math alphabet `\mathtt' in version `bold'
(Font)                  OT1/cmtt/m/n --> OT1/lmtt/m/n on input line 38.
)
(/opt/homebrew/Cellar/texlive/20250308_2/share/texmf-dist/tex/latex/microtype/m
icrotype.sty
Package: microtype 2025/02/11 v3.2a Micro-typographical refinements (RS)

(/opt/homebrew/Cellar/texlive/20250308_2/share/texmf-dist/tex/latex/graphics/ke
yval.sty
Package: keyval 2022/05/29 v1.15 key=value parser (DPC)
\KV@toks@=\toks17
)
(/opt/homebrew/Cellar/texlive/20250308_2/share/texmf-dist/tex/latex/etoolbox/et
oolbox.sty
Package: etoolbox 2025/02/11 v2.5l e-TeX tools for LaTeX (JAW)
\etb@tempcnta=\count271
)
\MT@toks=\toks18
\MT@tempbox=\box52
\MT@count=\count272
LaTeX Info: Redefining \noprotrusionifhmode on input line 1087.
LaTeX Info: Redefining \leftprotrusion on input line 1088.
\MT@prot@toks=\toks19
LaTeX Info: Redefining \rightprotrusion on input line 1107.
LaTeX Info: Redefining \textls on input line 1449.
\MT@outer@kern=\dimen142
LaTeX Info: Redefining \microtypecontext on input line 2053.
LaTeX Info: Redefining \textmicrotypecontext on input line 2070.
\MT@listname@count=\count273

(/opt/homebrew/Cellar/texlive/20250308_2/share/texmf-dist/tex/latex/microtype/m
icrotype-pdftex.def
File: microtype-pdftex.def 2025/02/11 v3.2a Definitions specific to pdftex (RS)

LaTeX Info: Redefining \lsstyle on input line 944.
LaTeX Info: Redefining \lslig on input line 944.
\MT@outer@space=\skip51
)
Package microtype Info: Loading configuration file microtype.cfg.

(/opt/homebrew/Cellar/texlive/20250308_2/share/texmf-dist/tex/latex/microtype/m
icrotype.cfg
File: microtype.cfg 2025/02/11 v3.2a microtype main configuration file (RS)
)
LaTeX Info: Redefining \microtypesetup on input line 3065.
)
(/opt/homebrew/Cellar/texlive/20250308_2/share/texmf-dist/tex/latex/geometry/ge
ometry.sty
Package: geometry 2020/01/02 v5.9 Page Geometry

(/opt/homebrew/Cellar/texlive/20250308_2/share/texmf-dist/tex/generic/iftex/ifv
tex.sty
Package: ifvtex 2019/10/25 v1.7 ifvtex legacy package. Use iftex instead.

(/opt/homebrew/Cellar/texlive/20250308_2/share/texmf-dist/tex/generic/iftex/ift
ex.sty
Package: iftex 2024/12/12 v1.0g TeX engine tests
))
\Gm@cnth=\count274
\Gm@cntv=\count275
\c@Gm@tempcnt=\count276
\Gm@bindingoffset=\dimen143
\Gm@wd@mp=\dimen144
\Gm@odd@mp=\dimen145
\Gm@even@mp=\dimen146
\Gm@layoutwidth=\dimen147
\Gm@layoutheight=\dimen148
\Gm@layouthoffset=\dimen149
\Gm@layoutvoffset=\dimen150
\Gm@dimlist=\toks20
)
(/opt/homebrew/Cellar/texlive/20250308_2/share/texmf-dist/tex/latex/amsmath/ams
math.sty
Package: amsmath 2024/11/05 v2.17t AMS math features
\@mathmargin=\skip52

For additional information on amsmath, use the `?' option.

(/opt/homebrew/Cellar/texlive/20250308_2/share/texmf-dist/tex/latex/amsmath/ams
text.sty
Package: amstext 2021/08/26 v2.01 AMS text

(/opt/homebrew/Cellar/texlive/20250308_2/share/texmf-dist/tex/latex/amsmath/ams
gen.sty
File: amsgen.sty 1999/11/30 v2.0 generic functions
\@emptytoks=\toks21
\ex@=\dimen151
))
(/opt/homebrew/Cellar/texlive/20250308_2/share/texmf-dist/tex/latex/amsmath/ams
bsy.sty
Package: amsbsy 1999/11/29 v1.2d Bold Symbols
\pmbraise@=\dimen152
)
(/opt/homebrew/Cellar/texlive/20250308_2/share/texmf-dist/tex/latex/amsmath/ams
opn.sty
Package: amsopn 2022/04/08 v2.04 operator names
)
\inf@bad=\count277
LaTeX Info: Redefining \frac on input line 233.
\uproot@=\count278
\leftroot@=\count279
LaTeX Info: Redefining \overline on input line 398.
LaTeX Info: Redefining \colon on input line 409.
\classnum@=\count280
\DOTSCASE@=\count281
LaTeX Info: Redefining \ldots on input line 495.
LaTeX Info: Redefining \dots on input line 498.
LaTeX Info: Redefining \cdots on input line 619.
\Mathstrutbox@=\box53
\strutbox@=\box54
LaTeX Info: Redefining \big on input line 721.
LaTeX Info: Redefining \Big on input line 722.
LaTeX Info: Redefining \bigg on input line 723.
LaTeX Info: Redefining \Bigg on input line 724.
\big@size=\dimen153
LaTeX Font Info:    Redeclaring font encoding OML on input line 742.
LaTeX Font Info:    Redeclaring font encoding OMS on input line 743.
\macc@depth=\count282
LaTeX Info: Redefining \bmod on input line 904.
LaTeX Info: Redefining \pmod on input line 909.
LaTeX Info: Redefining \smash on input line 939.
LaTeX Info: Redefining \relbar on input line 969.
LaTeX Info: Redefining \Relbar on input line 970.
\c@MaxMatrixCols=\count283
\dotsspace@=\muskip17
\c@parentequation=\count284
\dspbrk@lvl=\count285
\tag@help=\toks22
\row@=\count286
\column@=\count287
\maxfields@=\count288
\andhelp@=\toks23
\eqnshift@=\dimen154
\alignsep@=\dimen155
\tagshift@=\dimen156
\tagwidth@=\dimen157
\totwidth@=\dimen158
\lineht@=\dimen159
\@envbody=\toks24
\multlinegap=\skip53
\multlinetaggap=\skip54
\mathdisplay@stack=\toks25
LaTeX Info: Redefining \[ on input line 2953.
LaTeX Info: Redefining \] on input line 2954.
)
(/opt/homebrew/Cellar/texlive/20250308_2/share/texmf-dist/tex/latex/amsfonts/am
ssymb.sty
Package: amssymb 2013/01/14 v3.01 AMS font symbols

(/opt/homebrew/Cellar/texlive/20250308_2/share/texmf-dist/tex/latex/amsfonts/am
sfonts.sty
Package: amsfonts 2013/01/14 v3.01 Basic AMSFonts support
\symAMSa=\mathgroup4
\symAMSb=\mathgroup5
LaTeX Font Info:    Redeclaring math symbol \hbar on input line 98.
LaTeX Font Info:    Overwriting math alphabet `\mathfrak' in version `bold'
(Font)                  U/euf/m/n --> U/euf/b/n on input line 106.
))
(/opt/homebrew/Cellar/texlive/20250308_2/share/texmf-dist/tex/latex/amscls/amst
hm.sty
Package: amsthm 2020/05/29 v2.20.6
\thm@style=\toks26
\thm@bodyfont=\toks27
\thm@headfont=\toks28
\thm@notefont=\toks29
\thm@headpunct=\toks30
\thm@preskip=\skip55
\thm@postskip=\skip56
\thm@headsep=\skip57
\dth@everypar=\toks31
)
(/opt/homebrew/Cellar/texlive/20250308_2/share/texmf-dist/tex/latex/graphics/gr
aphicx.sty
Package: graphicx 2021/09/16 v1.2d Enhanced LaTeX Graphics (DPC,SPQR)

(/opt/homebrew/Cellar/texlive/20250308_2/share/texmf-dist/tex/latex/graphics/gr
aphics.sty
Package: graphics 2024/08/06 v1.4g Standard LaTeX Graphics (DPC,SPQR)

(/opt/homebrew/Cellar/texlive/20250308_2/share/texmf-dist/tex/latex/graphics/tr
ig.sty
Package: trig 2023/12/02 v1.11 sin cos tan (DPC)
)
(/opt/homebrew/Cellar/texlive/20250308_2/share/texmf-dist/tex/latex/graphics-cf
g/graphics.cfg
File: graphics.cfg 2016/06/04 v1.11 sample graphics configuration
)
Package graphics Info: Driver file: pdftex.def on input line 106.

(/opt/homebrew/Cellar/texlive/20250308_2/share/texmf-dist/tex/latex/graphics-de
f/pdftex.def
File: pdftex.def 2024/04/13 v1.2c Graphics/color driver for pdftex
))
\Gin@req@height=\dimen160
\Gin@req@width=\dimen161
)
(/opt/homebrew/Cellar/texlive/20250308_2/share/texmf-dist/tex/latex/booktabs/bo
oktabs.sty
Package: booktabs 2020/01/12 v1.61803398 Publication quality tables
\heavyrulewidth=\dimen162
\lightrulewidth=\dimen163
\cmidrulewidth=\dimen164
\belowrulesep=\dimen165
\belowbottomsep=\dimen166
\aboverulesep=\dimen167
\abovetopsep=\dimen168
\cmidrulesep=\dimen169
\cmidrulekern=\dimen170
\defaultaddspace=\dimen171
\@cmidla=\count289
\@cmidlb=\count290
\@aboverulesep=\dimen172
\@belowrulesep=\dimen173
\@thisruleclass=\count291
\@lastruleclass=\count292
\@thisrulewidth=\dimen174
)
(/opt/homebrew/Cellar/texlive/20250308_2/share/texmf-dist/tex/latex/tools/longt
able.sty
Package: longtable 2024-10-27 v4.22 Multi-page Table package (DPC)
\LTleft=\skip58
\LTright=\skip59
\LTpre=\skip60
\LTpost=\skip61
\LTchunksize=\count293
\LTcapwidth=\dimen175
\LT@head=\box55
\LT@firsthead=\box56
\LT@foot=\box57
\LT@lastfoot=\box58
\LT@gbox=\box59
\LT@cols=\count294
\LT@rows=\count295
\c@LT@tables=\count296
\c@LT@chunks=\count297
\LT@p@ftn=\toks32
)
(/opt/homebrew/Cellar/texlive/20250308_2/share/texmf-dist/tex/latex/xcolor/xcol
or.sty
Package: xcolor 2024/09/29 v3.02 LaTeX color extensions (UK)

(/opt/homebrew/Cellar/texlive/20250308_2/share/texmf-dist/tex/latex/graphics-cf
g/color.cfg
File: color.cfg 2016/01/02 v1.6 sample color configuration
)
Package xcolor Info: Driver file: pdftex.def on input line 274.

(/opt/homebrew/Cellar/texlive/20250308_2/share/texmf-dist/tex/latex/graphics/ma
thcolor.ltx)
Package xcolor Info: Model `cmy' substituted by `cmy0' on input line 1349.
Package xcolor Info: Model `hsb' substituted by `rgb' on input line 1353.
Package xcolor Info: Model `RGB' extended on input line 1365.
Package xcolor Info: Model `HTML' substituted by `rgb' on input line 1367.
Package xcolor Info: Model `Hsb' substituted by `hsb' on input line 1368.
Package xcolor Info: Model `tHsb' substituted by `hsb' on input line 1369.
Package xcolor Info: Model `HSB' substituted by `hsb' on input line 1370.
Package xcolor Info: Model `Gray' substituted by `gray' on input line 1371.
Package xcolor Info: Model `wave' substituted by `hsb' on input line 1372.
)
(/opt/homebrew/Cellar/texlive/20250308_2/share/texmf-dist/tex/latex/setspace/se
tspace.sty
Package: setspace 2022/12/04 v6.7b set line spacing
)
(/opt/homebrew/Cellar/texlive/20250308_2/share/texmf-dist/tex/latex/hyperref/hy
perref.sty
Package: hyperref 2024-11-05 v7.01l Hypertext links for LaTeX

(/opt/homebrew/Cellar/texlive/20250308_2/share/texmf-dist/tex/latex/kvsetkeys/k
vsetkeys.sty
Package: kvsetkeys 2022-10-05 v1.19 Key value parser (HO)
)
(/opt/homebrew/Cellar/texlive/20250308_2/share/texmf-dist/tex/generic/kvdefinek
eys/kvdefinekeys.sty
Package: kvdefinekeys 2019-12-19 v1.6 Define keys (HO)
)
(/opt/homebrew/Cellar/texlive/20250308_2/share/texmf-dist/tex/generic/pdfescape
/pdfescape.sty
Package: pdfescape 2019/12/09 v1.15 Implements pdfTeX's escape features (HO)

(/opt/homebrew/Cellar/texlive/20250308_2/share/texmf-dist/tex/generic/ltxcmds/l
txcmds.sty
Package: ltxcmds 2023-12-04 v1.26 LaTeX kernel commands for general use (HO)
)
(/opt/homebrew/Cellar/texlive/20250308_2/share/texmf-dist/tex/generic/pdftexcmd
s/pdftexcmds.sty
Package: pdftexcmds 2020-06-27 v0.33 Utility functions of pdfTeX for LuaTeX (HO
)

(/opt/homebrew/Cellar/texlive/20250308_2/share/texmf-dist/tex/generic/infwarerr
/infwarerr.sty
Package: infwarerr 2019/12/03 v1.5 Providing info/warning/error messages (HO)
)
Package pdftexcmds Info: \pdf@primitive is available.
Package pdftexcmds Info: \pdf@ifprimitive is available.
Package pdftexcmds Info: \pdfdraftmode found.
))
(/opt/homebrew/Cellar/texlive/20250308_2/share/texmf-dist/tex/latex/hycolor/hyc
olor.sty
Package: hycolor 2020-01-27 v1.10 Color options for hyperref/bookmark (HO)
)
(/opt/homebrew/Cellar/texlive/20250308_2/share/texmf-dist/tex/latex/hyperref/na
meref.sty
Package: nameref 2023-11-26 v2.56 Cross-referencing by name of section

(/opt/homebrew/Cellar/texlive/20250308_2/share/texmf-dist/tex/latex/refcount/re
fcount.sty
Package: refcount 2019/12/15 v3.6 Data extraction from label references (HO)
)
(/opt/homebrew/Cellar/texlive/20250308_2/share/texmf-dist/tex/generic/gettitles
tring/gettitlestring.sty
Package: gettitlestring 2019/12/15 v1.6 Cleanup title references (HO)

(/opt/homebrew/Cellar/texlive/20250308_2/share/texmf-dist/tex/latex/kvoptions/k
voptions.sty
Package: kvoptions 2022-06-15 v3.15 Key value format for package options (HO)
))
\c@section@level=\count298
)
(/opt/homebrew/Cellar/texlive/20250308_2/share/texmf-dist/tex/generic/stringenc
/stringenc.sty
Package: stringenc 2019/11/29 v1.12 Convert strings between diff. encodings (HO
)
)
\@linkdim=\dimen176
\Hy@linkcounter=\count299
\Hy@pagecounter=\count300

(/opt/homebrew/Cellar/texlive/20250308_2/share/texmf-dist/tex/latex/hyperref/pd
1enc.def
File: pd1enc.def 2024-11-05 v7.01l Hyperref: PDFDocEncoding definition (HO)
Now handling font encoding PD1 ...
... no UTF-8 mapping file for font encoding PD1
)
(/opt/homebrew/Cellar/texlive/20250308_2/share/texmf-dist/tex/generic/intcalc/i
ntcalc.sty
Package: intcalc 2019/12/15 v1.3 Expandable calculations with integers (HO)
)
\Hy@SavedSpaceFactor=\count301

(/opt/homebrew/Cellar/texlive/20250308_2/share/texmf-dist/tex/latex/hyperref/pu
enc.def
File: puenc.def 2024-11-05 v7.01l Hyperref: PDF Unicode definition (HO)
Now handling font encoding PU ...
... no UTF-8 mapping file for font encoding PU
)
Package hyperref Info: Option `colorlinks' set `true' on input line 4040.
Package hyperref Info: Hyper figures OFF on input line 4157.
Package hyperref Info: Link nesting OFF on input line 4162.
Package hyperref Info: Hyper index ON on input line 4165.
Package hyperref Info: Plain pages OFF on input line 4172.
Package hyperref Info: Backreferencing OFF on input line 4177.
Package hyperref Info: Implicit mode ON; LaTeX internals redefined.
Package hyperref Info: Bookmarks ON on input line 4424.
\c@Hy@tempcnt=\count302

(/opt/homebrew/Cellar/texlive/20250308_2/share/texmf-dist/tex/latex/url/url.sty
\Urlmuskip=\muskip18
Package: url 2013/09/16  ver 3.4  Verb mode for urls, etc.
)
LaTeX Info: Redefining \url on input line 4763.
\XeTeXLinkMargin=\dimen177

(/opt/homebrew/Cellar/texlive/20250308_2/share/texmf-dist/tex/generic/bitset/bi
tset.sty
Package: bitset 2019/12/09 v1.3 Handle bit-vector datatype (HO)

(/opt/homebrew/Cellar/texlive/20250308_2/share/texmf-dist/tex/generic/bigintcal
c/bigintcalc.sty
Package: bigintcalc 2019/12/15 v1.5 Expandable calculations on big integers (HO
)
))
\Fld@menulength=\count303
\Field@Width=\dimen178
\Fld@charsize=\dimen179
Package hyperref Info: Hyper figures OFF on input line 6042.
Package hyperref Info: Link nesting OFF on input line 6047.
Package hyperref Info: Hyper index ON on input line 6050.
Package hyperref Info: backreferencing OFF on input line 6057.
Package hyperref Info: Link coloring ON on input line 6060.
Package hyperref Info: Link coloring with OCG OFF on input line 6067.
Package hyperref Info: PDF/A mode OFF on input line 6072.

(/opt/homebrew/Cellar/texlive/20250308_2/share/texmf-dist/tex/latex/base/atbegs
hi-ltx.sty
Package: atbegshi-ltx 2021/01/10 v1.0c Emulation of the original atbegshi
package with kernel methods
)
\Hy@abspage=\count304
\c@Item=\count305
\c@Hfootnote=\count306
)
Package hyperref Info: Driver (autodetected): hpdftex.

(/opt/homebrew/Cellar/texlive/20250308_2/share/texmf-dist/tex/latex/hyperref/hp
dftex.def
File: hpdftex.def 2024-11-05 v7.01l Hyperref driver for pdfTeX

(/opt/homebrew/Cellar/texlive/20250308_2/share/texmf-dist/tex/latex/base/atvery
end-ltx.sty
Package: atveryend-ltx 2020/08/19 v1.0a Emulation of the original atveryend pac
kage
with kernel methods
)
\Fld@listcount=\count307
\c@bookmark@seq@number=\count308

(/opt/homebrew/Cellar/texlive/20250308_2/share/texmf-dist/tex/latex/rerunfilech
eck/rerunfilecheck.sty
Package: rerunfilecheck 2022-07-10 v1.10 Rerun checks for auxiliary files (HO)

(/opt/homebrew/Cellar/texlive/20250308_2/share/texmf-dist/tex/generic/uniquecou
nter/uniquecounter.sty
Package: uniquecounter 2019/12/15 v1.4 Provide unlimited unique counter (HO)
)
Package uniquecounter Info: New unique counter `rerunfilecheck' on input line 2
85.
)
\Hy@SectionHShift=\skip62
)
\c@theorem=\count309
\c@proposition=\count310
\c@corollary=\count311
\c@lemma=\count312
\c@conjecture=\count313
\c@definition=\count314
\c@assumption=\count315
\c@example=\count316
\c@remark=\count317
LaTeX Font Info:    Trying to load font information for T1+lmr on input line 53
.

(/opt/homebrew/Cellar/texlive/20250308_2/share/texmf-dist/tex/latex/lm/t1lmr.fd
File: t1lmr.fd 2015/05/01 v1.6.1 Font defs for Latin Modern
)
(/opt/homebrew/Cellar/texlive/20250308_2/share/texmf-dist/tex/latex/l3backend/l
3backend-pdftex.def
File: l3backend-pdftex.def 2024-05-08 L3 backend support: PDF output (pdfTeX)
\l__color_backend_stack_int=\count318
\l__pdf_internal_box=\box60
) (./main.aux)
\openout1 = `main.aux'.

LaTeX Font Info:    Checking defaults for OML/cmm/m/it on input line 53.
LaTeX Font Info:    ... okay on input line 53.
LaTeX Font Info:    Checking defaults for OMS/cmsy/m/n on input line 53.
LaTeX Font Info:    ... okay on input line 53.
LaTeX Font Info:    Checking defaults for OT1/cmr/m/n on input line 53.
LaTeX Font Info:    ... okay on input line 53.
LaTeX Font Info:    Checking defaults for T1/cmr/m/n on input line 53.
LaTeX Font Info:    ... okay on input line 53.
LaTeX Font Info:    Checking defaults for TS1/cmr/m/n on input line 53.
LaTeX Font Info:    ... okay on input line 53.
LaTeX Font Info:    Checking defaults for OMX/cmex/m/n on input line 53.
LaTeX Font Info:    ... okay on input line 53.
LaTeX Font Info:    Checking defaults for U/cmr/m/n on input line 53.
LaTeX Font Info:    ... okay on input line 53.
LaTeX Font Info:    Checking defaults for PD1/pdf/m/n on input line 53.
LaTeX Font Info:    ... okay on input line 53.
LaTeX Font Info:    Checking defaults for PU/pdf/m/n on input line 53.
LaTeX Font Info:    ... okay on input line 53.
LaTeX Info: Redefining \microtypecontext on input line 53.
Package microtype Info: Applying patch `item' on input line 53.
Package microtype Info: Applying patch `toc' on input line 53.
Package microtype Info: Applying patch `eqnum' on input line 53.
Package microtype Info: Applying patch `footnote' on input line 53.
Package microtype Info: Applying patch `verbatim' on input line 53.
LaTeX Info: Redefining \microtypesetup on input line 53.
Package microtype Info: Generating PDF output.
Package microtype Info: Character protrusion enabled (level 2).
Package microtype Info: Using default protrusion set `alltext'.
Package microtype Info: Automatic font expansion enabled (level 2),
(microtype)             stretch: 20, shrink: 20, step: 1, non-selected.
Package microtype Info: Using default expansion set `alltext-nott'.
LaTeX Info: Redefining \showhyphens on input line 53.
Package microtype Info: No adjustment of tracking.
Package microtype Info: No adjustment of interword spacing.
Package microtype Info: No adjustment of character kerning.

(/opt/homebrew/Cellar/texlive/20250308_2/share/texmf-dist/tex/latex/microtype/m
t-cmr.cfg
File: mt-cmr.cfg 2013/05/19 v2.2 microtype config. file: Computer Modern Roman 
(RS)
)
*geometry* driver: auto-detecting
*geometry* detected driver: pdftex
*geometry* verbose mode - [ preamble ] result:
* driver: pdftex
* paper: <default>
* layout: <same size as paper>
* layoutoffset:(h,v)=(0.0pt,0.0pt)
* modes: 
* h-part:(L,W,R)=(75.88371pt, 462.52757pt, 75.88371pt)
* v-part:(T,H,B)=(75.88371pt, 643.20256pt, 75.88371pt)
* \paperwidth=614.295pt
* \paperheight=794.96999pt
* \textwidth=462.52757pt
* \textheight=643.20256pt
* \oddsidemargin=3.61372pt
* \evensidemargin=3.61372pt
* \topmargin=-28.26007pt
* \headheight=12.0pt
* \headsep=19.8738pt
* \topskip=11.0pt
* \footskip=27.46295pt
* \marginparwidth=62.0pt
* \marginparsep=7.0pt
* \columnsep=10.0pt
* \skip\footins=10.0pt plus 4.0pt minus 2.0pt
* \hoffset=0.0pt
* \voffset=0.0pt
* \mag=1000
* \@twocolumnfalse
* \@twosidefalse
* \@mparswitchfalse
* \@reversemarginfalse
* (1in=72.27pt=25.4mm, 1cm=28.453pt)


(/opt/homebrew/Cellar/texlive/20250308_2/share/texmf-dist/tex/context/base/mkii
/supp-pdf.mkii
[Loading MPS to PDF converter (version 2006.09.02).]
\scratchcounter=\count319
\scratchdimen=\dimen180
\scratchbox=\box61
\nofMPsegments=\count320
\nofMParguments=\count321
\everyMPshowfont=\toks33
\MPscratchCnt=\count322
\MPscratchDim=\dimen181
\MPnumerator=\count323
\makeMPintoPDFobject=\count324
\everyMPtoPDFconversion=\toks34
)
(/opt/homebrew/Cellar/texlive/20250308_2/share/texmf-dist/tex/latex/epstopdf-pk
g/epstopdf-base.sty
Package: epstopdf-base 2020-01-24 v2.11 Base part for package epstopdf
Package epstopdf-base Info: Redefining graphics rule for `.eps' on input line 4
85.

(/opt/homebrew/Cellar/texlive/20250308_2/share/texmf-dist/tex/latex/latexconfig
/epstopdf-sys.cfg
File: epstopdf-sys.cfg 2010/07/13 v1.3 Configuration of (r)epstopdf for TeX Liv
e
))
Package hyperref Info: Link coloring ON on input line 53.
 (./main.out) (./main.out)
\@outlinefile=\write3
\openout3 = `main.out'.

 (./frontmatter.tex
LaTeX Font Info:    Trying to load font information for OT1+lmr on input line 3
6.

(/opt/homebrew/Cellar/texlive/20250308_2/share/texmf-dist/tex/latex/lm/ot1lmr.f
d
File: ot1lmr.fd 2015/05/01 v1.6.1 Font defs for Latin Modern
)
LaTeX Font Info:    Trying to load font information for OML+lmm on input line 3
6.

(/opt/homebrew/Cellar/texlive/20250308_2/share/texmf-dist/tex/latex/lm/omllmm.f
d
File: omllmm.fd 2015/05/01 v1.6.1 Font defs for Latin Modern
)
LaTeX Font Info:    Trying to load font information for OMS+lmsy on input line 
36.

(/opt/homebrew/Cellar/texlive/20250308_2/share/texmf-dist/tex/latex/lm/omslmsy.
fd
File: omslmsy.fd 2015/05/01 v1.6.1 Font defs for Latin Modern
)
LaTeX Font Info:    Trying to load font information for OMX+lmex on input line 
36.

(/opt/homebrew/Cellar/texlive/20250308_2/share/texmf-dist/tex/latex/lm/omxlmex.
fd
File: omxlmex.fd 2015/05/01 v1.6.1 Font defs for Latin Modern
)
LaTeX Font Info:    External font `lmex10' loaded for size
(Font)              <10.95> on input line 36.
LaTeX Font Info:    External font `lmex10' loaded for size
(Font)              <8> on input line 36.
LaTeX Font Info:    External font `lmex10' loaded for size
(Font)              <6> on input line 36.
LaTeX Font Info:    Trying to load font information for U+msa on input line 36.


(/opt/homebrew/Cellar/texlive/20250308_2/share/texmf-dist/tex/latex/amsfonts/um
sa.fd
File: umsa.fd 2013/01/14 v3.01 AMS symbols A
)
(/opt/homebrew/Cellar/texlive/20250308_2/share/texmf-dist/tex/latex/microtype/m
t-msa.cfg
File: mt-msa.cfg 2006/02/04 v1.1 microtype config. file: AMS symbols (a) (RS)
)
LaTeX Font Info:    Trying to load font information for U+msb on input line 36.


(/opt/homebrew/Cellar/texlive/20250308_2/share/texmf-dist/tex/latex/amsfonts/um
sb.fd
File: umsb.fd 2013/01/14 v3.01 AMS symbols B
)
(/opt/homebrew/Cellar/texlive/20250308_2/share/texmf-dist/tex/latex/microtype/m
t-msb.cfg
File: mt-msb.cfg 2005/06/01 v1.0 microtype config. file: AMS symbols (b) (RS)
)

[1



{/opt/homebrew/Cellar/texlive/20250308_2/share/texmf-dist/fonts/map/pdftex/updm
ap/pdftex.map}{/opt/homebrew/Cellar/texlive/20250308_2/share/texmf-dist/fonts/e
nc/dvips/lm/lm-ec.enc}]
Package microtype Info: Character `029' is missing
(microtype)             in font `T1/lmr/m/sc/10.95'.
(microtype)             Ignoring protrusion settings for this character.



pdfTeX warning (ext4): destination with the same identifier (name{page.i}) has 
been already used, duplicate ignored
<to be read again> 
                   \relax 
l.76 \chapter
             *{How to Read This Manuscript} [1

]

LaTeX Font Warning: Font shape `T1/lmr/bx/sc' undefined
(Font)              using `T1/lmr/bx/n' instead on input line 134.



[2

{/opt/homebrew/Cellar/texlive/20250308_2/share/texmf-dist/fonts/enc/dvips/lm/lm
-rm.enc}{/opt/homebrew/Cellar/texlive/20250308_2/share/texmf-dist/fonts/enc/dvi
ps/lm/lm-mathit.enc}{/opt/homebrew/Cellar/texlive/20250308_2/share/texmf-dist/f
onts/enc/dvips/lm/lm-mathsy.enc}])

[3] (./main.toc

[4

]
LaTeX Font Info:    Trying to load font information for T1+lmtt on input line 1
16.

(/opt/homebrew/Cellar/texlive/20250308_2/share/texmf-dist/tex/latex/lm/t1lmtt.f
d
File: t1lmtt.fd 2015/05/01 v1.6.1 Font defs for Latin Modern
)
Package microtype Info: Loading generic protrusion settings for font family
(microtype)             `lmtt' (encoding: T1).
(microtype)             For optimal results, create family-specific settings.
(microtype)             See the microtype manual for details.


[5]

[6]

[7]

[8])
\tf@toc=\write4
\openout4 = `main.toc'.



[9] (./main.lof

[10

{/opt/homebrew/Cellar/texlive/20250308_2/share/texmf-dist/fonts/enc/dvips/lm/lm
-mathex.enc}]
Overfull \hbox (33.68745pt too wide) in paragraph at lines 22--22
 \T1/lmtt/m/n/10.95 kbound_harmful_results.json\T1/lmr/m/n/10.95 (-20) , \T1/lm
tt/m/n/10.95 mixed_regime_results.json\T1/lmr/m/n/10.95 (-20) , \T1/lmtt/m/n/10
.95 rigor_multiseed.json\T1/lmr/m/n/10.95 (-20) , 
 []


Overfull \hbox (2.52138pt too wide) in paragraph at lines 26--26
 \T1/lmr/m/n/10.95 (-20) help-ful, freeze on harm-ful, ab-stain on marginal. So
urce: \T1/lmtt/m/n/10.95 decisive_tta_results.json\T1/lmr/m/n/10.95 (-20) .[][]
 [][]  
 []



[11]
Overfull \hbox (91.24228pt too wide) in paragraph at lines 29--29
 [][] [][][]\T1/lmr/m/n/10.95 (-20) TTA col-lapse regime: \T1/lmr/m/sc/10.95 (-
20) KGA \T1/lmr/m/n/10.95 (-20) de-ci-sion pat-tern on the col-lapse bench-mark
 (\T1/lmtt/m/n/10.95 tta_collapse_results.json\T1/lmr/m/n/10.95 (-20) ). 
 []



[12])
\tf@lof=\write5
\openout5 = `main.lof'.



[13] (./main.lot
Overfull \hbox (250.81564pt too wide) in paragraph at lines 8--8
 [][] [][][]\T1/lmr/m/n/10.95 (-20) Anytime-valid cer-tifi-cate val-i-da-tion, 
ex-actly as recorded in \T1/lmtt/m/n/10.95 experiments/kbound/theory_validation
/val_thm3_evalue_results.json 
 []


Overfull \hbox (32.67233pt too wide) in paragraph at lines 13--13
 [][] [][][]\T1/lmr/m/sc/10.95 (-20) KGA \T1/lmr/m/n/10.95 (-20) de-ci-sions an
d safety on the clean 123-task suite (source: \T1/lmtt/m/n/10.95 knowability_re
sults.json\T1/lmr/m/n/10.95 (-20) , 
 []


Overfull \hbox (60.72522pt too wide) in paragraph at lines 16--16
 [][] [][][]\T1/lmr/m/n/10.95 (-20) Policy mean AU-ROC in the mixed regime (369
 in-stances). Source: \T1/lmtt/m/n/10.95 mixed_regime_results.json\T1/lmr/m/n/1
0.95 (-20) , 
 []



[14

]
Overfull \hbox (21.75499pt too wide) in paragraph at lines 19--19
 [][] [][][]$\OML/lmm/m/it/10.95 $ \T1/lmr/m/n/10.95 (-20) sweep: cov-er-age a
nd false-adapt rate at four con-for-mal lev-els. Source: \T1/lmtt/m/n/10.95 abl
ations.json\T1/lmr/m/n/10.95 (-20) , 
 []



[15]
Overfull \hbox (29.02548pt too wide) in paragraph at lines 39--39
 [][] [][][]\T1/lmr/m/n/10.95 (-20) Regression covariate-shift ex-per-i-ment: f
ull met-rics. Source: \T1/lmtt/m/n/10.95 regression_covariate.json\T1/lmr/m/n/1
0.95 (-20) . 
 []


Overfull \hbox (85.26578pt too wide) in paragraph at lines 44--44
 [][] [][][]\T1/lmr/m/n/10.95 (-20) Knowability tri-chotomy suite (clean, 123 t
asks): com-plete met-rics. Source: \T1/lmtt/m/n/10.95 knowability_results.json\
T1/lmr/m/n/10.95 (-20) .[][] [][]  
 []

)
\tf@lot=\write6
\openout6 = `main.lot'.



[16] (./chapters/ch01_introduction.tex
Chapter 1.


[1


]

[2]
Overfull \hbox (50.3833pt too wide) in paragraph at lines 164--172
 []\T1/lmr/bx/sc/10.95 (-20) Contribution 1: For-mal-iza-tion of the knowa-bil-
ity tri-chotomy.[] \T1/lmr/m/n/10.95 (-20) We in-tro-duce the adapt/freeze/abst
ain
 []



[3]

[4]

[5]) (./chapters/ch02_related.tex

[6]

[7]
Chapter 2.


[8

]

[9]

[10]

[11]

[12]

[13]

[14]

[15]

[16]
LaTeX Font Info:    External font `lmex10' loaded for size
(Font)              <10> on input line 526.
LaTeX Font Info:    External font `lmex10' loaded for size
(Font)              <7> on input line 526.
LaTeX Font Info:    External font `lmex10' loaded for size
(Font)              <5> on input line 526.
LaTeX Font Info:    Trying to load font information for TS1+lmr on input line 5
59.

(/opt/homebrew/Cellar/texlive/20250308_2/share/texmf-dist/tex/latex/lm/ts1lmr.f
d
File: ts1lmr.fd 2015/05/01 v1.6.1 Font defs for Latin Modern
)

[17{/opt/homebrew/Cellar/texlive/20250308_2/share/texmf-dist/fonts/enc/dvips/lm
/lm-ts1.enc}]) (./chapters/ch03_formulation.tex

[18]
Chapter 3.


[19

]

[20]

[21]
<../figures/fig_phase_diagram.png, id=1799, 713.867pt x 536.8055pt>
File: ../figures/fig_phase_diagram.png Graphic file (type png)
<use ../figures/fig_phase_diagram.png>
Package pdftex.def Info: ../figures/fig_phase_diagram.png  used on input line 2
07.
(pdftex.def)             Requested size: 393.15125pt x 295.6453pt.


[22]

[23]
<../figures/fig_decision_flow.png, id=1839, 505.89pt x 187.902pt>
File: ../figures/fig_decision_flow.png Graphic file (type png)
<use ../figures/fig_decision_flow.png>
Package pdftex.def Info: ../figures/fig_decision_flow.png  used on input line 3
28.
(pdftex.def)             Requested size: 370.02347pt x 137.43968pt.


[24]

[25]

[26]
Overfull \hbox (45.516pt too wide) in paragraph at lines 539--567
 [][] 
 []

) (./chapters/ch04_theory_impossibility.tex

[27]

[28 <../figures/fig_phase_diagram.png>]

[29 <../figures/fig_decision_flow.png>]
Chapter 4.


[30

]

LaTeX Font Warning: Font shape `T1/lmr/m/scit' undefined
(Font)              using `T1/lmr/m/scsl' instead on input line 61.


LaTeX Font Warning: Font shape `T1/lmr/m/scit' undefined
(Font)              using `T1/lmr/m/scsl' instead on input line 61.


LaTeX Font Warning: Font shape `T1/lmr/m/scit' undefined
(Font)              using `T1/lmr/m/scsl' instead on input line 61.


LaTeX Font Warning: Font shape `T1/lmr/m/scit' undefined
(Font)              using `T1/lmr/m/scsl' instead on input line 69.




Overfull \hbox (58.77971pt too wide) has occurred while \output is active
\T1/lmr/m/sl/10.95 CHAPTER 4.  THE UNKNOWABLE REGIME: NON-IDENTIFIABILITY AND T
HE MINIMAX FLOOR \T1/lmr/m/n/10.95 31
 []

[31]
Overfull \hbox (1.85501pt too wide) in paragraph at lines 139--154
[]\T1/lmr/m/it/10.95 (-20) Step 4 (no si-mul-ta-ne-ous cor-rect-ness, and the w
orst-case-optimal ac-tion). \T1/lmr/m/n/10.95 (-20) The benefit-maximizing
 []




Overfull \hbox (58.77971pt too wide) has occurred while \output is active
\T1/lmr/m/sl/10.95 CHAPTER 4.  THE UNKNOWABLE REGIME: NON-IDENTIFIABILITY AND T
HE MINIMAX FLOOR \T1/lmr/m/n/10.95 32
 []

[32]


Overfull \hbox (58.77971pt too wide) has occurred while \output is active
\T1/lmr/m/sl/10.95 CHAPTER 4.  THE UNKNOWABLE REGIME: NON-IDENTIFIABILITY AND T
HE MINIMAX FLOOR \T1/lmr/m/n/10.95 33
 []

[33]
Overfull \hbox (32.82245pt too wide) in paragraph at lines 262--290
[]\T1/lmr/m/n/10.95 (-20) The repos-i-tory's the-o-rem val-ida-tor (\T1/lmtt/m/
n/10.95 experiments/kbound/theory_validation/val_thm1_lecam.py\T1/lmr/m/n/10.95
 (-20) ,
 []

<../figures/fig_witness_clean.png, id=1989, 433.62pt x 289.08pt>
File: ../figures/fig_witness_clean.png Graphic file (type png)
<use ../figures/fig_witness_clean.png>
Package pdftex.def Info: ../figures/fig_witness_clean.png  used on input line 2
92.
(pdftex.def)             Requested size: 333.02042pt x 222.02325pt.



Overfull \hbox (58.77971pt too wide) has occurred while \output is active
\T1/lmr/m/sl/10.95 CHAPTER 4.  THE UNKNOWABLE REGIME: NON-IDENTIFIABILITY AND T
HE MINIMAX FLOOR \T1/lmr/m/n/10.95 34
 []

[34]


Overfull \hbox (58.77971pt too wide) has occurred while \output is active
\T1/lmr/m/sl/10.95 CHAPTER 4.  THE UNKNOWABLE REGIME: NON-IDENTIFIABILITY AND T
HE MINIMAX FLOOR \T1/lmr/m/n/10.95 35
 []

[35 <../figures/fig_witness_clean.png>]

LaTeX Font Warning: Font shape `T1/lmr/m/scit' undefined
(Font)              using `T1/lmr/m/scsl' instead on input line 384.


LaTeX Font Warning: Font shape `T1/lmr/m/scit' undefined
(Font)              using `T1/lmr/m/scsl' instead on input line 384.


LaTeX Font Warning: Font shape `T1/lmr/m/scit' undefined
(Font)              using `T1/lmr/m/scsl' instead on input line 385.


LaTeX Font Warning: Font shape `T1/lmr/m/scit' undefined
(Font)              using `T1/lmr/m/scsl' instead on input line 385.


LaTeX Font Warning: Font shape `T1/lmr/m/scit' undefined
(Font)              using `T1/lmr/m/scsl' instead on input line 393.




Overfull \hbox (58.77971pt too wide) has occurred while \output is active
\T1/lmr/m/sl/10.95 CHAPTER 4.  THE UNKNOWABLE REGIME: NON-IDENTIFIABILITY AND T
HE MINIMAX FLOOR \T1/lmr/m/n/10.95 36
 []

[36]


Overfull \hbox (58.77971pt too wide) has occurred while \output is active
\T1/lmr/m/sl/10.95 CHAPTER 4.  THE UNKNOWABLE REGIME: NON-IDENTIFIABILITY AND T
HE MINIMAX FLOOR \T1/lmr/m/n/10.95 37
 []

[37]
<../figures/fig_lecam_bound.png, id=2028, 433.62pt x 289.08pt>
File: ../figures/fig_lecam_bound.png Graphic file (type png)
<use ../figures/fig_lecam_bound.png>
Package pdftex.def Info: ../figures/fig_lecam_bound.png  used on input line 530
.
(pdftex.def)             Requested size: 305.26988pt x 203.52353pt.



Overfull \hbox (58.77971pt too wide) has occurred while \output is active
\T1/lmr/m/sl/10.95 CHAPTER 4.  THE UNKNOWABLE REGIME: NON-IDENTIFIABILITY AND T
HE MINIMAX FLOOR \T1/lmr/m/n/10.95 38
 []

[38]

LaTeX Font Warning: Font shape `T1/lmr/m/scit' undefined
(Font)              using `T1/lmr/m/scsl' instead on input line 573.




Overfull \hbox (58.77971pt too wide) has occurred while \output is active
\T1/lmr/m/sl/10.95 CHAPTER 4.  THE UNKNOWABLE REGIME: NON-IDENTIFIABILITY AND T
HE MINIMAX FLOOR \T1/lmr/m/n/10.95 39
 []

[39 <../figures/fig_lecam_bound.png>]


Overfull \hbox (58.77971pt too wide) has occurred while \output is active
\T1/lmr/m/sl/10.95 CHAPTER 4.  THE UNKNOWABLE REGIME: NON-IDENTIFIABILITY AND T
HE MINIMAX FLOOR \T1/lmr/m/n/10.95 40
 []

[40]
Overfull \hbox (106.86842pt too wide) in paragraph at lines 698--716
\T1/lmr/m/n/10.95 (-20) Because The-o-rem [][]4.3[][] is an ex-act iden-tity, i
ts val-ida-tor (\T1/lmtt/m/n/10.95 experiments/kbound/theory_validation/val_thm
2_regret.py
 []




Overfull \hbox (58.77971pt too wide) has occurred while \output is active
\T1/lmr/m/sl/10.95 CHAPTER 4.  THE UNKNOWABLE REGIME: NON-IDENTIFIABILITY AND T
HE MINIMAX FLOOR \T1/lmr/m/n/10.95 41
 []

[41]
<../figures/fig_regret_decomposition.png, id=2068, 404.712pt x 289.08pt>
File: ../figures/fig_regret_decomposition.png Graphic file (type png)
<use ../figures/fig_regret_decomposition.png>
Package pdftex.def Info: ../figures/fig_regret_decomposition.png  used on input
 line 732.
(pdftex.def)             Requested size: 286.76483pt x 204.8424pt.



Overfull \hbox (58.77971pt too wide) has occurred while \output is active
\T1/lmr/m/sl/10.95 CHAPTER 4.  THE UNKNOWABLE REGIME: NON-IDENTIFIABILITY AND T
HE MINIMAX FLOOR \T1/lmr/m/n/10.95 42
 []

[42 <../figures/fig_regret_decomposition.png>]


Overfull \hbox (58.77971pt too wide) has occurred while \output is active
\T1/lmr/m/sl/10.95 CHAPTER 4.  THE UNKNOWABLE REGIME: NON-IDENTIFIABILITY AND T
HE MINIMAX FLOOR \T1/lmr/m/n/10.95 43
 []

[43]) (./chapters/ch05_theory_certificates.tex


Overfull \hbox (58.77971pt too wide) has occurred while \output is active
\T1/lmr/m/sl/10.95 CHAPTER 4.  THE UNKNOWABLE REGIME: NON-IDENTIFIABILITY AND T
HE MINIMAX FLOOR \T1/lmr/m/n/10.95 44
 []

[44]
Chapter 5.


[45

]

[46]

LaTeX Font Warning: Font shape `T1/lmr/m/scit' undefined
(Font)              using `T1/lmr/m/scsl' instead on input line 123.


LaTeX Font Warning: Font shape `T1/lmr/m/scit' undefined
(Font)              using `T1/lmr/m/scsl' instead on input line 124.


LaTeX Font Warning: Font shape `T1/lmr/m/scit' undefined
(Font)              using `T1/lmr/m/scsl' instead on input line 125.


LaTeX Font Warning: Font shape `T1/lmr/m/scit' undefined
(Font)              using `T1/lmr/m/scsl' instead on input line 127.


LaTeX Font Warning: Font shape `T1/lmr/m/scit' undefined
(Font)              using `T1/lmr/m/scsl' instead on input line 128.



[47]

[48]
Overfull \hbox (46.85385pt too wide) in paragraph at lines 248--262
\T1/lmr/m/n/10.95 (-20) repos-i-tory's \T1/lmtt/m/n/10.95 switching_certificate
.py \T1/lmr/m/n/10.95 (-20) and re-exported as \T1/lmtt/m/n/10.95 kga/certifica
te.py::empirical_bernstein
 []



[49]

LaTeX Font Warning: Font shape `T1/lmr/m/scit' undefined
(Font)              using `T1/lmr/m/scsl' instead on input line 304.


LaTeX Font Warning: Font shape `T1/lmr/m/scit' undefined
(Font)              using `T1/lmr/m/scsl' instead on input line 339.


LaTeX Font Warning: Font shape `T1/lmr/m/scit' undefined
(Font)              using `T1/lmr/m/scsl' instead on input line 339.



[50]

[51]
<../figures/fig_certificate.png, id=2202, 505.89pt x 303.534pt>
File: ../figures/fig_certificate.png Graphic file (type png)
<use ../figures/fig_certificate.png>
Package pdftex.def Info: ../figures/fig_certificate.png  used on input line 438
.
(pdftex.def)             Requested size: 360.77094pt x 216.46474pt.
<../figures/fig_false_adapt.png, id=2209, 361.35pt x 289.08pt>
File: ../figures/fig_false_adapt.png Graphic file (type png)
<use ../figures/fig_false_adapt.png>
Package pdftex.def Info: ../figures/fig_false_adapt.png  used on input line 451
.
(pdftex.def)             Requested size: 254.39157pt x 203.51471pt.


[52 <../figures/fig_certificate.png>]

[53 <../figures/fig_false_adapt.png>]

LaTeX Font Warning: Font shape `T1/lmr/m/scit' undefined
(Font)              using `T1/lmr/m/scsl' instead on input line 555.


LaTeX Font Warning: Font shape `T1/lmr/m/scit' undefined
(Font)              using `T1/lmr/m/scsl' instead on input line 555.


LaTeX Font Warning: Font shape `T1/lmr/m/scit' undefined
(Font)              using `T1/lmr/m/scsl' instead on input line 556.


Overfull \hbox (12.54858pt too wide) in paragraph at lines 551--559
[][]\T1/lmr/bx/sc/10.95 (-20) Theorem 5.2 \T1/lmr/m/n/10.95 (-20) (Any-time--va
lid adapt/freeze/abstain cer-tifi-cate)\T1/lmr/bx/sc/10.95 (-20) . []\T1/lmr/m/
it/10.95 (-20) Let paired ben-e-fits $\OML/lmm/m/it/10.95 X[] \OT1/lmr/m/n/10.9
5 (-20) = \OML/lmm/m/it/10.95 `\OT1/lmr/m/n/10.95 (-20) (\OML/lmm/m/it/10.95 f[
]\OT1/lmr/m/n/10.95 (-20) (\OML/lmm/m/it/10.95 x[]\OT1/lmr/m/n/10.95 (-20) )\OM
L/lmm/m/it/10.95 ; y[]\OT1/lmr/m/n/10.95 (-20) ) \OMS/lmsy/m/n/10.95 ^^@
 []



[54]

[55]
Overfull \hbox (145.59203pt too wide) in paragraph at lines 627--638
\T1/lmr/m/n/10.95 (-20) Theorem [][]5.2[][] ships with a machine-checked nu-mer
-i-cal val-ida-tor, \T1/lmtt/m/n/10.95 experiments/kbound/theory_validation/val
_thm3_evalue.py
 []


Underfull \hbox (badness 10000) in paragraph at lines 659--659
[]\T1/lmr/m/n/10.95 (+20) Table 5.1: []Anytime-valid cer-tifi-cate val-i-da-tio
n, ex-actly as recorded in
 []



[56]
<../figures/fig_alpha_coverage.png, id=2264, 361.35pt x 274.626pt>
File: ../figures/fig_alpha_coverage.png Graphic file (type png)
<use ../figures/fig_alpha_coverage.png>
Package pdftex.def Info: ../figures/fig_alpha_coverage.png  used on input line 
698.
(pdftex.def)             Requested size: 277.51936pt x 210.91371pt.


[57 <../figures/fig_alpha_coverage.png>]
Overfull \hbox (48.79141pt too wide) detected at line 745
\OML/lmm/m/it/10.95 R[]\OT1/lmr/m/n/10.95 (\OML/lmm/m/it/10.95 f\OT1/lmr/m/n/10
.95 ) = \U/msb/m/n/10.95 E[][]\OML/lmm/m/it/10.95 `\OT1/lmr/m/n/10.95 (\OML/lmm
/m/it/10.95 f\OT1/lmr/m/n/10.95 (\OML/lmm/m/it/10.95 X\OT1/lmr/m/n/10.95 )\OML/
lmm/m/it/10.95 ; Y\OT1/lmr/m/n/10.95 )[] =  []   [] \OML/lmm/m/it/10.95 `\OT1/l
mr/m/n/10.95 (\OML/lmm/m/it/10.95 f\OT1/lmr/m/n/10.95 (\OML/lmm/m/it/10.95 x\OT
1/lmr/m/n/10.95 )\OML/lmm/m/it/10.95 ; y\OT1/lmr/m/n/10.95 ) \OML/lmm/m/it/10.9
5 p[]\OT1/lmr/m/n/10.95 (\OML/lmm/m/it/10.95 y \OMS/lmsy/m/n/10.95 j \OML/lmm/m
/it/10.95 x\OT1/lmr/m/n/10.95 ) \OML/lmm/m/it/10.95 p[]\OT1/lmr/m/n/10.95 (\OML
/lmm/m/it/10.95 x\OT1/lmr/m/n/10.95 ) \OML/lmm/m/it/10.95 dy dx \OT1/lmr/m/n/10
.95 =  []   [] \OML/lmm/m/it/10.95 `\OT1/lmr/m/n/10.95 (\OML/lmm/m/it/10.95 f\O
T1/lmr/m/n/10.95 (\OML/lmm/m/it/10.95 x\OT1/lmr/m/n/10.95 )\OML/lmm/m/it/10.95 
; y\OT1/lmr/m/n/10.95 ) \OML/lmm/m/it/10.95 p[]\OT1/lmr/m/n/10.95 (\OML/lmm/m/i
t/10.95 y \OMS/lmsy/m/n/10.95 j \OML/lmm/m/it/10.95 x\OT1/lmr/m/n/10.95 ) [] \O
ML/lmm/m/it/10.95 p[]\OT1/lmr/m/n/10.95 (\OML/lmm/m/it/10.95 x\OT1/lmr/m/n/10.9
5 ) \OML/lmm/m/it/10.95 dy dx;
 []



[58]
Overfull \hbox (37.51778pt too wide) in paragraph at lines 820--835
 [][] 
 []



[59]

[60]

[61]

[62]

[63]

[64]

LaTeX Font Warning: Font shape `T1/lmr/m/scit' undefined
(Font)              using `T1/lmr/m/scsl' instead on input line 1155.



[65]
Underfull \hbox (badness 10000) in paragraph at lines 1230--1230
[]\T1/lmr/m/n/10 (+20) Matched ev-i-dence
 []


Underfull \hbox (badness 10000) in paragraph at lines 1230--1230
[]\T1/lmr/m/n/10 (+20) Thm [][]4.1[][];
 []


Underfull \hbox (badness 1442) in paragraph at lines 1231--1232
[]\T1/lmr/m/n/10 (+20) no label-free rule cer-ti-fies
 []


Underfull \hbox (badness 10000) in paragraph at lines 1236--1236
[]\T1/lmr/m/n/10 (+20) Thm [][]5.1[][];
 []


Underfull \hbox (badness 2310) in paragraph at lines 1239--1241
[]\T1/lmr/m/n/10 (+20) mixed regime: false-adapt
 []


Underfull \hbox (badness 10000) in paragraph at lines 1244--1246
[]\T1/lmr/m/n/10 (+20) worst any-time false-
 []


Underfull \hbox (badness 10000) in paragraph at lines 1244--1246
\T1/lmr/m/n/10 (+20) adapt $\OT1/lmr/m/n/10 (+20) 0\OML/lmm/m/it/10 :\OT1/lmr/m
/n/10 (+20) 0626 \OMS/lmsy/m/n/10 ^^T \OT1/lmr/m/n/10 (+20) 0\OML/lmm/m/it/10 :
\OT1/lmr/m/n/10 (+20) 1$
 []


Overfull \hbox (23.9449pt too wide) in paragraph at lines 1244--1246
\T1/lmr/m/n/10 (-20) (\T1/lmtt/m/n/10 val_thm3_evalue_results.json\T1/lmr/m/n/1
0 (-20) )| 
 []


Underfull \hbox (badness 2310) in paragraph at lines 1248--1248
[]$\OT1/lmr/m/n/10 (+20) ^^A$ \T1/lmr/m/n/10 (+20) and $[] \OT1/lmr/m/n/10 (+20
) ^^A$ \T1/lmr/m/n/10 (+20) iden-ti-fi-able
 []


Underfull \hbox (badness 1132) in paragraph at lines 1249--1251
[]\T1/lmr/m/n/10 (+20) regression demo: sign cor-
 []


Underfull \hbox (badness 3386) in paragraph at lines 1249--1251
\T1/lmr/m/n/10 (+20) rect un-der co-vari-ate shift,
 []


Underfull \hbox (badness 10000) in paragraph at lines 1249--1251
\T1/lmr/m/n/10 (+20) flips un-der con-cept shift
 []


Underfull \hbox (badness 1466) in paragraph at lines 1254--1256
\T1/lmr/m/n/10 (+20) agree-ment over $\OT1/lmr/m/n/10 (+20) 4000$ \T1/lmr/m/n/1
0 (+20) tri-als
 []


Underfull \hbox (badness 1210) in paragraph at lines 1257--1257
[]\T1/lmr/m/n/10 (+20) Multiclass / re-gres-
 []


Underfull \hbox (badness 10000) in paragraph at lines 1257--1258
[]\T1/lmr/m/n/10 (+20) Conj. [][]5.1[][]
 []


Underfull \hbox (badness 10000) in paragraph at lines 1257--1258
\T1/lmr/m/n/10 (+20) (open);
 []


Underfull \hbox (badness 10000) in paragraph at lines 1257--1258
\T1/lmr/m/n/10 (+20) Prop. [][]5.2[][]
 []


Overfull \hbox (34.44487pt too wide) in paragraph at lines 1261--1263
\T1/lmr/m/n/10 (-20) (\T1/lmtt/m/n/10 results_conj1_caltransfer.json\T1/lmr/m/n
/10 (-20) )| 
 []


Overfull \hbox (1.74438pt too wide) in paragraph at lines 1226--1267
 [][] 
 []

) (./chapters/ch06_kga.tex

[66]

[67]
Chapter 6.


[68

]
<../figures/fig_architecture.pdf, id=2410, 961.19098pt x 650.43pt>
File: ../figures/fig_architecture.pdf Graphic file (type pdf)
<use ../figures/fig_architecture.pdf>
Package pdftex.def Info: ../figures/fig_architecture.pdf  used on input line 55
.
(pdftex.def)             Requested size: 462.52757pt x 312.98691pt.


[69 <../figures/fig_architecture.pdf>]

[70]
Overfull \hbox (497.39737pt too wide) in paragraph at lines 154--160
[]\T1/lmr/m/n/10.95 (-20) The fixed-order fea-ture vec-tor \T1/lmtt/m/n/10.95 E
vidence.to_vector() \T1/lmr/m/n/10.95 (-20) con-cate-nates $\OT1/lmr/m/n/10.95 
(-20) [[]\OML/lmm/m/it/10.95 ;  [];  [];  [];  [];  [];  [];  [];  [];  []\OT1/
lmr/m/n/10.95 (-20) ]$
 []

LaTeX Font Info:    Font shape `T1/lmtt/bx/n' in size <12> not available
(Font)              Font shape `T1/lmtt/b/n' tried instead on input line 190.


[71]
Overfull \hbox (42.1295pt too wide) in paragraph at lines 244--250
\T1/lmr/m/n/10.95 (-20) tion \T1/lmtt/m/n/10.95 conformal_split(delta_hat, cali
b_residuals, alpha) \T1/lmr/m/n/10.95 (-20) is called in \T1/lmtt/m/n/10.95 kno
wability_experiment.py
 []



[72]
Overfull \hbox (180.95975pt too wide) in paragraph at lines 282--285
\T1/lmr/m/n/10.95 (-20) This is The-o-rem [][]5.2[][] (any-time cer-tifi-cate).
 The im-ple-men-ta-tion mir-rors \T1/lmtt/m/n/10.95 experiments/kbound/theory_v
alidation/val_thm3_evalue.py
 []


LaTeX Font Warning: Font shape `T1/lmr/m/scit' undefined
(Font)              using `T1/lmr/m/scsl' instead on input line 320.


LaTeX Font Warning: Font shape `T1/lmr/m/scit' undefined
(Font)              using `T1/lmr/m/scsl' instead on input line 324.



[73]
LaTeX Font Info:    Font shape `T1/lmtt/bx/n' in size <14.4> not available
(Font)              Font shape `T1/lmtt/b/n' tried instead on input line 339.
LaTeX Font Info:    Font shape `T1/lmtt/bx/n' in size <10.95> not available
(Font)              Font shape `T1/lmtt/b/n' tried instead on input line 362.


[74]

[75]
Underfull \hbox (badness 10000) in paragraph at lines 485--485

 []


Underfull \hbox (badness 1009) in paragraph at lines 485--485
[]\T1/lmr/bx/sc/10 (+20) Certify: \T1/lmr/m/n/10 (+20) ob-tain $[]$ from the be
n-e-fit es-ti-ma-tor; call \T1/lmtt/m/n/10 kga.certify(scores=...) \T1/lmr/m/n/
10 (+20) or
 []

Package microtype Info: Character `029' is missing
(microtype)             in font `T1/lmr/m/sc/10'.
(microtype)             Ignoring protrusion settings for this character.


[76]
Overfull \hbox (65.52322pt too wide) in paragraph at lines 540--543
\T1/lmr/m/n/10.95 (-20) The pro-duc-tion API serves \T1/lmr/m/sc/10.95 (-20) KG
A \T1/lmr/m/n/10.95 (-20) de-ci-sions over HTTP through the routes de-fined in 
\T1/lmtt/m/n/10.95 deploy/api/kga_routes.py\T1/lmr/m/n/10.95 (-20) ,
 []


Overfull \hbox (41.98117pt too wide) in paragraph at lines 562--568
\T1/lmr/m/n/10.95 (-20) All non-finite in-puts are re-jected with \T1/lmtt/m/n/
10.95 HTTP 400\T1/lmr/m/n/10.95 (-20) . The re-sponse car-ries the de-ci-sion (
\T1/lmtt/m/n/10.95 ADAPT\T1/lmr/m/n/10.95 (-20) /\T1/lmtt/m/n/10.95 FREEZE\T1/l
mr/m/n/10.95 (-20) /\T1/lmtt/m/n/10.95 ABSTAIN\T1/lmr/m/n/10.95 (-20) ),
 []



[77]
File: ../figures/fig_decision_flow.png Graphic file (type png)
<use ../figures/fig_decision_flow.png>
Package pdftex.def Info: ../figures/fig_decision_flow.png  used on input line 5
85.
(pdftex.def)             Requested size: 462.52757pt x 171.7996pt.


[78]) (./chapters/ch07_experiments_anomaly.tex

[79]
Chapter 7.

Overfull \hbox (209.1764pt too wide) in paragraph at lines 37--43
\T1/lmr/m/n/10.95 (-20) held from $\OML/lmm/m/it/10.95 Z$ \T1/lmr/m/n/10.95 (-2
0) com-pu-ta-tion: the ev-i-dence vec-tor $\OML/lmm/m/it/10.95 Z \OT1/lmr/m/n/1
0.95 (-20) = ([]\OML/lmm/m/it/10.95 ; []; []; []; []; []; []; []; []\OT1/lmr/m/
n/10.95 (-20) )$
 []



[80

]

[81]
Underfull \hbox (badness 10000) in paragraph at lines 101--101
[]\T1/lmr/m/n/10.95 (+20) Table 7.1: []\T1/lmr/m/sc/10.95 (+20) KGA \T1/lmr/m/n
/10.95 (+20) de-ci-sions and safety on the clean 123-task suite (source:
 []



[82]
Overfull \hbox (63.40993pt too wide) in paragraph at lines 181--191
 [][] 
 []

<../figures/fig_kbound_harmful.png, id=2707, 397.485pt x 289.08pt>
File: ../figures/fig_kbound_harmful.png Graphic file (type png)
<use ../figures/fig_kbound_harmful.png>
Package pdftex.def Info: ../figures/fig_kbound_harmful.png  used on input line 
207.
(pdftex.def)             Requested size: 323.76788pt x 235.4724pt.


[83]

[84 <../figures/fig_kbound_harmful.png>]
Overfull \hbox (163.49748pt too wide) in paragraph at lines 242--247
\T1/lmr/m/n/10.95 (-20) dis-tri-bu-tion shift; adap-ta-tion is strongly \T1/lmr
/m/it/10.95 (-20) ben-e-fi-cial \T1/lmr/m/n/10.95 (-20) (mean $\OML/lmm/m/it/10
.95 B \OT1/lmr/m/n/10.95 (-20) = +0\OML/lmm/m/it/10.95 :\OT1/lmr/m/n/10.95 (-20
) 193$\T1/lmr/m/n/10.95 (-20) , field \T1/lmtt/m/n/10.95 true_mean_benefit_B_by
_condition.detectable\T1/lmr/m/n/10.95 (-20) )
 []


Underfull \hbox (badness 3758) in paragraph at lines 295--295
[]\T1/lmr/m/n/10.95 (+20) Table 7.4: []Policy mean AU-ROC in the mixed regime (
369 in-stances). Source:
 []


Overfull \hbox (14.30067pt too wide) in paragraph at lines 315--317
[]\T1/lmr/m/n/10.95 (-20) Safety: adapt pre-ci-sion $\OT1/lmr/m/n/10.95 (-20) =
 0\OML/lmm/m/it/10.95 :\OT1/lmr/m/n/10.95 (-20) 935$ \T1/lmr/m/n/10.95 (-20) an
d false-adapt rate $\OT1/lmr/m/n/10.95 (-20) = 0\OML/lmm/m/it/10.95 :\OT1/lmr/m
/n/10.95 (-20) 065$ \T1/lmr/m/n/10.95 (-20) (fields \T1/lmtt/m/n/10.95 safety.a
dapt_precision_B>0
 []

<../figures/fig_mixed_policies.png, id=2720, 404.712pt x 289.08pt>
File: ../figures/fig_mixed_policies.png Graphic file (type png)
<use ../figures/fig_mixed_policies.png>
Package pdftex.def Info: ../figures/fig_mixed_policies.png  used on input line 
320.
(pdftex.def)             Requested size: 226.64104pt x 161.88809pt.
<../figures/fig_mixed_decisions.png, id=2721, 433.62pt x 289.08pt>
File: ../figures/fig_mixed_decisions.png Graphic file (type png)
<use ../figures/fig_mixed_decisions.png>
Package pdftex.def Info: ../figures/fig_mixed_decisions.png  used on input line
 321.
(pdftex.def)             Requested size: 226.64104pt x 151.09438pt.

Overfull \hbox (197.37927pt too wide) in paragraph at lines 331--338
\T1/lmr/m/n/10.95 (-20) near-est covert-failure neigh-bour is $\OT1/lmr/m/n/10.
95 (-20) 1\OML/lmm/m/it/10.95 :\OT1/lmr/m/n/10.95 (-20) 354$ \T1/lmr/m/n/10.95 
(-20) (field \T1/lmtt/m/n/10.95 nonidentifiability_clean_vs_covert.mean_Z_L2_di
stance_clean_to_nearest_covert\T1/lmr/m/n/10.95 (-20) ),
 []


Overfull \hbox (184.51851pt too wide) in paragraph at lines 331--338
\T1/lmr/m/n/10.95 (-20) while the mean dis-tance to the near-est \T1/lmr/m/it/1
0.95 (-20) de-tectable\T1/lmr/m/n/10.95 (-20) -failure neigh-bour is $\OT1/lmr/
m/n/10.95 (-20) 3\OML/lmm/m/it/10.95 :\OT1/lmr/m/n/10.95 (-20) 100$ \T1/lmr/m/n
/10.95 (-20) (field \T1/lmtt/m/n/10.95 mean_Z_L2_distance_clean_to_nearest_dete
ctable\T1/lmr/m/n/10.95 (-20) )---
 []



[85]

[86 <../figures/fig_mixed_policies.png> <../figures/fig_mixed_decisions.png>]
LaTeX Font Info:    External font `lmex10' loaded for size
(Font)              <14.4> on input line 357.


Package hyperref Warning: Token not allowed in a PDF string (Unicode):
(hyperref)                removing `math shift' on input line 357.


Package hyperref Warning: Token not allowed in a PDF string (Unicode):
(hyperref)                removing `math shift' on input line 357.

LaTeX Font Info:    External font `lmex10' loaded for size
(Font)              <12> on input line 398.

Package hyperref Warning: Token not allowed in a PDF string (Unicode):
(hyperref)                removing `math shift' on input line 398.


Package hyperref Warning: Token not allowed in a PDF string (Unicode):
(hyperref)                removing `math shift' on input line 398.


Overfull \hbox (52.25925pt too wide) in paragraph at lines 400--403
\T1/lmr/m/n/10.95 (-20) Re-sults from field \T1/lmtt/m/n/10.95 paired_ttest_KBo
und_vs_always_freeze \T1/lmr/m/n/10.95 (-20) and \T1/lmtt/m/n/10.95 paired_ttes
t_KBound_vs_always_adapt\T1/lmr/m/n/10.95 (-20) : 
 []



[87]
<../figures/fig_ablation_evidence.png, id=2746, 469.755pt x 260.172pt>
File: ../figures/fig_ablation_evidence.png Graphic file (type png)
<use ../figures/fig_ablation_evidence.png>
Package pdftex.def Info: ../figures/fig_ablation_evidence.png  used on input li
ne 462.
(pdftex.def)             Requested size: 323.76788pt x 179.31639pt.


[88]

[89 <../figures/fig_ablation_evidence.png>]

LaTeX Font Warning: Font shape `T1/lmr/m/scit' undefined
(Font)              using `T1/lmr/m/scsl' instead on input line 582.

<../figures/fig_regression.png, id=2765, 404.712pt x 274.626pt>
File: ../figures/fig_regression.png Graphic file (type png)
<use ../figures/fig_regression.png>
Package pdftex.def Info: ../figures/fig_regression.png  used on input line 589.

(pdftex.def)             Requested size: 277.51936pt x 188.3272pt.


[90]

[91 <../figures/fig_regression.png>]
Overfull \hbox (37.51715pt too wide) in paragraph at lines 648--650
\T1/lmr/m/n/10.95 (-20) The KS test on each fea-ture of $\OML/lmm/m/it/10.95 Z$
 \T1/lmr/m/n/10.95 (-20) be-tween worlds gives $\OML/lmm/m/it/10.95 p$\T1/lmr/m
/n/10.95 (-20) -values all above $\OT1/lmr/m/n/10.95 (-20) 0\OML/lmm/m/it/10.95
 :\OT1/lmr/m/n/10.95 (-20) 05$ \T1/lmr/m/n/10.95 (-20) (field \T1/lmtt/m/n/10.9
5 all_Z_features_p>0.05
 []


Overfull \hbox (69.13202pt too wide) in paragraph at lines 665--672
\T1/lmr/m/n/10.95 (-20) regret-to-oracle (de-fault-ing to $\OML/lmm/m/it/10.95 
f[]$ \T1/lmr/m/n/10.95 (-20) when ab-stain-ing) is $\OT1/lmr/m/n/10.95 (-20) 0\
OML/lmm/m/it/10.95 :\OT1/lmr/m/n/10.95 (-20) 467$ \T1/lmr/m/n/10.95 (-20) (fiel
d \T1/lmtt/m/n/10.95 abstain_regret_vs_oracle(default_freeze)\T1/lmr/m/n/10.95 
(-20) ). 
 []



[92]
Overfull \hbox (73.72122pt too wide) in paragraph at lines 704--715
 [][] 
 []

<../figures/fig_regret_summary.png, id=2790, 469.755pt x 274.626pt>
File: ../figures/fig_regret_summary.png Graphic file (type png)
<use ../figures/fig_regret_summary.png>
Package pdftex.def Info: ../figures/fig_regret_summary.png  used on input line 
719.
(pdftex.def)             Requested size: 286.76483pt x 167.64732pt.

Underfull \hbox (badness 1231) in paragraph at lines 726--726
\T1/lmtt/m/n/10.95 knowability_results.json\T1/lmr/m/n/10.95 (+20) , \T1/lmtt/m
/n/10.95 kbound_harmful_results.json\T1/lmr/m/n/10.95 (+20) , \T1/lmtt/m/n/10.9
5 mixed_regime_results.json\T1/lmr/m/n/10.95 (+20) ,
 []



[93]

[94 <../figures/fig_regret_summary.png>]
Overfull \hbox (33.20836pt too wide) in paragraph at lines 809--813
\T1/lmr/m/n/10.95 (-20) quotes $[] \OT1/lmr/m/n/10.95 (-20) = 0\OML/lmm/m/it/10
.95 :\OT1/lmr/m/n/10.95 (-20) 690$ \T1/lmr/m/n/10.95 (-20) for \T1/lmr/m/sc/10.
95 (-20) KGA \T1/lmr/m/n/10.95 (-20) in the mixed regime; the JSON field \T1/lm
tt/m/n/10.95 mean_auc_policies.K_Bound
 []

) (./chapters/ch08_experiments_tta.tex

[95]

[96]
Chapter 8.


[97

]

Package hyperref Warning: Token not allowed in a PDF string (Unicode):
(hyperref)                removing `\leavevmode@ifvmode' on input line 85.


Package hyperref Warning: Token not allowed in a PDF string (Unicode):
(hyperref)                \kern 1.82538pt
(hyperref)                removed on input line 85.


Package hyperref Warning: Token not allowed in a PDF string (Unicode):
(hyperref)                removing `\leavevmode@ifvmode' on input line 85.


Package hyperref Warning: Token not allowed in a PDF string (Unicode):
(hyperref)                \kern 1.82538pt
(hyperref)                removed on input line 85.

<../figures/fig_cifar_tent.png, id=2859, 433.62pt x 289.08pt>
File: ../figures/fig_cifar_tent.png Graphic file (type png)
<use ../figures/fig_cifar_tent.png>
Package pdftex.def Info: ../figures/fig_cifar_tent.png  used on input line 125.

(pdftex.def)             Requested size: 323.76788pt x 215.85667pt.


[98]

[99 <../figures/fig_cifar_tent.png>]

[100]
<../figures/fig_decisive_pareto_cifar10c.png, id=2884, 462.528pt x 303.534pt>
File: ../figures/fig_decisive_pareto_cifar10c.png Graphic file (type png)
<use ../figures/fig_decisive_pareto_cifar10c.png>
Package pdftex.def Info: ../figures/fig_decisive_pareto_cifar10c.png  used on i
nput line 237.
(pdftex.def)             Requested size: 462.52757pt x 303.54713pt.
<../figures/fig_decisive_regret_cifar10c.png, id=2885, 505.89pt x 303.534pt>
File: ../figures/fig_decisive_regret_cifar10c.png Graphic file (type png)
<use ../figures/fig_decisive_regret_cifar10c.png>
Package pdftex.def Info: ../figures/fig_decisive_regret_cifar10c.png  used on i
nput line 248.
(pdftex.def)             Requested size: 222.01125pt x 133.208pt.
<../figures/fig_decisive_decisions_cifar10c.png, id=2886, 433.62pt x 289.08pt>
File: ../figures/fig_decisive_decisions_cifar10c.png Graphic file (type png)
<use ../figures/fig_decisive_decisions_cifar10c.png>
Package pdftex.def Info: ../figures/fig_decisive_decisions_cifar10c.png  used o
n input line 249.
(pdftex.def)             Requested size: 222.01125pt x 148.00668pt.


[101]
<../figures/fig_cifar10c_collapse.png, id=2900, 794.97pt x 289.08pt>
File: ../figures/fig_cifar10c_collapse.png Graphic file (type png)
<use ../figures/fig_cifar10c_collapse.png>
Package pdftex.def Info: ../figures/fig_cifar10c_collapse.png  used on input li
ne 326.
(pdftex.def)             Requested size: 254.39157pt x 92.50748pt.
<../figures/fig_cifar10c_crossover.png, id=2901, 505.89pt x 361.35pt>
File: ../figures/fig_cifar10c_crossover.png Graphic file (type png)
<use ../figures/fig_cifar10c_crossover.png>
Package pdftex.def Info: ../figures/fig_cifar10c_crossover.png  used on input l
ine 327.
(pdftex.def)             Requested size: 194.26073pt x 138.75902pt.


[102 <../figures/fig_decisive_pareto_cifar10c.png>]

[103 <../figures/fig_decisive_regret_cifar10c.png> <../figures/fig_decisive_dec
isions_cifar10c.png>]
Overfull \hbox (13.94255pt too wide) in paragraph at lines 375--378
\T1/lmr/m/n/10.95 (-20) Table [][]8.4[][] re-ports the full cross-regime com-pa
r-i-son. Num-bers from \T1/lmtt/m/n/10.95 cifar_tent_online_results.json
 []



[104 <../figures/fig_cifar10c_collapse.png> <../figures/fig_cifar10c_crossover.
png>]
<../figures/fig_cifar_tent_online.png, id=2932, 578.16pt x 289.08pt>
File: ../figures/fig_cifar_tent_online.png Graphic file (type png)
<use ../figures/fig_cifar_tent_online.png>
Package pdftex.def Info: ../figures/fig_cifar_tent_online.png  used on input li
ne 427.
(pdftex.def)             Requested size: 333.02042pt x 166.51082pt.
<../figures/fig_tta_collapse.png, id=2933, 404.712pt x 289.08pt>
File: ../figures/fig_tta_collapse.png Graphic file (type png)
<use ../figures/fig_tta_collapse.png>
Package pdftex.def Info: ../figures/fig_tta_collapse.png  used on input line 43
9.
(pdftex.def)             Requested size: 333.02042pt x 237.88521pt.

Underfull \hbox (badness 1127) in paragraph at lines 443--443
[]\T1/lmr/m/n/10.95 (+20) Figure 8.6: []TTA col-lapse regime: \T1/lmr/m/sc/10.9
5 (+20) KGA \T1/lmr/m/n/10.95 (+20) de-ci-sion pat-tern on the col-lapse bench-
mark
 []



[105 <../figures/fig_cifar_tent_online.png>]
Overfull \hbox (11.8801pt too wide) in paragraph at lines 473--476
[]\T1/lmtt/m/n/10.95 UserWarning: pkg_resources is deprecated as an API... (ima
gecorruptions) 
 []



[106 <../figures/fig_tta_collapse.png>]

[107]

[108]

[109]

[110]

[111]) (./chapters/ch09_elara.tex

[112]
Chapter 9.


[113

]


Overfull \hbox (77.63866pt too wide) has occurred while \output is active
\T1/lmr/m/sl/10.95 CHAPTER 9.  A WORKED INSTANTIATION: RELIABILITY-GATED MULTIM
ODAL FUSION (ELARA) \T1/lmr/m/n/10.95 114
 []

[114]


Overfull \hbox (77.63866pt too wide) has occurred while \output is active
\T1/lmr/m/sl/10.95 CHAPTER 9.  A WORKED INSTANTIATION: RELIABILITY-GATED MULTIM
ODAL FUSION (ELARA) \T1/lmr/m/n/10.95 115
 []

[115]
Underfull \hbox (badness 1009) in paragraph at lines 192--194
\T1/lmr/m/n/10 (+20) sparse/coherent cor-rup-tion (pos-i-tive lower
 []


Underfull \hbox (badness 6910) in paragraph at lines 194--197
[]\T1/lmr/m/n/10 (+20) Establishes the \T1/lmr/m/it/10 (+20) knowably-helpful \
T1/lmr/m/n/10 (+20) (stress)
 []


Underfull \hbox (badness 5622) in paragraph at lines 208--210
\T1/lmr/m/n/10 (+20) false-adapt-controlled adapt/freeze/abstain
 []


Underfull \hbox (badness 2538) in paragraph at lines 224--226
[]\T1/lmr/bx/sc/10 (+20) Justifies the ab-stain/gate ac-tion \T1/lmr/m/n/10 (+2
0) as
 []




Overfull \hbox (77.63866pt too wide) has occurred while \output is active
\T1/lmr/m/sl/10.95 CHAPTER 9.  A WORKED INSTANTIATION: RELIABILITY-GATED MULTIM
ODAL FUSION (ELARA) \T1/lmr/m/n/10.95 116
 []

[116]

Package hyperref Warning: Token not allowed in a PDF string (Unicode):
(hyperref)                removing `math shift' on input line 255.


Package hyperref Warning: Token not allowed in a PDF string (Unicode):
(hyperref)                removing `math shift' on input line 255.




Overfull \hbox (77.63866pt too wide) has occurred while \output is active
\T1/lmr/m/sl/10.95 CHAPTER 9.  A WORKED INSTANTIATION: RELIABILITY-GATED MULTIM
ODAL FUSION (ELARA) \T1/lmr/m/n/10.95 117
 []

[117]


Overfull \hbox (77.63866pt too wide) has occurred while \output is active
\T1/lmr/m/sl/10.95 CHAPTER 9.  A WORKED INSTANTIATION: RELIABILITY-GATED MULTIM
ODAL FUSION (ELARA) \T1/lmr/m/n/10.95 118
 []

[118]) (./chapters/ch10_discussion.tex


Overfull \hbox (77.63866pt too wide) has occurred while \output is active
\T1/lmr/m/sl/10.95 CHAPTER 9.  A WORKED INSTANTIATION: RELIABILITY-GATED MULTIM
ODAL FUSION (ELARA) \T1/lmr/m/n/10.95 119
 []

[119]
Chapter 10.

Underfull \hbox (badness 10000) in paragraph at lines 37--37
[]\T1/lmr/m/n/10 (+20) Benign / helpful-
 []


Underfull \hbox (badness 4341) in paragraph at lines 38--38
[]\T1/lmr/m/n/10 (+20) Low ($\U/msa/m/n/10 . \OT1/lmr/m/n/10 (+20) 5%$\T1/lmr/m
/n/10 (+20) , e.g.
 []


Underfull \hbox (badness 10000) in paragraph at lines 38--38
\T1/lmr/m/n/10 (+20) CIFAR-10-C per-
 []


Underfull \hbox (badness 10000) in paragraph at lines 43--43
[]\T1/lmr/m/n/10 (+20) Mixed / collapse-
 []


Underfull \hbox (badness 1983) in paragraph at lines 44--44
[]\T1/lmr/m/n/10 (+20) Moderate--high ($\OT1/lmr/m/n/10 (+20) 16$\T1/lmr/m/n/10
 (+20) --
 []


Underfull \hbox (badness 7203) in paragraph at lines 46--48
[]\T1/lmr/m/sc/10 (+20) KGA \T1/lmr/m/n/10 (+20) de-liv-ers a real win:
 []


Underfull \hbox (badness 10000) in paragraph at lines 50--50
[]\T1/lmr/m/n/10 (+20) Low-moderate
 []


Overfull \hbox (1.74437pt too wide) in paragraph at lines 33--56
 [][] 
 []



[120

]

[121]
Underfull \hbox (badness 10000) in paragraph at lines 159--159
[]\T1/lmr/m/n/10 (+20) TTA is re-framed as a label-free
 []



[122]

[123]

[124]

[125])

[126] (./chapters/appA_reproducibility.tex

[127]
Appendix A.


[128

]
Overfull \hbox (147.12341pt too wide) in paragraph at lines 58--63
 []\T1/lmr/bx/sc/10.95 (-20) Stage [1/4] De-pen-den-cies.[] \T1/lmr/m/n/10.95 (
-20) Un-less \T1/lmtt/m/n/10.95 KBOUND_SKIP_DEPS=1 \T1/lmr/m/n/10.95 (-20) is s
et, the script in-stalls \T1/lmtt/m/n/10.95 docs/research/kbound/requirements.t
xt
 []


Overfull \hbox (86.73329pt too wide) in paragraph at lines 73--75
[]\T1/lmtt/m/n/10.95 src/scripts/kbound/mixed_regime_experiment.py \T1/lmr/m/n/
10.95 (-20) --- the con-trolled mixed-regime (clean/detectable/covert,
 []


Overfull \hbox (5.09111pt too wide) in paragraph at lines 77--79
[]\T1/lmtt/m/n/10.95 src/scripts/kbound/kbound_full_experiments.py ablation \T1
/lmr/m/n/10.95 (-20) --- evidence-component and
 []


Overfull \hbox (40.71408pt too wide) in paragraph at lines 85--89
\T1/lmr/m/n/10.95 (-20) write re-sults to \T1/lmtt/m/n/10.95 experiments/kbound
/results/\T1/lmr/m/n/10.95 (-20) . Fig-ures are writ-ten to \T1/lmtt/m/n/10.95 
docs/research/kbound/figures/\T1/lmr/m/n/10.95 (-20) . 
 []



[129]
Overfull \hbox (5.09804pt too wide) in paragraph at lines 104--107
 []\T1/lmr/bx/sc/10.95 (-20) Stage [4/4] Com-pile PDF.[] \T1/lmr/m/n/10.95 (-20
) Two \T1/lmtt/m/n/10.95 pdflatex \T1/lmr/m/n/10.95 (-20) passes com-pile \T1/l
mtt/m/n/10.95 docs/research/kbound/kbound.tex\T1/lmr/m/n/10.95 (-20) ;
 []


Overfull \hbox (21.96638pt too wide) in paragraph at lines 131--137
\T1/lmr/m/n/10.95 (-20) writes a tiny, de-ter-min-is-tic (fixed seed) score arc
hive to \T1/lmtt/m/n/10.95 experiments/kbound/_smoke/score_archive/\T1/lmr/m/n/
10.95 (-20) ,
 []



[130]
Overfull \hbox (77.37439pt too wide) in paragraph at lines 162--168
[]\T1/lmr/m/n/10.95 (-20) The same logic is cov-ered by \T1/lmtt/m/n/10.95 pyte
st tests/test_smoke_trichotomy.py \T1/lmr/m/n/10.95 (-20) and \T1/lmtt/m/n/10.9
5 tests/test_data_manifest.py\T1/lmr/m/n/10.95 (-20) ;
 []


Overfull \hbox (9.95721pt too wide) in paragraph at lines 205--208
[]\T1/lmr/m/n/10.95 (-20) Loading any ar-ti-fact through \T1/lmtt/m/n/10.95 src
/uais/registry/ModelRegistry \T1/lmr/m/n/10.95 (-20) fails closed (\T1/lmtt/m/n
/10.95 IntegrityError\T1/lmr/m/n/10.95 (-20) )
 []



[131]

[132]
Overfull \hbox (36.29643pt too wide) in paragraph at lines 302--306
\T1/lmr/m/n/10.95 (-20) Python 3.11, trig-gered on pushes and pull re-quests to
 \T1/lmtt/m/n/10.95 main\T1/lmr/m/n/10.95 (-20) /\T1/lmtt/m/n/10.95 master\T1/l
mr/m/n/10.95 (-20) . A \T1/lmtt/m/n/10.95 concurrency.cancel-in-progress
 []


Underfull \hbox (badness 5260) in paragraph at lines 313--317
[]\T1/lmr/m/n/10.95 (+20) (a) Repo-wide critical-error gate: \T1/lmtt/m/n/10.95
 ruff check
 []


Underfull \hbox (badness 10000) in paragraph at lines 319--320
[]\T1/lmr/m/n/10.95 (+20) Installs \T1/lmtt/m/n/10.95 numpy scipy pytest\T1/lmr
/m/n/10.95 (+20) ; im-ports
 []


Underfull \hbox (badness 10000) in paragraph at lines 319--320
\T1/lmtt/m/n/10.95 kga \T1/lmr/m/n/10.95 (+20) and prints the ver-sion; runs \T
1/lmtt/m/n/10.95 pytest
 []


Underfull \hbox (badness 1675) in paragraph at lines 322--324
\T1/lmr/m/n/10.95 (+20) five new pack-age test mod-ules with \T1/lmtt/m/n/10.95
 --cov=kga
 []


Underfull \hbox (badness 6300) in paragraph at lines 322--324
\T1/lmtt/m/n/10.95 --cov=src/uais\T1/lmr/m/n/10.95 (+20) ; up-loads \T1/lmtt/m/
n/10.95 coverage.xml \T1/lmr/m/n/10.95 (+20) as an
 []


Underfull \hbox (badness 10000) in paragraph at lines 326--327
[]\T1/lmr/m/n/10.95 (+20) Installs only \T1/lmtt/m/n/10.95 numpy scipy\T1/lmr/m
/n/10.95 (+20) ; runs \T1/lmtt/m/n/10.95 bash
 []


Overfull \hbox (97.70714pt too wide) in paragraph at lines 329--330
[]\T1/lmr/m/n/10.95 (-20) Glob-runs ev-ery \T1/lmtt/m/n/10.95 experiments/kboun
d/theory_validation/val_thm*.py\T1/lmr/m/n/10.95 (-20) ;
 []


Underfull \hbox (badness 3098) in paragraph at lines 332--334
[]\T1/lmr/m/n/10.95 (+20) Imports \T1/lmtt/m/n/10.95 src.orchestration \T1/lmr/
m/it/10.95 (+20) with-out \T1/lmr/m/n/10.95 (+20) Pre-fect in-
 []



[133]
Overfull \hbox (84.67296pt too wide) in alignment at lines 354--360
 [] [] [] 
 []


Overfull \hbox (84.67296pt too wide) in alignment at lines 360--364
 [] [] [] 
 []


Overfull \hbox (84.67296pt too wide) in alignment at lines 364--367
 [] [] [] 
 []


Overfull \hbox (84.67296pt too wide) in alignment at lines 367--369
 [] [] [] 
 []


Underfull \hbox (badness 2799) in paragraph at lines 374--377
[]|\T1/lmr/m/n/10.95 (+20) Problem for-mu-la-tion, the adapt/freeze/abstain tri
-
 []


Underfull \hbox (badness 2460) in paragraph at lines 378--381
[]|\T1/lmr/m/n/10.95 (+20) Live 123-task anomaly-routing suite: ev-i-dence $\OM
L/lmm/m/it/10.95 Z$\T1/lmr/m/n/10.95 (+20) ,
 []


Underfull \hbox (badness 10000) in paragraph at lines 382--384
[]|\T1/lmr/m/n/10.95 (+20) Harmful-fusion regime, con-trolled mixed-regime
 []


Underfull \hbox (badness 3907) in paragraph at lines 382--384
\T1/lmr/m/n/10.95 (+20) (clean/detectable/covert), and 8-seed paired $\OML/lmm/
m/it/10.95 t$\T1/lmr/m/n/10.95 (+20) -test
 []


Underfull \hbox (badness 1472) in paragraph at lines 388--390
[]|\T1/lmr/m/n/10.95 (+20) CIFAR-10-C pre-registered stress grid, de-ci-sive CI
-
 []


Overfull \hbox (84.67296pt too wide) in alignment at lines 369--403
 [] [] [] 
 []



[134]
Overfull \hbox (27.33609pt too wide) in paragraph at lines 405--407
[]\T1/lmr/m/n/10.95 (-20) Legacy note-books (25 su-per-seded ELARA-era EDA note
-books) live un-der \T1/lmtt/m/n/10.95 notebooks/legacy_elara/
 []



[135]
Overfull \hbox (42.06369pt too wide) in paragraph at lines 427--431
 []\T1/lmr/bx/sc/10.95 (-20) Determinism.[] \T1/lmr/m/n/10.95 (-20) All CPU ex-
per-i-ments use \T1/lmtt/m/n/10.95 SEED=0\T1/lmr/m/n/10.95 (-20) . \T1/lmtt/m/n
/10.95 src/uais/training/set_seed \T1/lmr/m/n/10.95 (-20) seeds \T1/lmtt/m/n/10
.95 PYTHONHASHSEED\T1/lmr/m/n/10.95 (-20) ,
 []


Overfull \hbox (17.33943pt too wide) in paragraph at lines 427--431
\T1/lmtt/m/n/10.95 random\T1/lmr/m/n/10.95 (-20) , NumPy, and (when im-portable
) Py-Torch with \T1/lmtt/m/n/10.95 torch.backends.cudnn.deterministic=True\T1/l
mr/m/n/10.95 (-20) .
 []


Overfull \hbox (15.39459pt too wide) in paragraph at lines 452--457
\T1/lmtt/m/n/10.95 val_thm5_multiclass; do python experiments/kbound/theory_val
idation/$v.py; done
 []

) (./chapters/appB_tables.tex

[136]
Appendix B.

Overfull \hbox (5.68759pt too wide) in paragraph at lines 48--53
 []\T1/lmr/bx/sc/10.95 (-20) Notes.[] \T1/lmr/m/n/10.95 (-20) The paired $\OML/
lmm/m/it/10.95 t$\T1/lmr/m/n/10.95 (-20) -test val-ues are sourced from fields 
\T1/lmtt/m/n/10.95 paired_ttest_KBound_vs_always_freeze
 []



[137

]
Underfull \hbox (badness 10000) in paragraph at lines 151--151
[]\T1/lmr/m/n/10.95 (+20) Table B.5: []Regression covariate-shift ex-per-i-ment
: full met-rics. Source:
 []


Overfull \hbox (77.00337pt too wide) in paragraph at lines 191--240
 [][] 
 []



[138]

LaTeX Font Warning: Font shape `T1/lmr/m/scit' undefined
(Font)              using `T1/lmr/m/scsl' instead on input line 285.


Overfull \hbox (15.6224pt too wide) in paragraph at lines 255--288
 [][] 
 []


Overfull \hbox (57.74934pt too wide) in paragraph at lines 348--388
 [][] 
 []



[139] (../paper/appendix_cifar10c_cells.tex
LaTeX Font Info:    External font `lmex10' loaded for size
(Font)              <9> on input line 3.
Package microtype Info: Character `029' is missing
(microtype)             in font `T1/lmr/m/sc/9'.
(microtype)             Ignoring protrusion settings for this character.
 [140] [141]))
(./chapters/appC_notation.tex

[142]

[143]

[144]

[145]

[146]
Appendix C.

Underfull \hbox (badness 10000) in paragraph at lines 81--83
[]|\T1/lmr/m/n/10.95 (+20) Decision rule; maps ev-i-dence $\OML/lmm/m/it/10.95 
Z$ \T1/lmr/m/n/10.95 (+20) to one of
 []


Underfull \hbox (badness 3281) in paragraph at lines 98--100
[]|\T1/lmr/m/n/10.95 (+20) Total vari-a-tion dis-tance be-tween dis-tri-bu-tion
s $\OML/lmm/m/it/10.95 P$ \T1/lmr/m/n/10.95 (+20) and $\OML/lmm/m/it/10.95 Q$\T
1/lmr/m/n/10.95 (+20) :
 []

[147

] [148]

[149]
Overfull \hbox (2.633pt too wide) in paragraph at lines 225--230
\T1/lmr/m/n/10.95 (-20) the de-fault in \T1/lmr/m/sc/10.95 (-20) KGA \T1/lmr/m/
n/10.95 (-20) (\T1/lmtt/m/n/10.95 method='ebern'\T1/lmr/m/n/10.95 (-20) ). The 
ra-dius is $\OML/lmm/m/it/10.95 " \OT1/lmr/m/n/10.95 (-20) = [] + 7\OML/lmm/m/i
t/10.95 R []\OT1/lmr/m/n/10.95 (-20) (2\OML/lmm/m/it/10.95 =\OT1/lmr/m/n/10.95
 (-20) )\OML/lmm/m/it/10.95 =\OT1/lmr/m/n/10.95 (-20) (3(\OML/lmm/m/it/10.95 n 
\OMS/lmsy/m/n/10.95 ^^@
 []


Overfull \hbox (0.834pt too wide) in paragraph at lines 255--261
\T1/lmr/m/n/10.95 (-20) card fraud, UNSW-NB15 cy-ber, be-haviour/HAR, NLP (En-r
on), time-series (NAB/SMD/TSB-
 []



[150]) (./extended_theory_includes.tex
(../paper/sections/benefit_sign_frontier.tex

[151]

LaTeX Font Warning: Font shape `T1/lmr/m/scit' undefined
(Font)              using `T1/lmr/m/scsl' instead on input line 95.


LaTeX Font Warning: Font shape `T1/lmr/m/scit' undefined
(Font)              using `T1/lmr/m/scsl' instead on input line 95.


LaTeX Font Warning: Font shape `T1/lmr/m/scit' undefined
(Font)              using `T1/lmr/m/scsl' instead on input line 104.


LaTeX Font Warning: Font shape `T1/lmr/m/scit' undefined
(Font)              using `T1/lmr/m/scsl' instead on input line 104.


LaTeX Font Warning: Font shape `T1/lmr/m/scit' undefined
(Font)              using `T1/lmr/m/scsl' instead on input line 104.



[152]

LaTeX Warning: Reference `app:theory-ext' on page 153 undefined on input line 1
51.



[153]

LaTeX Font Warning: Font shape `T1/lmr/m/scit' undefined
(Font)              using `T1/lmr/m/scsl' instead on input line 201.

) (../paper/sections/theory_extensions_v2.tex
Overfull \hbox (71.84268pt too wide) in paragraph at lines 4--8
\T1/lmr/m/n/10.95 (-20) sump-tion to bounded non-stationarity. Each is nu-mer-i
-cally checked (\T1/lmtt/m/n/10.95 experiments/kbound/theory_validation/\T1/lmr
/m/n/10.95 (-20) ). 
 []



[154]

LaTeX Font Warning: Font shape `T1/lmr/m/scit' undefined
(Font)              using `T1/lmr/m/scsl' instead on input line 20.

LaTeX Font Info:    Trying to load font information for U+euf on input line 43.


(/opt/homebrew/Cellar/texlive/20250308_2/share/texmf-dist/tex/latex/amsfonts/ue
uf.fd
File: ueuf.fd 2013/01/14 v3.01 Euler Fraktur
)
(/opt/homebrew/Cellar/texlive/20250308_2/share/texmf-dist/tex/latex/microtype/m
t-euf.cfg
File: mt-euf.cfg 2006/07/03 v1.1 microtype config. file: AMS Euler Fraktur (RS)

)

[155]

LaTeX Warning: Reference `app:anytime' on page 156 undefined on input line 66.


LaTeX Font Warning: Font shape `T1/lmr/m/scit' undefined
(Font)              using `T1/lmr/m/scsl' instead on input line 69.

) (../paper/sections/regression_conjecture.tex

[156]
<../figures/fig_regression_boundary.png, id=3452, 751.05208pt x 280.18523pt>
File: ../figures/fig_regression_boundary.png Graphic file (type png)
<use ../figures/fig_regression_boundary.png>
Package pdftex.def Info: ../figures/fig_regression_boundary.png  used on input 
line 81.
(pdftex.def)             Requested size: 425.5245pt x 158.74529pt.
) (../paper/sections/smooth_drift.tex

[157]

[158 <../figures/fig_regression_boundary.png>])
(../paper/sections/labelshift_boundary.tex

[159]
<../figures/fig_labelshift_boundary.png, id=3502, 751.05208pt x 280.18523pt>
File: ../figures/fig_labelshift_boundary.png Graphic file (type png)
<use ../figures/fig_labelshift_boundary.png>
Package pdftex.def Info: ../figures/fig_labelshift_boundary.png  used on input 
line 71.
(pdftex.def)             Requested size: 425.5245pt x 158.74529pt.
) (../paper/sections/unification_reach.tex

[160]

[161 <../figures/fig_labelshift_boundary.png>]
<../figures/fig_reach_table.png, id=3528, 606.51207pt x 280.18523pt>
File: ../figures/fig_reach_table.png Graphic file (type png)
<use ../figures/fig_reach_table.png>
Package pdftex.def Info: ../figures/fig_reach_table.png  used on input line 71.

(pdftex.def)             Requested size: 370.02347pt x 170.93837pt.
)
(../paper/sections/reach_unification_v05.tex

[162 <../figures/fig_reach_table.png>]

[163]) (../paper/sections/multicandidate.tex

[164]

[165]
<../figures/final/fig_feasibility.png, id=3592, 783.29561pt x 279.6293pt>
File: ../figures/final/fig_feasibility.png Graphic file (type png)
<use ../figures/final/fig_feasibility.png>
Package pdftex.def Info: ../figures/final/fig_feasibility.png  used on input li
ne 94.
(pdftex.def)             Requested size: 425.5245pt x 151.91066pt.
) (../paper/sections/multicandidate_residual.tex
Overfull \hbox (4.63437pt too wide) in paragraph at lines 15--25
\T1/lmr/m/n/10.95 (-20) Proposition [][]C.14[][] re-cov-ers the ad-van-tages \T
1/lmr/m/it/10.95 (-20) ex-actly \T1/lmr/m/n/10.95 (-20) but only un-der \T1/lmr
/m/it/10.95 (-20) ex-act \T1/lmr/m/n/10.95 (-20) con-di-tional error-independen
ce
 []



[166 <../figures/final/fig_feasibility.png>]

[167]

[168]
Overfull \hbox (14.56482pt too wide) in paragraph at lines 165--190
 []\T1/lmr/bx/sc/10.95 (-20) Validated.[] \T1/lmtt/m/n/10.95 val_multicandidate
_residual.py \T1/lmr/m/n/10.95 (-20) (\T1/lmtt/m/n/10.95 results_multicandidate
_residual.json\T1/lmr/m/n/10.95 (-20) , seed
 []


LaTeX Warning: Reference `sec:multicand' on page 169 undefined on input line 19
6.

) (../paper/sections/gamma_meter.tex

[169]

LaTeX Warning: Reference `sec:multicand' on page 170 undefined on input line 11
.



[170]

LaTeX Font Warning: Font shape `T1/lmr/m/scit' undefined
(Font)              using `T1/lmr/m/scsl' instead on input line 77.


LaTeX Font Warning: Font shape `T1/lmr/m/scit' undefined
(Font)              using `T1/lmr/m/scsl' instead on input line 79.


Overfull \hbox (13.00633pt too wide) in paragraph at lines 86--94
\T1/lmr/m/n/10.95 (-20) er-ror rate slope $\OMS/lmsy/m/n/10.95 ^^@\OT1/lmr/m/n/
10.95 (-20) 0\OML/lmm/m/it/10.95 :\OT1/lmr/m/n/10.95 (-20) 50$\T1/lmr/m/n/10.95
 (-20) ) but con-ser-va-tive: with mar-gin $\OML/lmm/m/it/10.95 m$ \T1/lmr/m/n/
10.95 (-20) it com-mits only once $\OML/lmm/m/it/10.95 n \U/msa/m/n/10.95 & \OT
1/lmr/m/n/10.95 (-20) 32 [](8\OML/lmm/m/it/10.95 =^^N\OT1/lmr/m/n/10.95 (-20) )
\OML/lmm/m/it/10.95 =\OT1/lmr/m/n/10.95 (-20) (\OML/lmm/m/it/10.95 m[]b[]\OT1/l
mr/m/n/10.95 (-20) )$
 []



[171]

[172]
<../figures/fig_gamma_meter.png, id=3686, 693.792pt x 260.172pt>
File: ../figures/fig_gamma_meter.png Graphic file (type png)
<use ../figures/fig_gamma_meter.png>
Package pdftex.def Info: ../figures/fig_gamma_meter.png  used on input line 218
.
(pdftex.def)             Requested size: 425.5245pt x 159.57011pt.
) (../paper/sections/knowability_frontier.tex

LaTeX Font Warning: Font shape `T1/lmr/m/scit' undefined
(Font)              using `T1/lmr/m/scsl' instead on input line 18.


LaTeX Font Warning: Font shape `T1/lmr/m/scit' undefined
(Font)              using `T1/lmr/m/scsl' instead on input line 18.


LaTeX Font Warning: Font shape `T1/lmr/m/scit' undefined
(Font)              using `T1/lmr/m/scsl' instead on input line 19.


LaTeX Font Warning: Font shape `T1/lmr/m/scit' undefined
(Font)              using `T1/lmr/m/scsl' instead on input line 19.



[173 <../figures/fig_gamma_meter.png>]
<../figures/fig_kfrontier.png, id=3704, 787.18707pt x 312.9847pt>
File: ../figures/fig_kfrontier.png Graphic file (type png)
<use ../figures/fig_kfrontier.png>
Package pdftex.def Info: ../figures/fig_kfrontier.png  used on input line 71.
(pdftex.def)             Requested size: 439.39978pt x 174.70668pt.


[174 <../figures/fig_kfrontier.png>]

LaTeX Warning: Reference `prop:gate-minimax' on page 175 undefined on input lin
e 89.


LaTeX Font Warning: Font shape `T1/lmr/m/scit' undefined
(Font)              using `T1/lmr/m/scsl' instead on input line 100.

<../figures/fig_subsumption.png, id=3721, 714.36116pt x 264.61938pt>
File: ../figures/fig_subsumption.png Graphic file (type png)
<use ../figures/fig_subsumption.png>
Package pdftex.def Info: ../figures/fig_subsumption.png  used on input line 139
.
(pdftex.def)             Requested size: 393.15125pt x 145.63397pt.

LaTeX Warning: Reference `thm:imp-quant' on page 175 undefined on input line 15
0.

) (../paper/sections/knowability_rates.tex

[175]
Overfull \hbox (2.37881pt too wide) in paragraph at lines 25--34
[]\T1/lmr/m/n/10.95 (-20) Validity is The-o-rem [][]5.1[][] with the Maurer--Po
ntil de-vi-a-tion bound $\OMS/lmsy/m/n/10.95 j[] ^^@ \OT1/lmr/m/n/10.95 (-20) ^
^A\OMS/lmsy/m/n/10.95 j ^^T [] \OT1/lmr/m/n/10.95 (-20) +
 []



[176 <../figures/fig_subsumption.png>]
<../figures/fig_krates.png, id=3747, 749.94023pt x 302.97807pt>
File: ../figures/fig_krates.png Graphic file (type png)
<use ../figures/fig_krates.png>
Package pdftex.def Info: ../figures/fig_krates.png  used on input line 86.
(pdftex.def)             Requested size: 425.5245pt x 171.90874pt.


LaTeX Warning: Reference `thm:imp-quant' on page 177 undefined on input line 10
2.

) (../paper/sections/onebit_audit_rate.tex

[177]

[178 <../figures/fig_krates.png>]

[179]

[180]
<../theory_v2/fig_v1_flip_witness.png, id=3791, 794.97pt x 289.08pt>
File: ../theory_v2/fig_v1_flip_witness.png Graphic file (type png)
<use ../theory_v2/fig_v1_flip_witness.png>
Package pdftex.def Info: ../theory_v2/fig_v1_flip_witness.png  used on input li
ne 181.
(pdftex.def)             Requested size: 226.64104pt x 82.41512pt.
<../theory_v2/fig_v2_identification_rate.png, id=3792, 433.62pt x 325.215pt>
File: ../theory_v2/fig_v2_identification_rate.png Graphic file (type png)
<use ../theory_v2/fig_v2_identification_rate.png>
Package pdftex.def Info: ../theory_v2/fig_v2_identification_rate.png  used on i
nput line 182.
(pdftex.def)             Requested size: 226.64104pt x 169.98119pt.


[181 <../theory_v2/fig_v1_flip_witness.png> <../theory_v2/fig_v2_identification
_rate.png>]
<../theory_v2/fig_v3_audit.png, id=3814, 1084.05pt x 310.761pt>
File: ../theory_v2/fig_v3_audit.png Graphic file (type png)
<use ../theory_v2/fig_v3_audit.png>
Package pdftex.def Info: ../theory_v2/fig_v3_audit.png  used on input line 236.

(pdftex.def)             Requested size: 425.5245pt x 121.98344pt.


[182 <../theory_v2/fig_v3_audit.png>]

[183]
<../theory_v2/fig_v4_rate.png, id=3837, 794.97pt x 310.761pt>
File: ../theory_v2/fig_v4_rate.png Graphic file (type png)
<use ../theory_v2/fig_v4_rate.png>
Package pdftex.def Info: ../theory_v2/fig_v4_rate.png  used on input line 323.
(pdftex.def)             Requested size: 425.5245pt x 166.34322pt.


LaTeX Font Warning: Font shape `T1/lmr/m/scit' undefined
(Font)              using `T1/lmr/m/scsl' instead on input line 355.


LaTeX Font Warning: Font shape `T1/lmr/m/scit' undefined
(Font)              using `T1/lmr/m/scsl' instead on input line 355.


LaTeX Font Warning: Font shape `T1/lmr/m/scit' undefined
(Font)              using `T1/lmr/m/scsl' instead on input line 356.


LaTeX Warning: Reference `sec:gmeter' on page 184 undefined on input line 363.



[184 <../theory_v2/fig_v4_rate.png>]
Overfull \hbox (14.6366pt too wide) in paragraph at lines 378--387
[][]\T1/lmr/bx/sc/10.95 (-20) Lemma C.4 \T1/lmr/m/n/10.95 (-20) (The swap)\T1/l
mr/bx/sc/10.95 (-20) . []\T1/lmr/m/it/10.95 (-20) In each out-put space there i
s an in-vo-lu-tion $\OML/lmm/m/it/10.95 P \OMS/lmsy/m/n/10.95 7! \OML/lmm/m/it/
10.95 P[]$ \T1/lmr/m/it/10.95 (-20) with $[]\OT1/lmr/m/n/10.95 (-20) (\OML/lmm/
m/it/10.95 L\OT1/lmr/m/n/10.95 (-20) (\OML/lmm/m/it/10.95 P\OT1/lmr/m/n/10.95 (
-20) )\OML/lmm/m/it/10.95 ; L\OT1/lmr/m/n/10.95 (-20) (\OML/lmm/m/it/10.95 P[]\
OT1/lmr/m/n/10.95 (-20) )) =
 []


LaTeX Warning: Reference `sec:gmeter' on page 185 undefined on input line 429.


LaTeX Warning: Reference `sec:gmeter' on page 185 undefined on input line 431.


LaTeX Warning: Reference `sec:gmeter' on page 185 undefined on input line 433.



[185]
<../theory_v2/fig_conj1_closure.png, id=3870, 794.97pt x 231.264pt>
File: ../theory_v2/fig_conj1_closure.png Graphic file (type png)
<use ../theory_v2/fig_conj1_closure.png>
Package pdftex.def Info: ../theory_v2/fig_conj1_closure.png  used on input line
 460.
(pdftex.def)             Requested size: 425.5245pt x 123.7903pt.


LaTeX Warning: Reference `sec:gmeter' on page 186 undefined on input line 475.

))

[186 <../theory_v2/fig_conj1_closure.png>]

[187] (./references.tex

[188


]

[189]

[190]

[191])

[192] (./main.aux)
 ***********
LaTeX2e <2024-11-01> patch level 2
L3 programming layer <2025-01-18>
 ***********


LaTeX Font Warning: Some font shapes were not available, defaults substituted.


LaTeX Warning: There were undefined references.

Package rerunfilecheck Info: File `main.out' has not changed.
(rerunfilecheck)             Checksum: 6B4CE2A9B1C44AAA3B036717493195D5;44678.
 ) 
Here is how much of TeX's memory you used:
 16409 strings out of 473190
 266932 string characters out of 5704335
 770059 words of memory out of 5000000
 37737 multiletter control sequences out of 15000+600000
 799325 words of font info for 501 fonts, out of 8000000 for 9000
 1141 hyphenation exceptions out of 8191
 75i,13n,79p,1001b,710s stack positions out of 10000i,1000n,20000p,200000b,200000s
</opt/homebrew/Cellar/texlive/20250308_2/share/texmf-dist/fonts/type1/public/
amsfonts/euler/eufm10.pfb></opt/homebrew/Cellar/texlive/20250308_2/share/texmf-
dist/fonts/type1/public/lm/lmbx10.pfb></opt/homebrew/Cellar/texlive/20250308_2/
share/texmf-dist/fonts/type1/public/lm/lmbx12.pfb></opt/homebrew/Cellar/texlive
/20250308_2/share/texmf-dist/fonts/type1/public/lm/lmbx8.pfb></opt/homebrew/Cel
lar/texlive/20250308_2/share/texmf-dist/fonts/type1/public/lm/lmbx9.pfb></opt/h
omebrew/Cellar/texlive/20250308_2/share/texmf-dist/fonts/type1/public/lm/lmbxi1
0.pfb></opt/homebrew/Cellar/texlive/20250308_2/share/texmf-dist/fonts/type1/pub
lic/lm/lmcsc10.pfb></opt/homebrew/Cellar/texlive/20250308_2/share/texmf-dist/fo
nts/type1/public/lm/lmcsco10.pfb></opt/homebrew/Cellar/texlive/20250308_2/share
/texmf-dist/fonts/type1/public/lm/lmex10.pfb></opt/homebrew/Cellar/texlive/2025
0308_2/share/texmf-dist/fonts/type1/public/lm/lmmi10.pfb></opt/homebrew/Cellar/
texlive/20250308_2/share/texmf-dist/fonts/type1/public/lm/lmmi12.pfb></opt/home
brew/Cellar/texlive/20250308_2/share/texmf-dist/fonts/type1/public/lm/lmmi6.pfb
></opt/homebrew/Cellar/texlive/20250308_2/share/texmf-dist/fonts/type1/public/l
m/lmmi7.pfb></opt/homebrew/Cellar/texlive/20250308_2/share/texmf-dist/fonts/typ
e1/public/lm/lmmi8.pfb></opt/homebrew/Cellar/texlive/20250308_2/share/texmf-dis
t/fonts/type1/public/lm/lmmi9.pfb></opt/homebrew/Cellar/texlive/20250308_2/shar
e/texmf-dist/fonts/type1/public/lm/lmr10.pfb></opt/homebrew/Cellar/texlive/2025
0308_2/share/texmf-dist/fonts/type1/public/lm/lmr12.pfb></opt/homebrew/Cellar/t
exlive/20250308_2/share/texmf-dist/fonts/type1/public/lm/lmr17.pfb></opt/homebr
ew/Cellar/texlive/20250308_2/share/texmf-dist/fonts/type1/public/lm/lmr6.pfb></
opt/homebrew/Cellar/texlive/20250308_2/share/texmf-dist/fonts/type1/public/lm/l
mr7.pfb></opt/homebrew/Cellar/texlive/20250308_2/share/texmf-dist/fonts/type1/p
ublic/lm/lmr8.pfb></opt/homebrew/Cellar/texlive/20250308_2/share/texmf-dist/fon
ts/type1/public/lm/lmr9.pfb></opt/homebrew/Cellar/texlive/20250308_2/share/texm
f-dist/fonts/type1/public/lm/lmri10.pfb></opt/homebrew/Cellar/texlive/20250308_
2/share/texmf-dist/fonts/type1/public/lm/lmri12.pfb></opt/homebrew/Cellar/texli
ve/20250308_2/share/texmf-dist/fonts/type1/public/lm/lmro10.pfb></opt/homebrew/
Cellar/texlive/20250308_2/share/texmf-dist/fonts/type1/public/lm/lmsy10.pfb></o
pt/homebrew/Cellar/texlive/20250308_2/share/texmf-dist/fonts/type1/public/lm/lm
sy6.pfb></opt/homebrew/Cellar/texlive/20250308_2/share/texmf-dist/fonts/type1/p
ublic/lm/lmsy7.pfb></opt/homebrew/Cellar/texlive/20250308_2/share/texmf-dist/fo
nts/type1/public/lm/lmsy8.pfb></opt/homebrew/Cellar/texlive/20250308_2/share/te
xmf-dist/fonts/type1/public/lm/lmsy9.pfb></opt/homebrew/Cellar/texlive/20250308
_2/share/texmf-dist/fonts/type1/public/lm/lmtk10.pfb></opt/homebrew/Cellar/texl
ive/20250308_2/share/texmf-dist/fonts/type1/public/lm/lmtt10.pfb></opt/homebrew
/Cellar/texlive/20250308_2/share/texmf-dist/fonts/type1/public/lm/lmtti10.pfb><
/opt/homebrew/Cellar/texlive/20250308_2/share/texmf-dist/fonts/type1/public/ams
fonts/symbols/msam10.pfb></opt/homebrew/Cellar/texlive/20250308_2/share/texmf-d
ist/fonts/type1/public/amsfonts/symbols/msbm10.pfb>
Output written on main.pdf (209 pages, 3073961 bytes).
PDF statistics:
 4265 PDF objects out of 4296 (max. 8388607)
 3689 compressed objects within 37 object streams
 894 named destinations out of 1000 (max. 500000)
 136869 words of extra memory for PDF output out of 154059 (max. 10000000)

